Archive member included to satisfy reference by file (symbol)

c:/vsarm/armcc/125863~1.3re/bin/../lib/gcc/arm-none-eabi/12.3.1/thumb/v6-m/nofp\libgcc.a(_dvmd_tls.o)
                              CMakeFiles/EEPROM.dir/C_/VSARM/sdk/pico/pico-sdk/src/rp2_common/pico_divider/divider.S.obj (__aeabi_idiv0)
c:/vsarm/armcc/125863~1.3re/bin/../lib/gcc/arm-none-eabi/12.3.1/thumb/v6-m/nofp\libg.a(libc_a-calloc.o)
                              CMakeFiles/EEPROM.dir/C_/VSARM/sdk/pico/pico-sdk/src/rp2_common/pico_malloc/pico_malloc.c.obj (calloc)
c:/vsarm/armcc/125863~1.3re/bin/../lib/gcc/arm-none-eabi/12.3.1/thumb/v6-m/nofp\libg.a(libc_a-callocr.o)
                              c:/vsarm/armcc/125863~1.3re/bin/../lib/gcc/arm-none-eabi/12.3.1/thumb/v6-m/nofp\libg.a(libc_a-calloc.o) (_calloc_r)
c:/vsarm/armcc/125863~1.3re/bin/../lib/gcc/arm-none-eabi/12.3.1/thumb/v6-m/nofp\libg.a(libc_a-malloc.o)
                              CMakeFiles/EEPROM.dir/C_/VSARM/sdk/pico/pico-sdk/src/rp2_common/pico_malloc/pico_malloc.c.obj (malloc)
c:/vsarm/armcc/125863~1.3re/bin/../lib/gcc/arm-none-eabi/12.3.1/thumb/v6-m/nofp\libg.a(libc_a-mallocr.o)
                              c:/vsarm/armcc/125863~1.3re/bin/../lib/gcc/arm-none-eabi/12.3.1/thumb/v6-m/nofp\libg.a(libc_a-callocr.o) (_malloc_r)
c:/vsarm/armcc/125863~1.3re/bin/../lib/gcc/arm-none-eabi/12.3.1/thumb/v6-m/nofp\libg.a(libc_a-mlock.o)
                              c:/vsarm/armcc/125863~1.3re/bin/../lib/gcc/arm-none-eabi/12.3.1/thumb/v6-m/nofp\libg.a(libc_a-mallocr.o) (__malloc_lock)
c:/vsarm/armcc/125863~1.3re/bin/../lib/gcc/arm-none-eabi/12.3.1/thumb/v6-m/nofp\libg.a(libc_a-realloc.o)
                              CMakeFiles/EEPROM.dir/C_/VSARM/sdk/pico/pico-sdk/src/rp2_common/pico_malloc/pico_malloc.c.obj (realloc)
c:/vsarm/armcc/125863~1.3re/bin/../lib/gcc/arm-none-eabi/12.3.1/thumb/v6-m/nofp\libg.a(libc_a-reallocr.o)
                              c:/vsarm/armcc/125863~1.3re/bin/../lib/gcc/arm-none-eabi/12.3.1/thumb/v6-m/nofp\libg.a(libc_a-realloc.o) (_realloc_r)
c:/vsarm/armcc/125863~1.3re/bin/../lib/gcc/arm-none-eabi/12.3.1/thumb/v6-m/nofp\libg.a(libc_a-memmove.o)
                              c:/vsarm/armcc/125863~1.3re/bin/../lib/gcc/arm-none-eabi/12.3.1/thumb/v6-m/nofp\libg.a(libc_a-reallocr.o) (memmove)
c:/vsarm/armcc/125863~1.3re/bin/../lib/gcc/arm-none-eabi/12.3.1/thumb/v6-m/nofp\libg.a(libc_a-impure.o)
                              c:/vsarm/armcc/125863~1.3re/bin/../lib/gcc/arm-none-eabi/12.3.1/thumb/v6-m/nofp\libg.a(libc_a-calloc.o) (_impure_ptr)
c:/vsarm/armcc/125863~1.3re/bin/../lib/gcc/arm-none-eabi/12.3.1/thumb/v6-m/nofp\libg.a(libc_a-sbrkr.o)
                              c:/vsarm/armcc/125863~1.3re/bin/../lib/gcc/arm-none-eabi/12.3.1/thumb/v6-m/nofp\libg.a(libc_a-mallocr.o) (_sbrk_r)
c:/vsarm/armcc/125863~1.3re/bin/../lib/gcc/arm-none-eabi/12.3.1/thumb/v6-m/nofp\libg.a(libc_a-errno.o)
                              c:/vsarm/armcc/125863~1.3re/bin/../lib/gcc/arm-none-eabi/12.3.1/thumb/v6-m/nofp\libg.a(libc_a-callocr.o) (__errno)
c:/vsarm/armcc/125863~1.3re/bin/../lib/gcc/arm-none-eabi/12.3.1/thumb/v6-m/nofp\libg.a(libc_a-init.o)
                              c:/vsarm/armcc/125863~1.3re/bin/../lib/gcc/arm-none-eabi/12.3.1/thumb/v6-m/nofp/crt0.o (__libc_init_array)
c:/vsarm/armcc/125863~1.3re/bin/../lib/gcc/arm-none-eabi/12.3.1/thumb/v6-m/nofp\libg.a(libc_a-lock.o)
                              c:/vsarm/armcc/125863~1.3re/bin/../lib/gcc/arm-none-eabi/12.3.1/thumb/v6-m/nofp\libg.a(libc_a-mlock.o) (__retarget_lock_acquire_recursive)
c:/vsarm/armcc/125863~1.3re/bin/../lib/gcc/arm-none-eabi/12.3.1/thumb/v6-m/nofp\libg.a(libc_a-sysconf.o)
                              c:/vsarm/armcc/125863~1.3re/bin/../lib/gcc/arm-none-eabi/12.3.1/thumb/v6-m/nofp\libg.a(libc_a-mallocr.o) (sysconf)
c:/vsarm/armcc/125863~1.3re/bin/../lib/gcc/arm-none-eabi/12.3.1/thumb/v6-m/nofp\libg.a(libc_a-strlen-stub.o)
                              CMakeFiles/EEPROM.dir/C_/VSARM/sdk/pico/pico-sdk/src/rp2_common/pico_stdio/stdio.c.obj (strlen)
c:/vsarm/armcc/125863~1.3re/bin/../lib/gcc/arm-none-eabi/12.3.1/thumb/v6-m/nofp\libg.a(libc_a-freer.o)
                              c:/vsarm/armcc/125863~1.3re/bin/../lib/gcc/arm-none-eabi/12.3.1/thumb/v6-m/nofp\libg.a(libc_a-malloc.o) (_free_r)
c:/vsarm/armcc/125863~1.3re/bin/../lib/gcc/arm-none-eabi/12.3.1/thumb/v6-m/nofp\libg.a(libc_a-findfp.o)
                              c:/vsarm/armcc/125863~1.3re/bin/../lib/gcc/arm-none-eabi/12.3.1/thumb/v6-m/nofp\libg.a(libc_a-impure.o) (__sf)
c:/vsarm/armcc/125863~1.3re/bin/../lib/gcc/arm-none-eabi/12.3.1/thumb/v6-m/nofp\libg.a(libc_a-fwalk.o)
                              c:/vsarm/armcc/125863~1.3re/bin/../lib/gcc/arm-none-eabi/12.3.1/thumb/v6-m/nofp\libg.a(libc_a-findfp.o) (_fwalk_sglue)
c:/vsarm/armcc/125863~1.3re/bin/../lib/gcc/arm-none-eabi/12.3.1/thumb/v6-m/nofp\libg.a(libc_a-stdio.o)
[...]
Memory Configuration

Name             Origin             Length             Attributes
FLASH            0x10000000         0x00200000         xr
RAM              0x20000000         0x00040000         xrw
SCRATCH_X        0x20040000         0x00001000         xrw
SCRATCH_Y        0x20041000         0x00001000         xrw
*default*        0x00000000         0xffffffff

Linker script and memory map

LOAD c:/vsarm/armcc/125863~1.3re/bin/../lib/gcc/arm-none-eabi/12.3.1/thumb/v6-m/nofp/crti.o
LOAD c:/vsarm/armcc/125863~1.3re/bin/../lib/gcc/arm-none-eabi/12.3.1/thumb/v6-m/nofp/crtbegin.o
LOAD c:/vsarm/armcc/125863~1.3re/bin/../lib/gcc/arm-none-eabi/12.3.1/thumb/v6-m/nofp/crt0.o

.flash_begin    0x10000000        0x0
                0x10000000                        __flash_binary_start = .

.boot2          0x10000000      0x100
                0x10000000                        __boot2_start__ = .
 *(.boot2)
 .boot2         0x10000000      0x100 C:\Users\phuon\AppData\Local\Temp\ccikr2Kc.o
                0x10000100                        __boot2_end__ = .
                0x00000001                        ASSERT (((__boot2_end__ - __boot2_start__) == 0x100), ERROR: Pico second stage bootloader must be 256 bytes in size)

.text           0x10000100     0x6c80
                0x10000100                        __logical_binary_start = .
 *(.vectors)
 .vectors       0x10000100       0xd4 CMakeFiles/EEPROM.dir/C_/VSARM/sdk/pico/pico-sdk/src/rp2_common/pico_standard_link/crt0.S.obj
                0x10000100                __VECTOR_TABLE
                0x10000100                __vectors
                0x100001c0                isr_invalid
                0x100001c0                __default_isrs_start
                0x100001c2                isr_nmi
                0x100001c4                isr_hardfault
                0x100001c6                isr_svcall
                0x100001c8                isr_pendsv
                0x100001ca                isr_systick
                0x100001cc                isr_irq23
                0x100001cc                isr_irq18
                0x100001cc                isr_irq11
                0x100001cc                isr_irq28
                0x100001cc                isr_irq19
                0x100001cc                isr_irq0
                0x100001cc                isr_irq6
                0x100001cc                isr_irq5
                0x100001cc                isr_irq12
                0x100001cc                isr_irq22
                0x100001cc                isr_irq31
                0x100001cc                isr_irq17
                0x100001cc                isr_irq27
                0x100001cc                isr_irq30
                0x100001cc                isr_irq2
                0x100001cc                isr_irq10
                0x100001cc                isr_irq8
                0x100001cc                isr_irq24
                0x100001cc                isr_irq1
                0x100001cc                isr_irq7
                0x100001cc                isr_irq21
                0x100001cc                isr_irq20
                0x100001cc                isr_irq15
                0x100001cc                isr_irq25
                0x100001cc                isr_irq13
                0x100001cc                __unhandled_user_irq
                0x100001cc                isr_irq4
                0x100001cc                isr_irq16
                0x100001cc                isr_irq29
                0x100001cc                isr_irq26
                0x100001cc                __default_isrs_end
                0x100001cc                isr_irq3
                0x100001cc                isr_irq14
                0x100001cc                isr_irq9
                0x100001d2                unhandled_user_irq_num_in_r0
 *(.binary_info_header)
 .binary_info_header
                0x100001d4       0x14 CMakeFiles/EEPROM.dir/C_/VSARM/sdk/pico/pico-sdk/src/rp2_common/pico_standard_link/crt0.S.obj
                0x100001e8                        __binary_info_header_end = .
 *(.reset)
 .reset         0x100001e8       0xa0 CMakeFiles/EEPROM.dir/C_/VSARM/sdk/pico/pico-sdk/src/rp2_common/pico_standard_link/crt0.S.obj
                0x100001e8                _entry_point
 .reset         0x10000288       0x30 CMakeFiles/EEPROM.dir/C_/VSARM/sdk/pico/pico-sdk/src/rp2_common/pico_standard_link/binary_info.c.obj
 *(.init)
 .init          0x100002b8        0x4 c:/vsarm/armcc/125863~1.3re/bin/../lib/gcc/arm-none-eabi/12.3.1/thumb/v6-m/nofp/crti.o
                0x100002b8                _init
 *(EXCLUDE_FILE(*libm.a: *libc.a:*lib_a-mem*.o *libgcc.a:) .text*)
 .text.register_tm_clones
                0x100002bc       0x28 c:/vsarm/armcc/125863~1.3re/bin/../lib/gcc/arm-none-eabi/12.3.1/thumb/v6-m/nofp/crtbegin.o
 .text.frame_dummy
                0x100002e4       0x24 c:/vsarm/armcc/125863~1.3re/bin/../lib/gcc/arm-none-eabi/12.3.1/thumb/v6-m/nofp/crtbegin.o
 .text.main     0x10000308       0x90 CMakeFiles/EEPROM.dir/main.c.obj
                0x10000308                main
 .text.init_button
                0x10000398       0x2e CMakeFiles/EEPROM.dir/BTN/BTN.c.obj
                0x10000398                init_button
 .text.is_button_clicked
                0x100003c6       0x3e CMakeFiles/EEPROM.dir/BTN/BTN.c.obj
                0x100003c6                is_button_clicked
 .text.init_led
                0x10000404       0x20 CMakeFiles/EEPROM.dir/LED/LED.c.obj
                0x10000404                init_led
 .text.blink_led
                0x10000424       0x1a CMakeFiles/EEPROM.dir/LED/LED.c.obj
                0x10000424                blink_led
 .text.check_led_state
                0x1000043e       0x16 CMakeFiles/EEPROM.dir/LED/LED.c.obj
                0x1000043e                check_led_state
 .text.gpio_set_function
                0x10000454       0x30 CMakeFiles/EEPROM.dir/C_/VSARM/sdk/pico/pico-sdk/src/rp2_common/hardware_gpio/gpio.c.obj
                0x10000454                gpio_set_function
 .text.gpio_set_pulls
                0x10000484       0x34 CMakeFiles/EEPROM.dir/C_/VSARM/sdk/pico/pico-sdk/src/rp2_common/hardware_gpio/gpio.c.obj
                0x10000484                gpio_set_pulls
 .text.gpio_init
                0x100004b8       0x16 CMakeFiles/EEPROM.dir/C_/VSARM/sdk/pico/pico-sdk/src/rp2_common/hardware_gpio/gpio.c.obj
                0x100004b8                gpio_init
 *fill*         0x100004ce        0x2 
 .text.running_on_fpga
                0x100004d0       0x14 CMakeFiles/EEPROM.dir/C_/VSARM/sdk/pico/pico-sdk/src/rp2_common/pico_platform/platform.c.obj
                0x100004d0                running_on_fpga
 .text.hw_claim_lock
                0x100004e4       0x18 CMakeFiles/EEPROM.dir/C_/VSARM/sdk/pico/pico-sdk/src/rp2_common/hardware_claim/claim.c.obj
                0x100004e4                hw_claim_lock
 .text.hw_claim_unlock
                0x100004fc       0x14 CMakeFiles/EEPROM.dir/C_/VSARM/sdk/pico/pico-sdk/src/rp2_common/hardware_claim/claim.c.obj
                0x100004fc                hw_claim_unlock
 .text.hw_claim_or_assert
                0x10000510       0x32 CMakeFiles/EEPROM.dir/C_/VSARM/sdk/pico/pico-sdk/src/rp2_common/hardware_claim/claim.c.obj
                0x10000510                hw_claim_or_assert
 .text.hw_claim_unused_from_range
                0x10000542       0x50 CMakeFiles/EEPROM.dir/C_/VSARM/sdk/pico/pico-sdk/src/rp2_common/hardware_claim/claim.c.obj
                0x10000542                hw_claim_unused_from_range
 *fill*         0x10000592        0x2 
 .text.spin_locks_reset
                0x10000594       0x20 CMakeFiles/EEPROM.dir/C_/VSARM/sdk/pico/pico-sdk/src/rp2_common/hardware_sync/sync.c.obj
                0x10000594                spin_locks_reset
 .text.next_striped_spin_lock_num
                0x100005b4       0x1c CMakeFiles/EEPROM.dir/C_/VSARM/sdk/pico/pico-sdk/src/rp2_common/hardware_sync/sync.c.obj
                0x100005b4                next_striped_spin_lock_num
 .text.spin_lock_claim_unused
                0x100005d0       0x24 CMakeFiles/EEPROM.dir/C_/VSARM/sdk/pico/pico-sdk/src/rp2_common/hardware_sync/sync.c.obj
                0x100005d0                spin_lock_claim_unused
 .text.set_raw_irq_handler_and_unlock
                0x100005f4       0x28 CMakeFiles/EEPROM.dir/C_/VSARM/sdk/pico/pico-sdk/src/rp2_common/hardware_irq/irq.c.obj
 .text.resolve_branch
                0x1000061c       0x30 CMakeFiles/EEPROM.dir/C_/VSARM/sdk/pico/pico-sdk/src/rp2_common/hardware_irq/irq.c.obj
 .text.make_branch
                0x1000064c       0x48 CMakeFiles/EEPROM.dir/C_/VSARM/sdk/pico/pico-sdk/src/rp2_common/hardware_irq/irq.c.obj
 .text.insert_branch_and_link
                0x10000694       0x40 CMakeFiles/EEPROM.dir/C_/VSARM/sdk/pico/pico-sdk/src/rp2_common/hardware_irq/irq.c.obj
 .text.irq_is_enabled
                0x100006d4       0x18 CMakeFiles/EEPROM.dir/C_/VSARM/sdk/pico/pico-sdk/src/rp2_common/hardware_irq/irq.c.obj
                0x100006d4                irq_is_enabled
 .text.irq_set_mask_enabled
                0x100006ec       0x20 CMakeFiles/EEPROM.dir/C_/VSARM/sdk/pico/pico-sdk/src/rp2_common/hardware_irq/irq.c.obj
                0x100006ec                irq_set_mask_enabled
 .text.irq_set_enabled
                0x1000070c        0xe CMakeFiles/EEPROM.dir/C_/VSARM/sdk/pico/pico-sdk/src/rp2_common/hardware_irq/irq.c.obj
                0x1000070c                irq_set_enabled
 *fill*         0x1000071a        0x2 
 .text.irq_set_pending
                0x1000071c       0x10 CMakeFiles/EEPROM.dir/C_/VSARM/sdk/pico/pico-sdk/src/rp2_common/hardware_irq/irq.c.obj
                0x1000071c                irq_set_pending
 .text.irq_get_vtable_handler
                0x1000072c       0x10 CMakeFiles/EEPROM.dir/C_/VSARM/sdk/pico/pico-sdk/src/rp2_common/hardware_irq/irq.c.obj
                0x1000072c                irq_get_vtable_handler
 .text.irq_has_shared_handler
                0x1000073c       0x24 CMakeFiles/EEPROM.dir/C_/VSARM/sdk/pico/pico-sdk/src/rp2_common/hardware_irq/irq.c.obj
                0x1000073c                irq_has_shared_handler
 .text.irq_set_exclusive_handler
                0x10000760       0x54 CMakeFiles/EEPROM.dir/C_/VSARM/sdk/pico/pico-sdk/src/rp2_common/hardware_irq/irq.c.obj
                0x10000760                irq_set_exclusive_handler
 .text.irq_add_shared_handler
                0x100007b4      0x210 CMakeFiles/EEPROM.dir/C_/VSARM/sdk/pico/pico-sdk/src/rp2_common/hardware_irq/irq.c.obj
                0x100007b4                irq_add_shared_handler
 .text.irq_remove_handler
                0x100009c4      0x188 CMakeFiles/EEPROM.dir/C_/VSARM/sdk/pico/pico-sdk/src/rp2_common/hardware_irq/irq.c.obj
                0x100009c4                irq_remove_handler
 .text.irq_add_tail_to_free_list
                0x10000b4c       0xf0 CMakeFiles/EEPROM.dir/C_/VSARM/sdk/pico/pico-sdk/src/rp2_common/hardware_irq/irq.c.obj
                0x10000b4c                irq_add_tail_to_free_list
 .text.irq_init_priorities
                0x10000c3c       0x1c CMakeFiles/EEPROM.dir/C_/VSARM/sdk/pico/pico-sdk/src/rp2_common/hardware_irq/irq.c.obj
                0x10000c3c                irq_init_priorities
 .text.user_irq_claim_unused
                0x10000c58       0x2c CMakeFiles/EEPROM.dir/C_/VSARM/sdk/pico/pico-sdk/src/rp2_common/hardware_irq/irq.c.obj
                0x10000c58                user_irq_claim_unused
 .text.lock_init
                0x10000c84       0x10 CMakeFiles/EEPROM.dir/C_/VSARM/sdk/pico/pico-sdk/src/common/pico_sync/lock_core.c.obj
                0x10000c84                lock_init
 .text.update_us_since_boot
                0x10000c94       0x24 CMakeFiles/EEPROM.dir/C_/VSARM/sdk/pico/pico-sdk/src/common/pico_sync/mutex.c.obj
 .text.delayed_by_ms
                0x10000cb8       0x44 CMakeFiles/EEPROM.dir/C_/VSARM/sdk/pico/pico-sdk/src/common/pico_sync/mutex.c.obj
 .text.get_absolute_time
                0x10000cfc       0x22 CMakeFiles/EEPROM.dir/C_/VSARM/sdk/pico/pico-sdk/src/common/pico_sync/mutex.c.obj
 .text.make_timeout_time_ms
                0x10000d1e       0x20 CMakeFiles/EEPROM.dir/C_/VSARM/sdk/pico/pico-sdk/src/common/pico_sync/mutex.c.obj
 .text.mutex_init
                0x10000d3e       0x1a CMakeFiles/EEPROM.dir/C_/VSARM/sdk/pico/pico-sdk/src/common/pico_sync/mutex.c.obj
                0x10000d3e                mutex_init
 .text.recursive_mutex_init
                0x10000d58       0x1e CMakeFiles/EEPROM.dir/C_/VSARM/sdk/pico/pico-sdk/src/common/pico_sync/mutex.c.obj
                0x10000d58                recursive_mutex_init
 *fill*         0x10000d76        0x2 
 .text.critical_section_init_with_lock_num
                0x10000d78       0x14 CMakeFiles/EEPROM.dir/C_/VSARM/sdk/pico/pico-sdk/src/common/pico_sync/critical_section.c.obj
                0x10000d78                critical_section_init_with_lock_num
 .text.critical_section_init
                0x10000d8c       0x14 CMakeFiles/EEPROM.dir/C_/VSARM/sdk/pico/pico-sdk/src/common/pico_sync/critical_section.c.obj
                0x10000d8c                critical_section_init
 .text.time_reached
                0x10000da0       0x28 CMakeFiles/EEPROM.dir/C_/VSARM/sdk/pico/pico-sdk/src/common/pico_time/time.c.obj
 .text.get_entry
                0x10000dc8       0x38 CMakeFiles/EEPROM.dir/C_/VSARM/sdk/pico/pico-sdk/src/common/pico_time/time.c.obj
 .text.timer_pool_entry_comparator
                0x10000e00       0x2e CMakeFiles/EEPROM.dir/C_/VSARM/sdk/pico/pico-sdk/src/common/pico_time/time.c.obj
                0x10000e00                timer_pool_entry_comparator
 *fill*         0x10000e2e        0x2 
 .text.update_us_since_boot
                0x10000e30       0x24 CMakeFiles/EEPROM.dir/C_/VSARM/sdk/pico/pico-sdk/src/common/pico_time/time.c.obj
 .text.delayed_by_us
                0x10000e54       0x34 CMakeFiles/EEPROM.dir/C_/VSARM/sdk/pico/pico-sdk/src/common/pico_time/time.c.obj
 .text.ph_get_node
                0x10000e88       0x30 CMakeFiles/EEPROM.dir/C_/VSARM/sdk/pico/pico-sdk/src/common/pico_time/time.c.obj
 .text.ph_contains_node
                0x10000eb8       0x1e CMakeFiles/EEPROM.dir/C_/VSARM/sdk/pico/pico-sdk/src/common/pico_time/time.c.obj
 .text.ph_new_node
                0x10000ed6       0x28 CMakeFiles/EEPROM.dir/C_/VSARM/sdk/pico/pico-sdk/src/common/pico_time/time.c.obj
 *fill*         0x10000efe        0x2 
 .text.ph_add_child_node
                0x10000f00       0x6c CMakeFiles/EEPROM.dir/C_/VSARM/sdk/pico/pico-sdk/src/common/pico_time/time.c.obj
 .text.ph_merge_nodes
                0x10000f6c       0x3e CMakeFiles/EEPROM.dir/C_/VSARM/sdk/pico/pico-sdk/src/common/pico_time/time.c.obj
 *fill*         0x10000faa        0x2 
 .text.ph_insert_node
                0x10000fac       0x3c CMakeFiles/EEPROM.dir/C_/VSARM/sdk/pico/pico-sdk/src/common/pico_time/time.c.obj
 .text.ph_free_node
                0x10000fe8       0x5c CMakeFiles/EEPROM.dir/C_/VSARM/sdk/pico/pico-sdk/src/common/pico_time/time.c.obj
 .text.get_entry_id_high
                0x10001044       0x30 CMakeFiles/EEPROM.dir/C_/VSARM/sdk/pico/pico-sdk/src/common/pico_time/time.c.obj
 .text.alarm_pool_post_alloc_init
                0x10001074       0x40 CMakeFiles/EEPROM.dir/C_/VSARM/sdk/pico/pico-sdk/src/common/pico_time/time.c.obj
 .text.sleep_until_callback
                0x100010b4       0x30 CMakeFiles/EEPROM.dir/C_/VSARM/sdk/pico/pico-sdk/src/common/pico_time/time.c.obj
 .text.get_absolute_time
                0x100010e4       0x22 CMakeFiles/EEPROM.dir/C_/VSARM/sdk/pico/pico-sdk/src/common/pico_time/time.c.obj
 .text.make_timeout_time_us
                0x10001106       0x24 CMakeFiles/EEPROM.dir/C_/VSARM/sdk/pico/pico-sdk/src/common/pico_time/time.c.obj
 *fill*         0x1000112a        0x2 
 .text.add_alarm_under_lock
                0x1000112c       0x94 CMakeFiles/EEPROM.dir/C_/VSARM/sdk/pico/pico-sdk/src/common/pico_time/time.c.obj
 .text.alarm_pool_alarm_callback
                0x100011c0      0x210 CMakeFiles/EEPROM.dir/C_/VSARM/sdk/pico/pico-sdk/src/common/pico_time/time.c.obj
 .text.alarm_pool_init_default
                0x100013d0       0x40 CMakeFiles/EEPROM.dir/C_/VSARM/sdk/pico/pico-sdk/src/common/pico_time/time.c.obj
                0x100013d0                alarm_pool_init_default
 .text.alarm_pool_get_default
                0x10001410       0x2c CMakeFiles/EEPROM.dir/C_/VSARM/sdk/pico/pico-sdk/src/common/pico_time/time.c.obj
                0x10001410                alarm_pool_get_default
 .text.alarm_pool_add_alarm_at
                0x1000143c      0x10e CMakeFiles/EEPROM.dir/C_/VSARM/sdk/pico/pico-sdk/src/common/pico_time/time.c.obj
                0x1000143c                alarm_pool_add_alarm_at
 .text.add_alarm_at
                0x1000154a       0x2e CMakeFiles/EEPROM.dir/C_/VSARM/sdk/pico/pico-sdk/src/common/pico_time/time.c.obj
 .text.alarm_pool_cancel_alarm
                0x10001578       0xa8 CMakeFiles/EEPROM.dir/C_/VSARM/sdk/pico/pico-sdk/src/common/pico_time/time.c.obj
                0x10001578                alarm_pool_cancel_alarm
 .text.cancel_alarm
                0x10001620       0x10 CMakeFiles/EEPROM.dir/C_/VSARM/sdk/pico/pico-sdk/src/common/pico_time/time.c.obj
 .text.alarm_pool_core_num
                0x10001630        0x4 CMakeFiles/EEPROM.dir/C_/VSARM/sdk/pico/pico-sdk/src/common/pico_time/time.c.obj
                0x10001630                alarm_pool_core_num
 .text.sleep_until
                0x10001634       0xb0 CMakeFiles/EEPROM.dir/C_/VSARM/sdk/pico/pico-sdk/src/common/pico_time/time.c.obj
                0x10001634                sleep_until
 .text.sleep_us
                0x100016e4       0x1a CMakeFiles/EEPROM.dir/C_/VSARM/sdk/pico/pico-sdk/src/common/pico_time/time.c.obj
                0x100016e4                sleep_us
 .text.sleep_ms
                0x100016fe       0x14 CMakeFiles/EEPROM.dir/C_/VSARM/sdk/pico/pico-sdk/src/common/pico_time/time.c.obj
                0x100016fe                sleep_ms
 *fill*         0x10001712        0x2 
 .text.best_effort_wfe_or_timeout
                0x10001714       0x44 CMakeFiles/EEPROM.dir/C_/VSARM/sdk/pico/pico-sdk/src/common/pico_time/time.c.obj
                0x10001714                best_effort_wfe_or_timeout
 .text.hardware_alarm_irq_handler
                0x10001758       0x8c CMakeFiles/EEPROM.dir/C_/VSARM/sdk/pico/pico-sdk/src/rp2_common/hardware_timer/timer.c.obj
 .text.hardware_alarm_claim
                0x100017e4       0x18 CMakeFiles/EEPROM.dir/C_/VSARM/sdk/pico/pico-sdk/src/rp2_common/hardware_timer/timer.c.obj
                0x100017e4                hardware_alarm_claim
 .text.time_us_64
                0x100017fc       0x18 CMakeFiles/EEPROM.dir/C_/VSARM/sdk/pico/pico-sdk/src/rp2_common/hardware_timer/timer.c.obj
                0x100017fc                time_us_64
 .text.busy_wait_until
                0x10001814       0x28 CMakeFiles/EEPROM.dir/C_/VSARM/sdk/pico/pico-sdk/src/rp2_common/hardware_timer/timer.c.obj
                0x10001814                busy_wait_until
 .text.hardware_alarm_set_callback
                0x1000183c       0x90 CMakeFiles/EEPROM.dir/C_/VSARM/sdk/pico/pico-sdk/src/rp2_common/hardware_timer/timer.c.obj
                0x1000183c                hardware_alarm_set_callback
 .text.hardware_alarm_set_target
                0x100018cc       0xe8 CMakeFiles/EEPROM.dir/C_/VSARM/sdk/pico/pico-sdk/src/rp2_common/hardware_timer/timer.c.obj
                0x100018cc                hardware_alarm_set_target
 .text.hardware_alarm_cancel
                0x100019b4       0x40 CMakeFiles/EEPROM.dir/C_/VSARM/sdk/pico/pico-sdk/src/rp2_common/hardware_timer/timer.c.obj
                0x100019b4                hardware_alarm_cancel
 .text.ph_get_node
                0x100019f4       0x30 CMakeFiles/EEPROM.dir/C_/VSARM/sdk/pico/pico-sdk/src/common/pico_util/pheap.c.obj
 .text.ph_add_child_node
                0x10001a24       0x6c CMakeFiles/EEPROM.dir/C_/VSARM/sdk/pico/pico-sdk/src/common/pico_util/pheap.c.obj
 .text.ph_merge_nodes
                0x10001a90       0x3e CMakeFiles/EEPROM.dir/C_/VSARM/sdk/pico/pico-sdk/src/common/pico_util/pheap.c.obj
 .text.ph_clear
                0x10001ace       0x34 CMakeFiles/EEPROM.dir/C_/VSARM/sdk/pico/pico-sdk/src/common/pico_util/pheap.c.obj
                0x10001ace                ph_clear
 .text.ph_post_alloc_init
                0x10001b02        0xe CMakeFiles/EEPROM.dir/C_/VSARM/sdk/pico/pico-sdk/src/common/pico_util/pheap.c.obj
                0x10001b02                ph_post_alloc_init
 .text.ph_merge_two_pass
                0x10001b10       0x5c CMakeFiles/EEPROM.dir/C_/VSARM/sdk/pico/pico-sdk/src/common/pico_util/pheap.c.obj
                0x10001b10                ph_merge_two_pass
 .text.ph_remove_any_head
                0x10001b6c       0xc0 CMakeFiles/EEPROM.dir/C_/VSARM/sdk/pico/pico-sdk/src/common/pico_util/pheap.c.obj
 .text.ph_remove_head
                0x10001c2c       0x14 CMakeFiles/EEPROM.dir/C_/VSARM/sdk/pico/pico-sdk/src/common/pico_util/pheap.c.obj
                0x10001c2c                ph_remove_head
 .text.ph_remove_and_free_node
                0x10001c40       0xa0 CMakeFiles/EEPROM.dir/C_/VSARM/sdk/pico/pico-sdk/src/common/pico_util/pheap.c.obj
                0x10001c40                ph_remove_and_free_node
 .text.clock_configure
                0x10001ce0      0x108 CMakeFiles/EEPROM.dir/C_/VSARM/sdk/pico/pico-sdk/src/rp2_common/hardware_clocks/clocks.c.obj
                0x10001ce0                clock_configure
 .text.clocks_init
                0x10001de8      0x100 CMakeFiles/EEPROM.dir/C_/VSARM/sdk/pico/pico-sdk/src/rp2_common/hardware_clocks/clocks.c.obj
                0x10001de8                clocks_init
 .text.pll_init
                0x10001ee8      0x120 CMakeFiles/EEPROM.dir/C_/VSARM/sdk/pico/pico-sdk/src/rp2_common/hardware_pll/pll.c.obj
                0x10001ee8                pll_init
 .text.watchdog_start_tick
                0x10002008       0x10 CMakeFiles/EEPROM.dir/C_/VSARM/sdk/pico/pico-sdk/src/rp2_common/hardware_watchdog/watchdog.c.obj
                0x10002008                watchdog_start_tick
 .text.watchdog_update
                0x10002018       0x14 CMakeFiles/EEPROM.dir/C_/VSARM/sdk/pico/pico-sdk/src/rp2_common/hardware_watchdog/watchdog.c.obj
                0x10002018                watchdog_update
 .text._watchdog_enable
                0x1000202c       0x78 CMakeFiles/EEPROM.dir/C_/VSARM/sdk/pico/pico-sdk/src/rp2_common/hardware_watchdog/watchdog.c.obj
                0x1000202c                _watchdog_enable
 .text.watchdog_reboot
                0x100020a4       0x48 CMakeFiles/EEPROM.dir/C_/VSARM/sdk/pico/pico-sdk/src/rp2_common/hardware_watchdog/watchdog.c.obj
                0x100020a4                watchdog_reboot
 .text.xosc_init
                0x100020ec       0x28 CMakeFiles/EEPROM.dir/C_/VSARM/sdk/pico/pico-sdk/src/rp2_common/hardware_xosc/xosc.c.obj
                0x100020ec                xosc_init
 .text._exit    0x10002114        0x4 CMakeFiles/EEPROM.dir/C_/VSARM/sdk/pico/pico-sdk/src/rp2_common/pico_runtime/runtime.c.obj
                0x10002114                _exit
 .text.exit     0x10002118        0x6 CMakeFiles/EEPROM.dir/C_/VSARM/sdk/pico/pico-sdk/src/rp2_common/pico_runtime/runtime.c.obj
                0x10002118                exit
 *fill*         0x1000211e        0x2 
 .text.__assert_func
                0x10002120       0x38 CMakeFiles/EEPROM.dir/C_/VSARM/sdk/pico/pico-sdk/src/rp2_common/pico_runtime/runtime.c.obj
                0x10002120                __assert_func
 .text.runtime_init
                0x10002158       0xf8 CMakeFiles/EEPROM.dir/C_/VSARM/sdk/pico/pico-sdk/src/rp2_common/pico_runtime/runtime.c.obj
                0x10002158                runtime_init
 .text.panic    0x10002250       0x30 CMakeFiles/EEPROM.dir/C_/VSARM/sdk/pico/pico-sdk/src/rp2_common/pico_runtime/runtime.c.obj
                0x10002250                panic
 .text._out_null
                0x10002280        0x2 CMakeFiles/EEPROM.dir/C_/VSARM/sdk/pico/pico-sdk/src/rp2_common/pico_printf/printf.c.obj
 .text._out_fct
                0x10002282        0xe CMakeFiles/EEPROM.dir/C_/VSARM/sdk/pico/pico-sdk/src/rp2_common/pico_printf/printf.c.obj
 .text._atoi    0x10002290       0x24 CMakeFiles/EEPROM.dir/C_/VSARM/sdk/pico/pico-sdk/src/rp2_common/pico_printf/printf.c.obj
 .text._out_rev
                0x100022b4       0xae CMakeFiles/EEPROM.dir/C_/VSARM/sdk/pico/pico-sdk/src/rp2_common/pico_printf/printf.c.obj
 .text._ntoa_format
                0x10002362      0x110 CMakeFiles/EEPROM.dir/C_/VSARM/sdk/pico/pico-sdk/src/rp2_common/pico_printf/printf.c.obj
 .text._ntoa_long
                0x10002472       0xbc CMakeFiles/EEPROM.dir/C_/VSARM/sdk/pico/pico-sdk/src/rp2_common/pico_printf/printf.c.obj
 .text._ntoa_long_long
                0x1000252e      0x10e CMakeFiles/EEPROM.dir/C_/VSARM/sdk/pico/pico-sdk/src/rp2_common/pico_printf/printf.c.obj
 .text._etoa    0x1000263c      0x420 CMakeFiles/EEPROM.dir/C_/VSARM/sdk/pico/pico-sdk/src/rp2_common/pico_printf/printf.c.obj
 .text._ftoa    0x10002a5c      0x354 CMakeFiles/EEPROM.dir/C_/VSARM/sdk/pico/pico-sdk/src/rp2_common/pico_printf/printf.c.obj
 .text._vsnprintf
                0x10002db0      0x65c CMakeFiles/EEPROM.dir/C_/VSARM/sdk/pico/pico-sdk/src/rp2_common/pico_printf/printf.c.obj
 .text.vfctprintf
                0x1000340c       0x20 CMakeFiles/EEPROM.dir/C_/VSARM/sdk/pico/pico-sdk/src/rp2_common/pico_printf/printf.c.obj
                0x1000340c                vfctprintf
 .text          0x1000342c       0x10 CMakeFiles/EEPROM.dir/C_/VSARM/sdk/pico/pico-sdk/src/rp2_common/pico_bit_ops/bit_ops_aeabi.S.obj
 .text.rom_func_lookup
                0x1000343c       0x10 CMakeFiles/EEPROM.dir/C_/VSARM/sdk/pico/pico-sdk/src/rp2_common/pico_bootrom/bootrom.c.obj
                0x1000343c                rom_func_lookup
 .text.rom_data_lookup
                0x1000344c       0x10 CMakeFiles/EEPROM.dir/C_/VSARM/sdk/pico/pico-sdk/src/rp2_common/pico_bootrom/bootrom.c.obj
                0x1000344c                rom_data_lookup
 .text.rom_funcs_lookup
                0x1000345c       0x36 CMakeFiles/EEPROM.dir/C_/VSARM/sdk/pico/pico-sdk/src/rp2_common/pico_bootrom/bootrom.c.obj
                0x1000345c                rom_funcs_lookup
 *fill*         0x10003492        0x2 
 .text.__wrap___aeabi_idiv
                0x10003494       0x50 CMakeFiles/EEPROM.dir/C_/VSARM/sdk/pico/pico-sdk/src/rp2_common/pico_divider/divider.S.obj
                0x10003494                __wrap___aeabi_idivmod
                0x10003494                divmod_s32s32
                0x10003494                div_s32s32
                0x10003494                __wrap___aeabi_idiv
                0x1000349c                divmod_s32s32_unsafe
                0x100034c8                divmod_s32s32_savestate
 .text.__wrap___aeabi_uidiv
                0x100034e4       0x4c CMakeFiles/EEPROM.dir/C_/VSARM/sdk/pico/pico-sdk/src/rp2_common/pico_divider/divider.S.obj
                0x100034e4                __wrap___aeabi_uidiv
                0x100034e4                __wrap___aeabi_uidivmod
                0x100034e4                div_u32u32
                0x100034e4                divmod_u32u32
                0x100034ec                divmod_u32u32_unsafe
                0x10003514                divmod_u32u32_savestate
 .text.__wrap___aeabi_ldiv
                0x10003530      0x424 CMakeFiles/EEPROM.dir/C_/VSARM/sdk/pico/pico-sdk/src/rp2_common/pico_divider/divider.S.obj
                0x10003530                div_s64s64
                0x10003530                divmod_s64s64
                0x10003530                __wrap___aeabi_ldivmod
                0x10003560                divmod_u64u64
                0x10003560                div_u64u64
                0x10003560                __wrap___aeabi_uldivmod
                0x10003570                divmod_u64u64_savestate
                0x10003590                divmod_s64s64_unsafe
                0x10003618                divmod_u64u64_unsafe
 .text.__wrap___aeabi_darithmetic
                0x10003954       0x80 CMakeFiles/EEPROM.dir/C_/VSARM/sdk/pico/pico-sdk/src/rp2_common/pico_double/double_aeabi.S.obj
                0x10003954                __wrap___aeabi_drsub
                0x1000395a                __wrap___aeabi_dsub
                0x1000396c                __wrap___aeabi_dadd
                0x1000397e                __wrap___aeabi_ddiv
                0x100039ba                __wrap___aeabi_dmul
 .text.__wrap___aeabi_cdcmple
                0x100039d4       0x6c CMakeFiles/EEPROM.dir/C_/VSARM/sdk/pico/pico-sdk/src/rp2_common/pico_double/double_aeabi.S.obj
                0x100039d4                __wrap___aeabi_cdrcmple
                0x100039e4                __wrap___aeabi_cdcmpeq
                0x100039e4                __wrap___aeabi_cdcmple
 .text.__wrap___aeabi_dcmplt
                0x10003a40        0xc CMakeFiles/EEPROM.dir/C_/VSARM/sdk/pico/pico-sdk/src/rp2_common/pico_double/double_aeabi.S.obj
                0x10003a40                __wrap___aeabi_dcmplt
 .text.__wrap___aeabi_dcmple
                0x10003a4c       0x10 CMakeFiles/EEPROM.dir/C_/VSARM/sdk/pico/pico-sdk/src/rp2_common/pico_double/double_aeabi.S.obj
                0x10003a4c                __wrap___aeabi_dcmple
 .text.__wrap___aeabi_dcmpge
                0x10003a5c       0x10 CMakeFiles/EEPROM.dir/C_/VSARM/sdk/pico/pico-sdk/src/rp2_common/pico_double/double_aeabi.S.obj
                0x10003a5c                __wrap___aeabi_dcmpge
 .text.__wrap___aeabi_dcmpgt
                0x10003a6c        0xa CMakeFiles/EEPROM.dir/C_/VSARM/sdk/pico/pico-sdk/src/rp2_common/pico_double/double_aeabi.S.obj
                0x10003a6c                __wrap___aeabi_dcmpgt
 .text.__wrap___aeabi_dcmpun
                0x10003a76       0x1c CMakeFiles/EEPROM.dir/C_/VSARM/sdk/pico/pico-sdk/src/rp2_common/pico_double/double_aeabi.S.obj
                0x10003a76                __wrap___aeabi_dcmpun
 *fill*         0x10003a92        0x2 
 .text.__wrap___aeabi_i2d
                0x10003a94       0x38 CMakeFiles/EEPROM.dir/C_/VSARM/sdk/pico/pico-sdk/src/rp2_common/pico_double/double_aeabi.S.obj
                0x10003a94                __wrap___aeabi_ui2d
                0x10003a9c                __wrap___aeabi_i2d
 .text.__wrap___aeabi_d2iz
                0x10003acc       0x48 CMakeFiles/EEPROM.dir/C_/VSARM/sdk/pico/pico-sdk/src/rp2_common/pico_double/double_aeabi.S.obj
                0x10003acc                double2int_z
                0x10003acc                __wrap___aeabi_d2iz
 .text.__wrap___aeabi_d2uiz
                0x10003b14       0x18 CMakeFiles/EEPROM.dir/C_/VSARM/sdk/pico/pico-sdk/src/rp2_common/pico_double/double_aeabi.S.obj
                0x10003b14                __wrap___aeabi_d2uiz
                0x10003b14                double2uint
 .text.__aeabi_double_init
                0x10003b2c       0xcc CMakeFiles/EEPROM.dir/C_/VSARM/sdk/pico/pico-sdk/src/rp2_common/pico_double/double_init_rom.c.obj
                0x10003b2c                __aeabi_double_init
 .text.double_table_shim_on_use_helper
                0x10003bf8       0x34 CMakeFiles/EEPROM.dir/C_/VSARM/sdk/pico/pico-sdk/src/rp2_common/pico_double/double_v1_rom_shim.S.obj
                0x10003bf8                double_table_shim_on_use_helper
 .text.__wrap___aeabi_dsub
                0x10003c2c       0x10 CMakeFiles/EEPROM.dir/C_/VSARM/sdk/pico/pico-sdk/src/rp2_common/pico_double/double_v1_rom_shim.S.obj
                0x10003c2c                drsub_shim
                0x10003c32                dsub_shim
 .text.dadd_shim
                0x10003c3c      0x15c CMakeFiles/EEPROM.dir/C_/VSARM/sdk/pico/pico-sdk/src/rp2_common/pico_double/double_v1_rom_shim.S.obj
                0x10003c3c                dadd_shim
 .text.dmul_shim
                0x10003d98      0x15c CMakeFiles/EEPROM.dir/C_/VSARM/sdk/pico/pico-sdk/src/rp2_common/pico_double/double_v1_rom_shim.S.obj
                0x10003d98                dmul_shim
 .text.ddiv_shim
                0x10003ef4      0x1b0 CMakeFiles/EEPROM.dir/C_/VSARM/sdk/pico/pico-sdk/src/rp2_common/pico_double/double_v1_rom_shim.S.obj
                0x10003ef4                ddiv_shim
 .text.double2uint_shim
                0x100040a4        0xe CMakeFiles/EEPROM.dir/C_/VSARM/sdk/pico/pico-sdk/src/rp2_common/pico_double/double_v1_rom_shim.S.obj
                0x100040a4                double2uint_shim
                0x100040a6                double2ufix_shim
 *fill*         0x100040b2        0x2 
 .text.double2uint64_shim
                0x100040b4       0x70 CMakeFiles/EEPROM.dir/C_/VSARM/sdk/pico/pico-sdk/src/rp2_common/pico_double/double_v1_rom_shim.S.obj
                0x100040b4                double2uint64_shim
                0x100040b6                double2ufix64_shim
                0x100040d6                d2fix_a
 .text.dunpacks
                0x10004124       0x3c CMakeFiles/EEPROM.dir/C_/VSARM/sdk/pico/pico-sdk/src/rp2_common/pico_double/double_v1_rom_shim.S.obj
                0x10004124                dunpacks
 .text.__aeabi_lmul
                0x10004160       0x32 CMakeFiles/EEPROM.dir/C_/VSARM/sdk/pico/pico-sdk/src/rp2_common/pico_int64_ops/pico_int64_ops_aeabi.S.obj
                0x10004160                __wrap___aeabi_lmul
 *fill*         0x10004192        0x2 
 .text.__aeabi_float_init
                0x10004194       0xfc CMakeFiles/EEPROM.dir/C_/VSARM/sdk/pico/pico-sdk/src/rp2_common/pico_float/float_init_rom.c.obj
                0x10004194                __aeabi_float_init
 .text.float_table_shim_on_use_helper
                0x10004290       0x34 CMakeFiles/EEPROM.dir/C_/VSARM/sdk/pico/pico-sdk/src/rp2_common/pico_float/float_v1_rom_shim.S.obj
                0x10004290                float_table_shim_on_use_helper
 .text          0x100042c4       0x10 CMakeFiles/EEPROM.dir/C_/VSARM/sdk/pico/pico-sdk/src/rp2_common/pico_mem_ops/mem_ops_aeabi.S.obj
                0x100042c4                __aeabi_mem_init
 .text.memset   0x100042d4        0xc CMakeFiles/EEPROM.dir/C_/VSARM/sdk/pico/pico-sdk/src/rp2_common/pico_mem_ops/mem_ops_aeabi.S.obj
                0x100042d4                __wrap_memset
 .text.memcpy   0x100042e0        0xc CMakeFiles/EEPROM.dir/C_/VSARM/sdk/pico/pico-sdk/src/rp2_common/pico_mem_ops/mem_ops_aeabi.S.obj
                0x100042e0                __wrap_memcpy
                0x100042e0                __wrap___aeabi_memcpy
 .text.stdio_out_chars_no_crlf
                0x100042ec        0xe CMakeFiles/EEPROM.dir/C_/VSARM/sdk/pico/pico-sdk/src/rp2_common/pico_stdio/stdio.c.obj
 *fill*         0x100042fa        0x2 
 .text.stdio_out_chars_crlf
                0x100042fc       0x80 CMakeFiles/EEPROM.dir/C_/VSARM/sdk/pico/pico-sdk/src/rp2_common/pico_stdio/stdio.c.obj
 .text.stdio_stack_buffer_flush
                0x1000437c       0x44 CMakeFiles/EEPROM.dir/C_/VSARM/sdk/pico/pico-sdk/src/rp2_common/pico_stdio/stdio.c.obj
 .text.stdio_buffered_printer
                0x100043c0       0x20 CMakeFiles/EEPROM.dir/C_/VSARM/sdk/pico/pico-sdk/src/rp2_common/pico_stdio/stdio.c.obj
 .text.update_us_since_boot
                0x100043e0       0x24 CMakeFiles/EEPROM.dir/C_/VSARM/sdk/pico/pico-sdk/src/rp2_common/pico_stdio/stdio.c.obj
 .text.get_absolute_time
                0x10004404       0x22 CMakeFiles/EEPROM.dir/C_/VSARM/sdk/pico/pico-sdk/src/rp2_common/pico_stdio/stdio.c.obj
 *fill*         0x10004426        0x2 
 .text.delayed_by_ms
                0x10004428       0x44 CMakeFiles/EEPROM.dir/C_/VSARM/sdk/pico/pico-sdk/src/rp2_common/pico_stdio/stdio.c.obj
 .text.make_timeout_time_ms
                0x1000446c       0x20 CMakeFiles/EEPROM.dir/C_/VSARM/sdk/pico/pico-sdk/src/rp2_common/pico_stdio/stdio.c.obj
 .text.stdout_serialize_begin
                0x1000448c       0x20 CMakeFiles/EEPROM.dir/C_/VSARM/sdk/pico/pico-sdk/src/rp2_common/pico_stdio/stdio.c.obj
                0x1000448c                stdout_serialize_begin
 .text.stdout_serialize_end
                0x100044ac       0x10 CMakeFiles/EEPROM.dir/C_/VSARM/sdk/pico/pico-sdk/src/rp2_common/pico_stdio/stdio.c.obj
                0x100044ac                stdout_serialize_end
 .text.stdio_put_string
                0x100044bc       0x98 CMakeFiles/EEPROM.dir/C_/VSARM/sdk/pico/pico-sdk/src/rp2_common/pico_stdio/stdio.c.obj
 .text.stdio_set_driver_enabled
                0x10004554       0x2c CMakeFiles/EEPROM.dir/C_/VSARM/sdk/pico/pico-sdk/src/rp2_common/pico_stdio/stdio.c.obj
                0x10004554                stdio_set_driver_enabled
 .text.stdio_flush
                0x10004580       0x20 CMakeFiles/EEPROM.dir/C_/VSARM/sdk/pico/pico-sdk/src/rp2_common/pico_stdio/stdio.c.obj
                0x10004580                stdio_flush
 .text.__wrap_puts
                0x100045a0       0x1e CMakeFiles/EEPROM.dir/C_/VSARM/sdk/pico/pico-sdk/src/rp2_common/pico_stdio/stdio.c.obj
                0x100045a0                __wrap_puts
 *fill*         0x100045be        0x2 
 .text.__wrap_vprintf
                0x100045c0       0x40 CMakeFiles/EEPROM.dir/C_/VSARM/sdk/pico/pico-sdk/src/rp2_common/pico_stdio/stdio.c.obj
                0x100045c0                __wrap_vprintf
 .text.__wrap_printf
                0x10004600       0x18 CMakeFiles/EEPROM.dir/C_/VSARM/sdk/pico/pico-sdk/src/rp2_common/pico_stdio/stdio.c.obj
                0x10004600                __wrap_printf
 .text.stdio_init_all
                0x10004618        0x8 CMakeFiles/EEPROM.dir/C_/VSARM/sdk/pico/pico-sdk/src/rp2_common/pico_stdio/stdio.c.obj
                0x10004618                stdio_init_all
 .text.resetd_init
                0x10004620        0x2 CMakeFiles/EEPROM.dir/C_/VSARM/sdk/pico/pico-sdk/src/rp2_common/pico_stdio_usb/reset_interface.c.obj
 *fill*         0x10004622        0x2 
 .text.resetd_reset
                0x10004624        0xc CMakeFiles/EEPROM.dir/C_/VSARM/sdk/pico/pico-sdk/src/rp2_common/pico_stdio_usb/reset_interface.c.obj
 .text.resetd_open
                0x10004630       0x34 CMakeFiles/EEPROM.dir/C_/VSARM/sdk/pico/pico-sdk/src/rp2_common/pico_stdio_usb/reset_interface.c.obj
 .text.resetd_xfer_cb
                0x10004664        0x4 CMakeFiles/EEPROM.dir/C_/VSARM/sdk/pico/pico-sdk/src/rp2_common/pico_stdio_usb/reset_interface.c.obj
 .text.reset_usb_boot
                0x10004668       0x18 CMakeFiles/EEPROM.dir/C_/VSARM/sdk/pico/pico-sdk/src/rp2_common/pico_stdio_usb/reset_interface.c.obj
 .text.resetd_control_xfer_cb
                0x10004680       0x5c CMakeFiles/EEPROM.dir/C_/VSARM/sdk/pico/pico-sdk/src/rp2_common/pico_stdio_usb/reset_interface.c.obj
 .text.usbd_app_driver_get_cb
                0x100046dc        0xc CMakeFiles/EEPROM.dir/C_/VSARM/sdk/pico/pico-sdk/src/rp2_common/pico_stdio_usb/reset_interface.c.obj
                0x100046dc                usbd_app_driver_get_cb
 .text.tud_cdc_line_coding_cb
                0x100046e8       0x28 CMakeFiles/EEPROM.dir/C_/VSARM/sdk/pico/pico-sdk/src/rp2_common/pico_stdio_usb/reset_interface.c.obj
                0x100046e8                tud_cdc_line_coding_cb
 .text.stdio_usb_set_chars_available_callback
                0x10004710       0x14 CMakeFiles/EEPROM.dir/C_/VSARM/sdk/pico/pico-sdk/src/rp2_common/pico_stdio_usb/stdio_usb.c.obj
                0x10004710                stdio_usb_set_chars_available_callback
 .text.update_us_since_boot
                0x10004724       0x24 CMakeFiles/EEPROM.dir/C_/VSARM/sdk/pico/pico-sdk/src/rp2_common/pico_stdio_usb/stdio_usb.c.obj
 .text.get_absolute_time
                0x10004748       0x22 CMakeFiles/EEPROM.dir/C_/VSARM/sdk/pico/pico-sdk/src/rp2_common/pico_stdio_usb/stdio_usb.c.obj
 *fill*         0x1000476a        0x2 
 .text.delayed_by_ms
                0x1000476c       0x44 CMakeFiles/EEPROM.dir/C_/VSARM/sdk/pico/pico-sdk/src/rp2_common/pico_stdio_usb/stdio_usb.c.obj
 .text.make_timeout_time_ms
                0x100047b0       0x20 CMakeFiles/EEPROM.dir/C_/VSARM/sdk/pico/pico-sdk/src/rp2_common/pico_stdio_usb/stdio_usb.c.obj
 .text.delayed_by_us
                0x100047d0       0x34 CMakeFiles/EEPROM.dir/C_/VSARM/sdk/pico/pico-sdk/src/rp2_common/pico_stdio_usb/stdio_usb.c.obj
 .text.usb_irq  0x10004804       0x10 CMakeFiles/EEPROM.dir/C_/VSARM/sdk/pico/pico-sdk/src/rp2_common/pico_stdio_usb/stdio_usb.c.obj
 .text.critical_section_enter_blocking
                0x10004814       0x16 CMakeFiles/EEPROM.dir/C_/VSARM/sdk/pico/pico-sdk/src/rp2_common/pico_stdio_usb/stdio_usb.c.obj
 *fill*         0x1000482a        0x2 
 .text.timer_task
                0x1000482c       0x4c CMakeFiles/EEPROM.dir/C_/VSARM/sdk/pico/pico-sdk/src/rp2_common/pico_stdio_usb/stdio_usb.c.obj
 .text.alarm_pool_add_alarm_in_us
                0x10004878       0x3a CMakeFiles/EEPROM.dir/C_/VSARM/sdk/pico/pico-sdk/src/rp2_common/pico_stdio_usb/stdio_usb.c.obj
 .text.add_alarm_in_us
                0x100048b2       0x2e CMakeFiles/EEPROM.dir/C_/VSARM/sdk/pico/pico-sdk/src/rp2_common/pico_stdio_usb/stdio_usb.c.obj
 .text.low_priority_worker_irq
                0x100048e0       0x7c CMakeFiles/EEPROM.dir/C_/VSARM/sdk/pico/pico-sdk/src/rp2_common/pico_stdio_usb/stdio_usb.c.obj
 .text.tud_cdc_rx_cb
                0x1000495c       0x20 CMakeFiles/EEPROM.dir/C_/VSARM/sdk/pico/pico-sdk/src/rp2_common/pico_stdio_usb/stdio_usb.c.obj
                0x1000495c                tud_cdc_rx_cb
 .text.stdio_usb_init
                0x1000497c       0xd0 CMakeFiles/EEPROM.dir/C_/VSARM/sdk/pico/pico-sdk/src/rp2_common/pico_stdio_usb/stdio_usb.c.obj
                0x1000497c                stdio_usb_init
 .text.stdio_usb_connected
                0x10004a4c        0xa CMakeFiles/EEPROM.dir/C_/VSARM/sdk/pico/pico-sdk/src/rp2_common/pico_stdio_usb/stdio_usb.c.obj
                0x10004a4c                stdio_usb_connected
 *fill*         0x10004a56        0x2 
 .text.stdio_usb_in_chars
                0x10004a58       0x88 CMakeFiles/EEPROM.dir/C_/VSARM/sdk/pico/pico-sdk/src/rp2_common/pico_stdio_usb/stdio_usb.c.obj
                0x10004a58                stdio_usb_in_chars
 .text.stdio_usb_out_chars
                0x10004ae0       0xd8 CMakeFiles/EEPROM.dir/C_/VSARM/sdk/pico/pico-sdk/src/rp2_common/pico_stdio_usb/stdio_usb.c.obj
 .text.tud_descriptor_device_cb
                0x10004bb8        0x8 CMakeFiles/EEPROM.dir/C_/VSARM/sdk/pico/pico-sdk/src/rp2_common/pico_stdio_usb/stdio_usb_descriptors.c.obj
                0x10004bb8                tud_descriptor_device_cb
 .text.tud_descriptor_configuration_cb
                0x10004bc0        0x8 CMakeFiles/EEPROM.dir/C_/VSARM/sdk/pico/pico-sdk/src/rp2_common/pico_stdio_usb/stdio_usb_descriptors.c.obj
                0x10004bc0                tud_descriptor_configuration_cb
 .text.tud_descriptor_string_cb
                0x10004bc8       0x6c CMakeFiles/EEPROM.dir/C_/VSARM/sdk/pico/pico-sdk/src/rp2_common/pico_stdio_usb/stdio_usb_descriptors.c.obj
                0x10004bc8                tud_descriptor_string_cb
 .text._retrieve_unique_id_on_boot
                0x10004c34       0x10 CMakeFiles/EEPROM.dir/C_/VSARM/sdk/pico/pico-sdk/src/rp2_common/pico_unique_id/unique_id.c.obj
 .text.pico_get_unique_board_id_string
                0x10004c44       0x5c CMakeFiles/EEPROM.dir/C_/VSARM/sdk/pico/pico-sdk/src/rp2_common/pico_unique_id/unique_id.c.obj
                0x10004c44                pico_get_unique_board_id_string
 .text.flash_get_unique_id
                0x10004ca0       0x46 CMakeFiles/EEPROM.dir/C_/VSARM/sdk/pico/pico-sdk/src/rp2_common/hardware_flash/flash.c.obj
                0x10004ca0                flash_get_unique_id
 *fill*         0x10004ce6        0x2 
 .text.hw_endpoint_get_by_addr
                0x10004ce8       0x18 CMakeFiles/EEPROM.dir/C_/VSARM/sdk/pico/pico-sdk/lib/tinyusb/src/portable/raspberrypi/rp2040/dcd_rp2040.c.obj
 .text._hw_endpoint_alloc
                0x10004d00       0x70 CMakeFiles/EEPROM.dir/C_/VSARM/sdk/pico/pico-sdk/lib/tinyusb/src/portable/raspberrypi/rp2040/dcd_rp2040.c.obj
 .text.hw_endpoint_init
                0x10004d70       0x88 CMakeFiles/EEPROM.dir/C_/VSARM/sdk/pico/pico-sdk/lib/tinyusb/src/portable/raspberrypi/rp2040/dcd_rp2040.c.obj
 .text.dcd_event_sof
                0x10004df8       0x2c CMakeFiles/EEPROM.dir/C_/VSARM/sdk/pico/pico-sdk/lib/tinyusb/src/portable/raspberrypi/rp2040/dcd_rp2040.c.obj
 .text.hw_endpoint_xfer
                0x10004e24       0x14 CMakeFiles/EEPROM.dir/C_/VSARM/sdk/pico/pico-sdk/lib/tinyusb/src/portable/raspberrypi/rp2040/dcd_rp2040.c.obj
 .text.dcd_int_enable
                0x10004e38       0x2c CMakeFiles/EEPROM.dir/C_/VSARM/sdk/pico/pico-sdk/lib/tinyusb/src/portable/raspberrypi/rp2040/dcd_rp2040.c.obj
                0x10004e38                dcd_int_enable
 .text.dcd_set_address
                0x10004e64       0x2c CMakeFiles/EEPROM.dir/C_/VSARM/sdk/pico/pico-sdk/lib/tinyusb/src/portable/raspberrypi/rp2040/dcd_rp2040.c.obj
                0x10004e64                dcd_set_address
 .text.dcd_connect
                0x10004e90       0x10 CMakeFiles/EEPROM.dir/C_/VSARM/sdk/pico/pico-sdk/lib/tinyusb/src/portable/raspberrypi/rp2040/dcd_rp2040.c.obj
                0x10004e90                dcd_connect
 .text.dcd_init
                0x10004ea0       0x80 CMakeFiles/EEPROM.dir/C_/VSARM/sdk/pico/pico-sdk/lib/tinyusb/src/portable/raspberrypi/rp2040/dcd_rp2040.c.obj
                0x10004ea0                dcd_init
 .text.dcd_edpt0_status_complete
                0x10004f20       0x1c CMakeFiles/EEPROM.dir/C_/VSARM/sdk/pico/pico-sdk/lib/tinyusb/src/portable/raspberrypi/rp2040/dcd_rp2040.c.obj
                0x10004f20                dcd_edpt0_status_complete
 .text.dcd_edpt_open
                0x10004f3c       0x40 CMakeFiles/EEPROM.dir/C_/VSARM/sdk/pico/pico-sdk/lib/tinyusb/src/portable/raspberrypi/rp2040/dcd_rp2040.c.obj
                0x10004f3c                dcd_edpt_open
 .text.dcd_edpt_close_all
                0x10004f7c        0x8 CMakeFiles/EEPROM.dir/C_/VSARM/sdk/pico/pico-sdk/lib/tinyusb/src/portable/raspberrypi/rp2040/dcd_rp2040.c.obj
                0x10004f7c                dcd_edpt_close_all
 .text.dcd_edpt_xfer
                0x10004f84       0x34 CMakeFiles/EEPROM.dir/C_/VSARM/sdk/pico/pico-sdk/lib/tinyusb/src/portable/raspberrypi/rp2040/dcd_rp2040.c.obj
                0x10004f84                dcd_edpt_xfer
 .text.dcd_edpt_stall
                0x10004fb8       0x2c CMakeFiles/EEPROM.dir/C_/VSARM/sdk/pico/pico-sdk/lib/tinyusb/src/portable/raspberrypi/rp2040/dcd_rp2040.c.obj
                0x10004fb8                dcd_edpt_stall
 .text.dcd_edpt_clear_stall
                0x10004fe4       0x20 CMakeFiles/EEPROM.dir/C_/VSARM/sdk/pico/pico-sdk/lib/tinyusb/src/portable/raspberrypi/rp2040/dcd_rp2040.c.obj
                0x10004fe4                dcd_edpt_clear_stall
 .text.rp2040_usb_init
                0x10005004       0x4c CMakeFiles/EEPROM.dir/C_/VSARM/sdk/pico/pico-sdk/lib/tinyusb/src/portable/raspberrypi/rp2040/rp2040_usb.c.obj
                0x10005004                rp2040_usb_init
 .text.hw_endpoint_xfer_start
                0x10005050       0x50 CMakeFiles/EEPROM.dir/C_/VSARM/sdk/pico/pico-sdk/lib/tinyusb/src/portable/raspberrypi/rp2040/rp2040_usb.c.obj
                0x10005050                hw_endpoint_xfer_start
 .text.configuration_reset
                0x100050a0       0x84 CMakeFiles/EEPROM.dir/C_/VSARM/sdk/pico/pico-sdk/lib/tinyusb/src/device/usbd.c.obj
 .text.critical_section_enter_blocking
                0x10005124       0x16 CMakeFiles/EEPROM.dir/C_/VSARM/sdk/pico/pico-sdk/lib/tinyusb/src/device/usbd.c.obj
 .text.usbd_reset
                0x1000513a        0xc CMakeFiles/EEPROM.dir/C_/VSARM/sdk/pico/pico-sdk/lib/tinyusb/src/device/usbd.c.obj
 .text.invoke_class_control
                0x10005146       0x1a CMakeFiles/EEPROM.dir/C_/VSARM/sdk/pico/pico-sdk/lib/tinyusb/src/device/usbd.c.obj
 .text.process_set_config
                0x10005160      0x178 CMakeFiles/EEPROM.dir/C_/VSARM/sdk/pico/pico-sdk/lib/tinyusb/src/device/usbd.c.obj
 .text.process_get_descriptor
                0x100052d8       0xdc CMakeFiles/EEPROM.dir/C_/VSARM/sdk/pico/pico-sdk/lib/tinyusb/src/device/usbd.c.obj
 .text.tud_mounted
                0x100053b4       0x10 CMakeFiles/EEPROM.dir/C_/VSARM/sdk/pico/pico-sdk/lib/tinyusb/src/device/usbd.c.obj
                0x100053b4                tud_mounted
 .text.tud_suspended
                0x100053c4       0x10 CMakeFiles/EEPROM.dir/C_/VSARM/sdk/pico/pico-sdk/lib/tinyusb/src/device/usbd.c.obj
                0x100053c4                tud_suspended
 .text.tud_inited
                0x100053d4       0x14 CMakeFiles/EEPROM.dir/C_/VSARM/sdk/pico/pico-sdk/lib/tinyusb/src/device/usbd.c.obj
                0x100053d4                tud_inited
 .text.tud_init
                0x100053e8       0xcc CMakeFiles/EEPROM.dir/C_/VSARM/sdk/pico/pico-sdk/lib/tinyusb/src/device/usbd.c.obj
                0x100053e8                tud_init
 .text.usbd_defer_func
                0x100054b4       0x2a CMakeFiles/EEPROM.dir/C_/VSARM/sdk/pico/pico-sdk/lib/tinyusb/src/device/usbd.c.obj
                0x100054b4                usbd_defer_func
 *fill*         0x100054de        0x2 
 .text.usbd_edpt_open
                0x100054e0       0x34 CMakeFiles/EEPROM.dir/C_/VSARM/sdk/pico/pico-sdk/lib/tinyusb/src/device/usbd.c.obj
                0x100054e0                usbd_edpt_open
 .text.usbd_open_edpt_pair
                0x10005514       0x62 CMakeFiles/EEPROM.dir/C_/VSARM/sdk/pico/pico-sdk/lib/tinyusb/src/device/usbd.c.obj
                0x10005514                usbd_open_edpt_pair
 *fill*         0x10005576        0x2 
 .text.usbd_edpt_claim
                0x10005578       0x28 CMakeFiles/EEPROM.dir/C_/VSARM/sdk/pico/pico-sdk/lib/tinyusb/src/device/usbd.c.obj
                0x10005578                usbd_edpt_claim
 .text.usbd_edpt_release
                0x100055a0       0x28 CMakeFiles/EEPROM.dir/C_/VSARM/sdk/pico/pico-sdk/lib/tinyusb/src/device/usbd.c.obj
                0x100055a0                usbd_edpt_release
 .text.usbd_edpt_xfer
                0x100055c8       0x78 CMakeFiles/EEPROM.dir/C_/VSARM/sdk/pico/pico-sdk/lib/tinyusb/src/device/usbd.c.obj
                0x100055c8                usbd_edpt_xfer
 .text.usbd_edpt_stall
                0x10005640       0x48 CMakeFiles/EEPROM.dir/C_/VSARM/sdk/pico/pico-sdk/lib/tinyusb/src/device/usbd.c.obj
                0x10005640                usbd_edpt_stall
 .text.usbd_edpt_clear_stall
                0x10005688       0x48 CMakeFiles/EEPROM.dir/C_/VSARM/sdk/pico/pico-sdk/lib/tinyusb/src/device/usbd.c.obj
                0x10005688                usbd_edpt_clear_stall
 .text.usbd_edpt_stalled
                0x100056d0       0x1c CMakeFiles/EEPROM.dir/C_/VSARM/sdk/pico/pico-sdk/lib/tinyusb/src/device/usbd.c.obj
                0x100056d0                usbd_edpt_stalled
 .text.process_control_request
                0x100056ec      0x374 CMakeFiles/EEPROM.dir/C_/VSARM/sdk/pico/pico-sdk/lib/tinyusb/src/device/usbd.c.obj
 .text.tud_task_ext
                0x10005a60      0x1a8 CMakeFiles/EEPROM.dir/C_/VSARM/sdk/pico/pico-sdk/lib/tinyusb/src/device/usbd.c.obj
                0x10005a60                tud_task_ext
 .text._status_stage_xact
                0x10005c08       0x1a CMakeFiles/EEPROM.dir/C_/VSARM/sdk/pico/pico-sdk/lib/tinyusb/src/device/usbd_control.c.obj
 *fill*         0x10005c22        0x2 
 .text._data_stage_xact
                0x10005c24       0x58 CMakeFiles/EEPROM.dir/C_/VSARM/sdk/pico/pico-sdk/lib/tinyusb/src/device/usbd_control.c.obj
 .text.tud_control_status
                0x10005c7c       0x28 CMakeFiles/EEPROM.dir/C_/VSARM/sdk/pico/pico-sdk/lib/tinyusb/src/device/usbd_control.c.obj
                0x10005c7c                tud_control_status
 .text.tud_control_xfer
                0x10005ca4       0x68 CMakeFiles/EEPROM.dir/C_/VSARM/sdk/pico/pico-sdk/lib/tinyusb/src/device/usbd_control.c.obj
                0x10005ca4                tud_control_xfer
 .text.usbd_control_reset
                0x10005d0c       0x14 CMakeFiles/EEPROM.dir/C_/VSARM/sdk/pico/pico-sdk/lib/tinyusb/src/device/usbd_control.c.obj
                0x10005d0c                usbd_control_reset
 .text.usbd_control_set_complete_callback
                0x10005d20        0xc CMakeFiles/EEPROM.dir/C_/VSARM/sdk/pico/pico-sdk/lib/tinyusb/src/device/usbd_control.c.obj
                0x10005d20                usbd_control_set_complete_callback
 .text.usbd_control_set_request
                0x10005d2c       0x1c CMakeFiles/EEPROM.dir/C_/VSARM/sdk/pico/pico-sdk/lib/tinyusb/src/device/usbd_control.c.obj
                0x10005d2c                usbd_control_set_request
 .text.usbd_control_xfer_cb
                0x10005d48       0xbc CMakeFiles/EEPROM.dir/C_/VSARM/sdk/pico/pico-sdk/lib/tinyusb/src/device/usbd_control.c.obj
                0x10005d48                usbd_control_xfer_cb
 .text._prep_out_transaction
                0x10005e04       0x4a CMakeFiles/EEPROM.dir/C_/VSARM/sdk/pico/pico-sdk/lib/tinyusb/src/class/cdc/cdc_device.c.obj
 *fill*         0x10005e4e        0x2 
 .text.tud_cdc_n_connected
                0x10005e50       0x38 CMakeFiles/EEPROM.dir/C_/VSARM/sdk/pico/pico-sdk/lib/tinyusb/src/class/cdc/cdc_device.c.obj
                0x10005e50                tud_cdc_n_connected
 .text.tud_cdc_n_available
                0x10005e88       0x18 CMakeFiles/EEPROM.dir/C_/VSARM/sdk/pico/pico-sdk/lib/tinyusb/src/class/cdc/cdc_device.c.obj
                0x10005e88                tud_cdc_n_available
 .text.tud_cdc_n_read
                0x10005ea0       0x28 CMakeFiles/EEPROM.dir/C_/VSARM/sdk/pico/pico-sdk/lib/tinyusb/src/class/cdc/cdc_device.c.obj
                0x10005ea0                tud_cdc_n_read
 .text.tud_cdc_n_write_flush
                0x10005ec8       0xb8 CMakeFiles/EEPROM.dir/C_/VSARM/sdk/pico/pico-sdk/lib/tinyusb/src/class/cdc/cdc_device.c.obj
                0x10005ec8                tud_cdc_n_write_flush
 .text.tud_cdc_n_write
                0x10005f80       0x38 CMakeFiles/EEPROM.dir/C_/VSARM/sdk/pico/pico-sdk/lib/tinyusb/src/class/cdc/cdc_device.c.obj
                0x10005f80                tud_cdc_n_write
 .text.tud_cdc_n_write_available
                0x10005fb8       0x1c CMakeFiles/EEPROM.dir/C_/VSARM/sdk/pico/pico-sdk/lib/tinyusb/src/class/cdc/cdc_device.c.obj
                0x10005fb8                tud_cdc_n_write_available
 .text.cdcd_init
                0x10005fd4       0xbc CMakeFiles/EEPROM.dir/C_/VSARM/sdk/pico/pico-sdk/lib/tinyusb/src/class/cdc/cdc_device.c.obj
                0x10005fd4                cdcd_init
 .text.cdcd_reset
                0x10006090       0x44 CMakeFiles/EEPROM.dir/C_/VSARM/sdk/pico/pico-sdk/lib/tinyusb/src/class/cdc/cdc_device.c.obj
                0x10006090                cdcd_reset
 .text.cdcd_open
                0x100060d4       0xc4 CMakeFiles/EEPROM.dir/C_/VSARM/sdk/pico/pico-sdk/lib/tinyusb/src/class/cdc/cdc_device.c.obj
                0x100060d4                cdcd_open
 .text.cdcd_control_xfer_cb
                0x10006198      0x134 CMakeFiles/EEPROM.dir/C_/VSARM/sdk/pico/pico-sdk/lib/tinyusb/src/class/cdc/cdc_device.c.obj
                0x10006198                cdcd_control_xfer_cb
 .text.cdcd_xfer_cb
                0x100062cc      0x130 CMakeFiles/EEPROM.dir/C_/VSARM/sdk/pico/pico-sdk/lib/tinyusb/src/class/cdc/cdc_device.c.obj
                0x100062cc                cdcd_xfer_cb
 .text.tusb_init
                0x100063fc        0xa CMakeFiles/EEPROM.dir/C_/VSARM/sdk/pico/pico-sdk/lib/tinyusb/src/tusb.c.obj
                0x100063fc                tusb_init
 .text.tusb_inited
                0x10006406        0xe CMakeFiles/EEPROM.dir/C_/VSARM/sdk/pico/pico-sdk/lib/tinyusb/src/tusb.c.obj
                0x10006406                tusb_inited
 .text.tu_edpt_claim
                0x10006414       0x50 CMakeFiles/EEPROM.dir/C_/VSARM/sdk/pico/pico-sdk/lib/tinyusb/src/tusb.c.obj
                0x10006414                tu_edpt_claim
 .text.tu_edpt_release
                0x10006464       0x38 CMakeFiles/EEPROM.dir/C_/VSARM/sdk/pico/pico-sdk/lib/tinyusb/src/tusb.c.obj
                0x10006464                tu_edpt_release
 .text.tu_edpt_validate
                0x1000649c       0x78 CMakeFiles/EEPROM.dir/C_/VSARM/sdk/pico/pico-sdk/lib/tinyusb/src/tusb.c.obj
                0x1000649c                tu_edpt_validate
 .text.tu_edpt_bind_driver
                0x10006514       0x26 CMakeFiles/EEPROM.dir/C_/VSARM/sdk/pico/pico-sdk/lib/tinyusb/src/tusb.c.obj
                0x10006514                tu_edpt_bind_driver
 .text.advance_index
                0x1000653a       0x1a CMakeFiles/EEPROM.dir/C_/VSARM/sdk/pico/pico-sdk/lib/tinyusb/src/common/tusb_fifo.c.obj
 .text._tu_fifo_peek
                0x10006554       0x56 CMakeFiles/EEPROM.dir/C_/VSARM/sdk/pico/pico-sdk/lib/tinyusb/src/common/tusb_fifo.c.obj
 .text._ff_pull_const_addr
                0x100065aa       0x4c CMakeFiles/EEPROM.dir/C_/VSARM/sdk/pico/pico-sdk/lib/tinyusb/src/common/tusb_fifo.c.obj
 .text._ff_pull_n
                0x100065f6      0x110 CMakeFiles/EEPROM.dir/C_/VSARM/sdk/pico/pico-sdk/lib/tinyusb/src/common/tusb_fifo.c.obj
 .text._tu_fifo_peek_n
                0x10006706       0x6a CMakeFiles/EEPROM.dir/C_/VSARM/sdk/pico/pico-sdk/lib/tinyusb/src/common/tusb_fifo.c.obj
 .text._tu_fifo_read_n
                0x10006770       0x4e CMakeFiles/EEPROM.dir/C_/VSARM/sdk/pico/pico-sdk/lib/tinyusb/src/common/tusb_fifo.c.obj
 .text._ff_push_const_addr
                0x100067be       0x40 CMakeFiles/EEPROM.dir/C_/VSARM/sdk/pico/pico-sdk/lib/tinyusb/src/common/tusb_fifo.c.obj
 .text._ff_push_n
                0x100067fe      0x10c CMakeFiles/EEPROM.dir/C_/VSARM/sdk/pico/pico-sdk/lib/tinyusb/src/common/tusb_fifo.c.obj
 .text._tu_fifo_write_n
                0x1000690a       0xf0 CMakeFiles/EEPROM.dir/C_/VSARM/sdk/pico/pico-sdk/lib/tinyusb/src/common/tusb_fifo.c.obj
 .text.tu_fifo_config
                0x100069fa       0x7c CMakeFiles/EEPROM.dir/C_/VSARM/sdk/pico/pico-sdk/lib/tinyusb/src/common/tusb_fifo.c.obj
                0x100069fa                tu_fifo_config
 .text.tu_fifo_count
                0x10006a76       0x2a CMakeFiles/EEPROM.dir/C_/VSARM/sdk/pico/pico-sdk/lib/tinyusb/src/common/tusb_fifo.c.obj
                0x10006a76                tu_fifo_count
 .text.tu_fifo_empty
                0x10006aa0        0xe CMakeFiles/EEPROM.dir/C_/VSARM/sdk/pico/pico-sdk/lib/tinyusb/src/common/tusb_fifo.c.obj
                0x10006aa0                tu_fifo_empty
 .text.tu_fifo_full
                0x10006aae       0x28 CMakeFiles/EEPROM.dir/C_/VSARM/sdk/pico/pico-sdk/lib/tinyusb/src/common/tusb_fifo.c.obj
                0x10006aae                tu_fifo_full
 .text.tu_fifo_remaining
                0x10006ad6       0x2c CMakeFiles/EEPROM.dir/C_/VSARM/sdk/pico/pico-sdk/lib/tinyusb/src/common/tusb_fifo.c.obj
                0x10006ad6                tu_fifo_remaining
 .text.tu_fifo_read
                0x10006b02       0x42 CMakeFiles/EEPROM.dir/C_/VSARM/sdk/pico/pico-sdk/lib/tinyusb/src/common/tusb_fifo.c.obj
                0x10006b02                tu_fifo_read
 .text.tu_fifo_read_n
                0x10006b44        0xa CMakeFiles/EEPROM.dir/C_/VSARM/sdk/pico/pico-sdk/lib/tinyusb/src/common/tusb_fifo.c.obj
                0x10006b44                tu_fifo_read_n
 .text.tu_fifo_write
                0x10006b4e       0x64 CMakeFiles/EEPROM.dir/C_/VSARM/sdk/pico/pico-sdk/lib/tinyusb/src/common/tusb_fifo.c.obj
                0x10006b4e                tu_fifo_write
 .text.tu_fifo_write_n
                0x10006bb2        0xa CMakeFiles/EEPROM.dir/C_/VSARM/sdk/pico/pico-sdk/lib/tinyusb/src/common/tusb_fifo.c.obj
                0x10006bb2                tu_fifo_write_n
 .text.tu_fifo_clear
                0x10006bbc       0x3e CMakeFiles/EEPROM.dir/C_/VSARM/sdk/pico/pico-sdk/lib/tinyusb/src/common/tusb_fifo.c.obj
                0x10006bbc                tu_fifo_clear
 .text.tu_fifo_set_overwritable
                0x10006bfa       0x46 CMakeFiles/EEPROM.dir/C_/VSARM/sdk/pico/pico-sdk/lib/tinyusb/src/common/tusb_fifo.c.obj
                0x10006bfa                tu_fifo_set_overwritable
 .text.strlen   0x10006c40       0x5c c:/vsarm/armcc/125863~1.3re/bin/../lib/gcc/arm-none-eabi/12.3.1/thumb/v6-m/nofp\libg.a(libc_a-strlen-stub.o)
                0x10006c40                strlen
 *(.fini)
 .fini          0x10006c9c        0x4 c:/vsarm/armcc/125863~1.3re/bin/../lib/gcc/arm-none-eabi/12.3.1/thumb/v6-m/nofp/crti.o
                0x10006c9c                _fini
 .fini.__stub   0x10006ca0       0xe0 linker stubs
 *crtbegin.o(.ctors)
 *crtbegin?.o(.ctors)
 *(EXCLUDE_FILE(*crtend.o *crtend?.o) .ctors)
 *(SORT_BY_NAME(.ctors.*))
 *(.ctors)
 *crtbegin.o(.dtors)
 *crtbegin?.o(.dtors)
 *(EXCLUDE_FILE(*crtend.o *crtend?.o) .dtors)
 *(SORT_BY_NAME(.dtors.*))
 *(.dtors)
 *(.eh_frame*)
 .eh_frame      0x10006d80        0x0 c:/vsarm/armcc/125863~1.3re/bin/../lib/gcc/arm-none-eabi/12.3.1/thumb/v6-m/nofp/crtbegin.o
                0x10006d80                        . = ALIGN (0x4)

.glue_7         0x10006d80        0x0
 .glue_7        0x10006d80        0x0 linker stubs

.glue_7t        0x10006d80        0x0
 .glue_7t       0x10006d80        0x0 linker stubs

.vfp11_veneer   0x10006d80        0x0
 .vfp11_veneer  0x10006d80        0x0 linker stubs

.v4_bx          0x10006d80        0x0
 .v4_bx         0x10006d80        0x0 linker stubs

.iplt           0x10006d80        0x0
 .iplt          0x10006d80        0x0 c:/vsarm/armcc/125863~1.3re/bin/../lib/gcc/arm-none-eabi/12.3.1/thumb/v6-m/nofp/crtbegin.o

.rodata         0x10006d80     0x1500
 *(EXCLUDE_FILE(*libm.a: *libc.a:*lib_a-mem*.o *libgcc.a:) .rodata*)
 .rodata.spin_lock_claim_unused.str1.4
                0x10006d80       0x1b CMakeFiles/EEPROM.dir/C_/VSARM/sdk/pico/pico-sdk/src/rp2_common/hardware_sync/sync.c.obj
 *fill*         0x10006d9b        0x1 
 .rodata.resolve_branch.str1.4
                0x10006d9c       0x55 CMakeFiles/EEPROM.dir/C_/VSARM/sdk/pico/pico-sdk/src/rp2_common/hardware_irq/irq.c.obj
 *fill*         0x10006df1        0x3 
 .rodata.make_branch.str1.4
                0x10006df4       0x30 CMakeFiles/EEPROM.dir/C_/VSARM/sdk/pico/pico-sdk/src/rp2_common/hardware_irq/irq.c.obj
 .rodata.insert_branch_and_link.str1.4
                0x10006e24       0x10 CMakeFiles/EEPROM.dir/C_/VSARM/sdk/pico/pico-sdk/src/rp2_common/hardware_irq/irq.c.obj
 .rodata.irq_set_exclusive_handler.str1.4
                0x10006e34       0x36 CMakeFiles/EEPROM.dir/C_/VSARM/sdk/pico/pico-sdk/src/rp2_common/hardware_irq/irq.c.obj
 *fill*         0x10006e6a        0x2 
 .rodata.irq_add_shared_handler.str1.4
                0x10006e6c       0xc2 CMakeFiles/EEPROM.dir/C_/VSARM/sdk/pico/pico-sdk/src/rp2_common/hardware_irq/irq.c.obj
 *fill*         0x10006f2e        0x2 
 .rodata.irq_remove_handler.str1.4
                0x10006f30       0x3a CMakeFiles/EEPROM.dir/C_/VSARM/sdk/pico/pico-sdk/src/rp2_common/hardware_irq/irq.c.obj
 *fill*         0x10006f6a        0x2 
 .rodata.irq_add_tail_to_free_list.str1.4
                0x10006f6c       0x3a CMakeFiles/EEPROM.dir/C_/VSARM/sdk/pico/pico-sdk/src/rp2_common/hardware_irq/irq.c.obj
 *fill*         0x10006fa6        0x2 
 .rodata.user_irq_claim_unused.str1.4
                0x10006fa8       0x1b CMakeFiles/EEPROM.dir/C_/VSARM/sdk/pico/pico-sdk/src/rp2_common/hardware_irq/irq.c.obj
 *fill*         0x10006fc3        0x1 
 .rodata.__func__.0
                0x10006fc4       0x1a CMakeFiles/EEPROM.dir/C_/VSARM/sdk/pico/pico-sdk/src/rp2_common/hardware_irq/irq.c.obj
 *fill*         0x10006fde        0x2 
 .rodata.__func__.1
                0x10006fe0       0x17 CMakeFiles/EEPROM.dir/C_/VSARM/sdk/pico/pico-sdk/src/rp2_common/hardware_irq/irq.c.obj
 *fill*         0x10006ff7        0x1 
 .rodata.__func__.2
                0x10006ff8       0x13 CMakeFiles/EEPROM.dir/C_/VSARM/sdk/pico/pico-sdk/src/rp2_common/hardware_irq/irq.c.obj
 *fill*         0x1000700b        0x1 
 .rodata.__func__.3
                0x1000700c        0xc CMakeFiles/EEPROM.dir/C_/VSARM/sdk/pico/pico-sdk/src/rp2_common/hardware_irq/irq.c.obj
 .rodata.__func__.4
                0x10007018        0xf CMakeFiles/EEPROM.dir/C_/VSARM/sdk/pico/pico-sdk/src/rp2_common/hardware_irq/irq.c.obj
 *fill*         0x10007027        0x1 
 .rodata.__func__.5
                0x10007028       0x17 CMakeFiles/EEPROM.dir/C_/VSARM/sdk/pico/pico-sdk/src/rp2_common/hardware_irq/irq.c.obj
 *fill*         0x1000703f        0x1 
 .rodata.__func__.6
                0x10007040       0x1a CMakeFiles/EEPROM.dir/C_/VSARM/sdk/pico/pico-sdk/src/rp2_common/hardware_irq/irq.c.obj
 *fill*         0x1000705a        0x2 
 .rodata.update_us_since_boot.str1.4
                0x1000705c       0x61 CMakeFiles/EEPROM.dir/C_/VSARM/sdk/pico/pico-sdk/src/common/pico_sync/mutex.c.obj
 *fill*         0x100070bd        0x3 
 .rodata.str1.4
                0x100070c0       0x89 CMakeFiles/EEPROM.dir/C_/VSARM/sdk/pico/pico-sdk/src/common/pico_sync/mutex.c.obj
 *fill*         0x10007149        0x3 
 .rodata.__func__.1
                0x1000714c        0xb CMakeFiles/EEPROM.dir/C_/VSARM/sdk/pico/pico-sdk/src/common/pico_sync/mutex.c.obj
 *fill*         0x10007157        0x1 
 .rodata.__func__.3
                0x10007158       0x18 CMakeFiles/EEPROM.dir/C_/VSARM/sdk/pico/pico-sdk/src/common/pico_sync/mutex.c.obj
 .rodata.__func__.4
                0x10007170       0x15 CMakeFiles/EEPROM.dir/C_/VSARM/sdk/pico/pico-sdk/src/common/pico_sync/mutex.c.obj
 *fill*         0x10007185        0x3 
 .rodata.get_entry.str1.4
                0x10007188       0x5b CMakeFiles/EEPROM.dir/C_/VSARM/sdk/pico/pico-sdk/src/common/pico_time/time.c.obj
 .rodata.update_us_since_boot.str1.4
                0x100071e3       0x61 CMakeFiles/EEPROM.dir/C_/VSARM/sdk/pico/pico-sdk/src/common/pico_time/time.c.obj
 *fill*         0x100071e3        0x1 
 .rodata.ph_get_node.str1.4
                0x100071e4       0x66 CMakeFiles/EEPROM.dir/C_/VSARM/sdk/pico/pico-sdk/src/common/pico_time/time.c.obj
 *fill*         0x1000724a        0x2 
 .rodata.ph_add_child_node.str1.4
                0x1000724c       0x2e CMakeFiles/EEPROM.dir/C_/VSARM/sdk/pico/pico-sdk/src/common/pico_time/time.c.obj
 *fill*         0x1000727a        0x2 
 .rodata.ph_insert_node.str1.4
                0x1000727c        0x3 CMakeFiles/EEPROM.dir/C_/VSARM/sdk/pico/pico-sdk/src/common/pico_time/time.c.obj
 *fill*         0x1000727f        0x1 
 .rodata.ph_free_node.str1.4
                0x10007280       0x38 CMakeFiles/EEPROM.dir/C_/VSARM/sdk/pico/pico-sdk/src/common/pico_time/time.c.obj
 .rodata.add_alarm_under_lock.str1.4
                0x100072b8       0x28 CMakeFiles/EEPROM.dir/C_/VSARM/sdk/pico/pico-sdk/src/common/pico_time/time.c.obj
 .rodata.alarm_pool_alarm_callback.str1.4
                0x100072e0       0x60 CMakeFiles/EEPROM.dir/C_/VSARM/sdk/pico/pico-sdk/src/common/pico_time/time.c.obj
 .rodata.alarm_pool_get_default.str1.4
                0x10007340       0x21 CMakeFiles/EEPROM.dir/C_/VSARM/sdk/pico/pico-sdk/src/common/pico_time/time.c.obj
 *fill*         0x10007361        0x3 
 .rodata.alarm_pool_cancel_alarm.str1.4
                0x10007364       0x27 CMakeFiles/EEPROM.dir/C_/VSARM/sdk/pico/pico-sdk/src/common/pico_time/time.c.obj
 *fill*         0x1000738b        0x1 
 .rodata.sleep_until.str1.4
                0x1000738c       0x4d CMakeFiles/EEPROM.dir/C_/VSARM/sdk/pico/pico-sdk/src/common/pico_time/time.c.obj
 *fill*         0x100073d9        0x3 
 .rodata.__func__.1
                0x100073dc       0x18 CMakeFiles/EEPROM.dir/C_/VSARM/sdk/pico/pico-sdk/src/common/pico_time/time.c.obj
 .rodata.__func__.3
                0x100073f4       0x17 CMakeFiles/EEPROM.dir/C_/VSARM/sdk/pico/pico-sdk/src/common/pico_time/time.c.obj
 *fill*         0x1000740b        0x1 
 .rodata.__func__.4
                0x1000740c       0x12 CMakeFiles/EEPROM.dir/C_/VSARM/sdk/pico/pico-sdk/src/common/pico_time/time.c.obj
 *fill*         0x1000741e        0x2 
 .rodata.__func__.5
                0x10007420        0xd CMakeFiles/EEPROM.dir/C_/VSARM/sdk/pico/pico-sdk/src/common/pico_time/time.c.obj
 *fill*         0x1000742d        0x3 
 .rodata.__func__.6
                0x10007430       0x12 CMakeFiles/EEPROM.dir/C_/VSARM/sdk/pico/pico-sdk/src/common/pico_time/time.c.obj
 *fill*         0x10007442        0x2 
 .rodata.__func__.7
                0x10007444        0xf CMakeFiles/EEPROM.dir/C_/VSARM/sdk/pico/pico-sdk/src/common/pico_time/time.c.obj
 *fill*         0x10007453        0x1 
 .rodata.__func__.8
                0x10007454        0xc CMakeFiles/EEPROM.dir/C_/VSARM/sdk/pico/pico-sdk/src/common/pico_time/time.c.obj
 .rodata.__func__.9
                0x10007460       0x15 CMakeFiles/EEPROM.dir/C_/VSARM/sdk/pico/pico-sdk/src/common/pico_time/time.c.obj
 *fill*         0x10007475        0x3 
 .rodata.__func__.10
                0x10007478       0x15 CMakeFiles/EEPROM.dir/C_/VSARM/sdk/pico/pico-sdk/src/common/pico_time/time.c.obj
 *fill*         0x1000748d        0x3 
 .rodata.__func__.11
                0x10007490       0x1a CMakeFiles/EEPROM.dir/C_/VSARM/sdk/pico/pico-sdk/src/common/pico_time/time.c.obj
 *fill*         0x100074aa        0x2 
 .rodata.__func__.12
                0x100074ac        0xa CMakeFiles/EEPROM.dir/C_/VSARM/sdk/pico/pico-sdk/src/common/pico_time/time.c.obj
 *fill*         0x100074b6        0x2 
 .rodata.hardware_alarm_claim.str1.4
                0x100074b8       0x22 CMakeFiles/EEPROM.dir/C_/VSARM/sdk/pico/pico-sdk/src/rp2_common/hardware_timer/timer.c.obj
 *fill*         0x100074da        0x2 
 .rodata.hardware_alarm_set_target.str1.4
                0x100074dc       0x65 CMakeFiles/EEPROM.dir/C_/VSARM/sdk/pico/pico-sdk/src/rp2_common/hardware_timer/timer.c.obj
 *fill*         0x10007541        0x3 
 .rodata.__func__.0
                0x10007544       0x1a CMakeFiles/EEPROM.dir/C_/VSARM/sdk/pico/pico-sdk/src/rp2_common/hardware_timer/timer.c.obj
 .rodata.ph_get_node.str1.4
                0x1000755e       0x66 CMakeFiles/EEPROM.dir/C_/VSARM/sdk/pico/pico-sdk/src/common/pico_util/pheap.c.obj
 .rodata.ph_add_child_node.str1.4
                0x1000755e       0x2e CMakeFiles/EEPROM.dir/C_/VSARM/sdk/pico/pico-sdk/src/common/pico_util/pheap.c.obj
 *fill*         0x1000755e        0x2 
 .rodata.ph_remove_any_head.str1.4
                0x10007560       0x8c CMakeFiles/EEPROM.dir/C_/VSARM/sdk/pico/pico-sdk/src/common/pico_util/pheap.c.obj
                                 0xa0 (size before relaxing)
 .rodata.ph_remove_and_free_node.str1.4
                0x100075ec       0x1e CMakeFiles/EEPROM.dir/C_/VSARM/sdk/pico/pico-sdk/src/common/pico_util/pheap.c.obj
                                 0x26 (size before relaxing)
 *fill*         0x1000760a        0x2 
 .rodata.__func__.0
                0x1000760c       0x18 CMakeFiles/EEPROM.dir/C_/VSARM/sdk/pico/pico-sdk/src/common/pico_util/pheap.c.obj
 .rodata.__func__.1
                0x10007624       0x13 CMakeFiles/EEPROM.dir/C_/VSARM/sdk/pico/pico-sdk/src/common/pico_util/pheap.c.obj
 *fill*         0x10007637        0x1 
 .rodata.__func__.2
                0x10007638       0x12 CMakeFiles/EEPROM.dir/C_/VSARM/sdk/pico/pico-sdk/src/common/pico_util/pheap.c.obj
 *fill*         0x1000764a        0x2 
 .rodata.__func__.3
                0x1000764c        0xc CMakeFiles/EEPROM.dir/C_/VSARM/sdk/pico/pico-sdk/src/common/pico_util/pheap.c.obj
 .rodata.clock_configure.str1.4
                0x10007658       0x57 CMakeFiles/EEPROM.dir/C_/VSARM/sdk/pico/pico-sdk/src/rp2_common/hardware_clocks/clocks.c.obj
 *fill*         0x100076af        0x1 
 .rodata.__func__.1
                0x100076b0       0x10 CMakeFiles/EEPROM.dir/C_/VSARM/sdk/pico/pico-sdk/src/rp2_common/hardware_clocks/clocks.c.obj
 .rodata.pll_init.str1.4
                0x100076c0      0x124 CMakeFiles/EEPROM.dir/C_/VSARM/sdk/pico/pico-sdk/src/rp2_common/hardware_pll/pll.c.obj
 .rodata.__func__.0
                0x100077e4        0x9 CMakeFiles/EEPROM.dir/C_/VSARM/sdk/pico/pico-sdk/src/rp2_common/hardware_pll/pll.c.obj
 *fill*         0x100077ed        0x3 
 .rodata.__assert_func.str1.4
                0x100077f0       0x3f CMakeFiles/EEPROM.dir/C_/VSARM/sdk/pico/pico-sdk/src/rp2_common/pico_runtime/runtime.c.obj
                                 0x43 (size before relaxing)
 *fill*         0x1000782f        0x1 
 .rodata.runtime_init.str1.4
                0x10007830       0x61 CMakeFiles/EEPROM.dir/C_/VSARM/sdk/pico/pico-sdk/src/rp2_common/pico_runtime/runtime.c.obj
 *fill*         0x10007891        0x3 
 .rodata.panic.str1.4
                0x10007894       0x12 CMakeFiles/EEPROM.dir/C_/VSARM/sdk/pico/pico-sdk/src/rp2_common/pico_runtime/runtime.c.obj
 *fill*         0x100078a6        0x2 
 .rodata.__func__.2
                0x100078a8        0xd CMakeFiles/EEPROM.dir/C_/VSARM/sdk/pico/pico-sdk/src/rp2_common/pico_runtime/runtime.c.obj
 *fill*         0x100078b5        0x3 
 .rodata._ftoa.str1.4
                0x100078b8       0x15 CMakeFiles/EEPROM.dir/C_/VSARM/sdk/pico/pico-sdk/src/rp2_common/pico_printf/printf.c.obj
 *fill*         0x100078cd        0x3 
 .rodata._vsnprintf
                0x100078d0      0x19c CMakeFiles/EEPROM.dir/C_/VSARM/sdk/pico/pico-sdk/src/rp2_common/pico_printf/printf.c.obj
 *fill*         0x10007a6c        0x4 
 .rodata.pow10.0
                0x10007a70       0x50 CMakeFiles/EEPROM.dir/C_/VSARM/sdk/pico/pico-sdk/src/rp2_common/pico_printf/printf.c.obj
 .rodata.__aeabi_double_init.str1.4
                0x10007ac0       0x9c CMakeFiles/EEPROM.dir/C_/VSARM/sdk/pico/pico-sdk/src/rp2_common/pico_double/double_init_rom.c.obj
 .rodata.__func__.0
                0x10007b5c       0x14 CMakeFiles/EEPROM.dir/C_/VSARM/sdk/pico/pico-sdk/src/rp2_common/pico_double/double_init_rom.c.obj
 .rodata.__aeabi_float_init.str1.4
                0x10007b70       0x7a CMakeFiles/EEPROM.dir/C_/VSARM/sdk/pico/pico-sdk/src/rp2_common/pico_float/float_init_rom.c.obj
                                 0x7e (size before relaxing)
 *fill*         0x10007bea        0x2 
 .rodata.__func__.0
                0x10007bec       0x13 CMakeFiles/EEPROM.dir/C_/VSARM/sdk/pico/pico-sdk/src/rp2_common/pico_float/float_init_rom.c.obj
 *fill*         0x10007bff        0x1 
 .rodata.str1.4
                0x10007c00       0x3c CMakeFiles/EEPROM.dir/C_/VSARM/sdk/pico/pico-sdk/src/rp2_common/pico_standard_link/binary_info.c.obj
 .rodata.__bi_81
                0x10007c3c        0xc CMakeFiles/EEPROM.dir/C_/VSARM/sdk/pico/pico-sdk/src/rp2_common/pico_standard_link/binary_info.c.obj
 .rodata.__bi_75
                0x10007c48        0xc CMakeFiles/EEPROM.dir/C_/VSARM/sdk/pico/pico-sdk/src/rp2_common/pico_standard_link/binary_info.c.obj
 .rodata.__bi_44
                0x10007c54        0xc CMakeFiles/EEPROM.dir/C_/VSARM/sdk/pico/pico-sdk/src/rp2_common/pico_standard_link/binary_info.c.obj
 .rodata.update_us_since_boot.str1.4
                0x10007c60       0x61 CMakeFiles/EEPROM.dir/C_/VSARM/sdk/pico/pico-sdk/src/rp2_common/pico_stdio/stdio.c.obj
 .rodata.crlf_str.2
                0x10007c60        0x2 CMakeFiles/EEPROM.dir/C_/VSARM/sdk/pico/pico-sdk/src/rp2_common/pico_stdio/stdio.c.obj
 *fill*         0x10007c62        0x2 
 .rodata.__func__.3
                0x10007c64       0x15 CMakeFiles/EEPROM.dir/C_/VSARM/sdk/pico/pico-sdk/src/rp2_common/pico_stdio/stdio.c.obj
 *fill*         0x10007c79        0x3 
 .rodata._resetd_driver
                0x10007c7c       0x18 CMakeFiles/EEPROM.dir/C_/VSARM/sdk/pico/pico-sdk/src/rp2_common/pico_stdio_usb/reset_interface.c.obj
 .rodata.update_us_since_boot.str1.4
                0x10007c94       0x61 CMakeFiles/EEPROM.dir/C_/VSARM/sdk/pico/pico-sdk/src/rp2_common/pico_stdio_usb/stdio_usb.c.obj
 .rodata.stdio_usb_init.str1.4
                0x10007c94       0x45 CMakeFiles/EEPROM.dir/C_/VSARM/sdk/pico/pico-sdk/src/rp2_common/pico_stdio_usb/stdio_usb.c.obj
                                 0x4d (size before relaxing)
 *fill*         0x10007cd9        0x3 
 .rodata.str1.4
                0x10007cdc       0x13 CMakeFiles/EEPROM.dir/C_/VSARM/sdk/pico/pico-sdk/src/rp2_common/pico_stdio_usb/stdio_usb.c.obj
 *fill*         0x10007cef        0x1 
 .rodata.__bi_182.0
                0x10007cf0        0xc CMakeFiles/EEPROM.dir/C_/VSARM/sdk/pico/pico-sdk/src/rp2_common/pico_stdio_usb/stdio_usb.c.obj
 .rodata.__func__.1
                0x10007cfc        0xf CMakeFiles/EEPROM.dir/C_/VSARM/sdk/pico/pico-sdk/src/rp2_common/pico_stdio_usb/stdio_usb.c.obj
 *fill*         0x10007d0b        0x1 
 .rodata.__func__.3
                0x10007d0c       0x15 CMakeFiles/EEPROM.dir/C_/VSARM/sdk/pico/pico-sdk/src/rp2_common/pico_stdio_usb/stdio_usb.c.obj
 *fill*         0x10007d21        0x3 
 .rodata.str1.4
                0x10007d24       0x2a CMakeFiles/EEPROM.dir/C_/VSARM/sdk/pico/pico-sdk/src/rp2_common/pico_stdio_usb/stdio_usb_descriptors.c.obj
 *fill*         0x10007d4e        0x2 
 .rodata.usbd_desc_str
                0x10007d50       0x18 CMakeFiles/EEPROM.dir/C_/VSARM/sdk/pico/pico-sdk/src/rp2_common/pico_stdio_usb/stdio_usb_descriptors.c.obj
 .rodata.usbd_desc_cfg
                0x10007d68       0x54 CMakeFiles/EEPROM.dir/C_/VSARM/sdk/pico/pico-sdk/src/rp2_common/pico_stdio_usb/stdio_usb_descriptors.c.obj
 .rodata.usbd_desc_device
                0x10007dbc       0x12 CMakeFiles/EEPROM.dir/C_/VSARM/sdk/pico/pico-sdk/src/rp2_common/pico_stdio_usb/stdio_usb_descriptors.c.obj
 *fill*         0x10007dce        0x2 
 .rodata.pico_get_unique_board_id_string.str1.4
                0x10007dd0       0x4d CMakeFiles/EEPROM.dir/C_/VSARM/sdk/pico/pico-sdk/src/rp2_common/pico_unique_id/unique_id.c.obj
 *fill*         0x10007e1d        0x3 
 .rodata.__func__.0
                0x10007e20       0x20 CMakeFiles/EEPROM.dir/C_/VSARM/sdk/pico/pico-sdk/src/rp2_common/pico_unique_id/unique_id.c.obj
 .rodata.str1.4
                0x10007e40      0x15a CMakeFiles/EEPROM.dir/C_/VSARM/sdk/pico/pico-sdk/src/rp2_common/hardware_flash/flash.c.obj
 *fill*         0x10007f9a        0x2 
 .rodata.__func__.0
                0x10007f9c        0xd CMakeFiles/EEPROM.dir/C_/VSARM/sdk/pico/pico-sdk/src/rp2_common/hardware_flash/flash.c.obj
 *fill*         0x10007fa9        0x3 
 .rodata._hw_endpoint_alloc.str1.4
                0x10007fac       0xb5 CMakeFiles/EEPROM.dir/C_/VSARM/sdk/pico/pico-sdk/lib/tinyusb/src/portable/raspberrypi/rp2040/dcd_rp2040.c.obj
 *fill*         0x10008061        0x3 
 .rodata.str1.4
                0x10008064       0x14 CMakeFiles/EEPROM.dir/C_/VSARM/sdk/pico/pico-sdk/lib/tinyusb/src/portable/raspberrypi/rp2040/dcd_rp2040.c.obj
 .rodata.dcd_int_enable.str1.4
                0x10008078        0xc CMakeFiles/EEPROM.dir/C_/VSARM/sdk/pico/pico-sdk/lib/tinyusb/src/portable/raspberrypi/rp2040/dcd_rp2040.c.obj
 .rodata.__func__.0
                0x10008084        0xe CMakeFiles/EEPROM.dir/C_/VSARM/sdk/pico/pico-sdk/lib/tinyusb/src/portable/raspberrypi/rp2040/dcd_rp2040.c.obj
 *fill*         0x10008092        0x2 
 .rodata.__func__.1
                0x10008094        0xe CMakeFiles/EEPROM.dir/C_/VSARM/sdk/pico/pico-sdk/lib/tinyusb/src/portable/raspberrypi/rp2040/dcd_rp2040.c.obj
 *fill*         0x100080a2        0x2 
 .rodata.__func__.3
                0x100080a4       0x10 CMakeFiles/EEPROM.dir/C_/VSARM/sdk/pico/pico-sdk/lib/tinyusb/src/portable/raspberrypi/rp2040/dcd_rp2040.c.obj
 .rodata.__func__.5
                0x100080b4        0xf CMakeFiles/EEPROM.dir/C_/VSARM/sdk/pico/pico-sdk/lib/tinyusb/src/portable/raspberrypi/rp2040/dcd_rp2040.c.obj
 *fill*         0x100080c3        0x1 
 .rodata.__func__.6
                0x100080c4       0x13 CMakeFiles/EEPROM.dir/C_/VSARM/sdk/pico/pico-sdk/lib/tinyusb/src/portable/raspberrypi/rp2040/dcd_rp2040.c.obj
 *fill*         0x100080d7        0x1 
 .rodata.__func__.7
                0x100080d8        0x9 CMakeFiles/EEPROM.dir/C_/VSARM/sdk/pico/pico-sdk/lib/tinyusb/src/portable/raspberrypi/rp2040/dcd_rp2040.c.obj
 *fill*         0x100080e1        0x3 
 .rodata.str1.4
                0x100080e4       0xe7 CMakeFiles/EEPROM.dir/C_/VSARM/sdk/pico/pico-sdk/lib/tinyusb/src/portable/raspberrypi/rp2040/rp2040_usb.c.obj
 *fill*         0x100081cb        0x1 
 .rodata.__func__.0
                0x100081cc        0xf CMakeFiles/EEPROM.dir/C_/VSARM/sdk/pico/pico-sdk/lib/tinyusb/src/portable/raspberrypi/rp2040/rp2040_usb.c.obj
 *fill*         0x100081db        0x1 
 .rodata.process_get_descriptor
                0x100081dc       0x40 CMakeFiles/EEPROM.dir/C_/VSARM/sdk/pico/pico-sdk/lib/tinyusb/src/device/usbd.c.obj
 .rodata.process_control_request
                0x1000821c       0x28 CMakeFiles/EEPROM.dir/C_/VSARM/sdk/pico/pico-sdk/lib/tinyusb/src/device/usbd.c.obj
 .rodata.tud_task_ext
                0x10008244       0x24 CMakeFiles/EEPROM.dir/C_/VSARM/sdk/pico/pico-sdk/lib/tinyusb/src/device/usbd.c.obj
 .rodata._usbd_driver
                0x10008268       0x18 CMakeFiles/EEPROM.dir/C_/VSARM/sdk/pico/pico-sdk/lib/tinyusb/src/device/usbd.c.obj
                0x10008280                        . = ALIGN (0x4)
 *(SORT_BY_ALIGNMENT(SORT_BY_NAME(.flashdata*)))
                0x10008280                        . = ALIGN (0x4)

.ARM.extab
 *(.ARM.extab* .gnu.linkonce.armextab.*)
                0x10008280                        __exidx_start = .

.ARM.exidx
 *(.ARM.exidx* .gnu.linkonce.armexidx.*)
                0x10008280                        __exidx_end = .
                0x10008280                        . = ALIGN (0x4)
                0x10008280                        __binary_info_start = .

.binary_info    0x10008280       0x20
 *(.binary_info.keep.*)
 .binary_info.keep.__bi_ptr81
                0x10008280        0x4 CMakeFiles/EEPROM.dir/C_/VSARM/sdk/pico/pico-sdk/src/rp2_common/pico_standard_link/binary_info.c.obj
 .binary_info.keep.__bi_ptr75
                0x10008284        0x4 CMakeFiles/EEPROM.dir/C_/VSARM/sdk/pico/pico-sdk/src/rp2_common/pico_standard_link/binary_info.c.obj
 .binary_info.keep.__bi_ptr50
                0x10008288        0x4 CMakeFiles/EEPROM.dir/C_/VSARM/sdk/pico/pico-sdk/src/rp2_common/pico_standard_link/binary_info.c.obj
 .binary_info.keep.__bi_ptr44
                0x1000828c        0x4 CMakeFiles/EEPROM.dir/C_/VSARM/sdk/pico/pico-sdk/src/rp2_common/pico_standard_link/binary_info.c.obj
 .binary_info.keep.__bi_ptr38
                0x10008290        0x4 CMakeFiles/EEPROM.dir/C_/VSARM/sdk/pico/pico-sdk/src/rp2_common/pico_standard_link/binary_info.c.obj
 .binary_info.keep.__bi_ptr30
                0x10008294        0x4 CMakeFiles/EEPROM.dir/C_/VSARM/sdk/pico/pico-sdk/src/rp2_common/pico_standard_link/binary_info.c.obj
 .binary_info.keep.__bi_ptr22
                0x10008298        0x4 CMakeFiles/EEPROM.dir/C_/VSARM/sdk/pico/pico-sdk/src/rp2_common/pico_standard_link/binary_info.c.obj
 *(.binary_info.*)
 .binary_info.__bi_ptr182
                0x1000829c        0x4 CMakeFiles/EEPROM.dir/C_/VSARM/sdk/pico/pico-sdk/src/rp2_common/pico_stdio_usb/stdio_usb.c.obj
                0x100082a0                        __binary_info_end = .

.rel.dyn        0x100082a0        0x0
 .rel.iplt      0x100082a0        0x0 c:/vsarm/armcc/125863~1.3re/bin/../lib/gcc/arm-none-eabi/12.3.1/thumb/v6-m/nofp/crtbegin.o
                0x100082a0                        . = ALIGN (0x4)

.ram_vector_table
                0x20000000       0xc0
 *(.ram_vector_table)
 .ram_vector_table
                0x20000000       0xc0 CMakeFiles/EEPROM.dir/C_/VSARM/sdk/pico/pico-sdk/src/rp2_common/pico_runtime/runtime.c.obj
                0x20000000                ram_vector_table

.data           0x200000c0      0xb30 load address 0x100082a0
                0x200000c0                        __data_start__ = .
 *(vtable)
 *(.time_critical*)
 .time_critical.mutex_try_enter
                0x200000c0       0x46 CMakeFiles/EEPROM.dir/C_/VSARM/sdk/pico/pico-sdk/src/common/pico_sync/mutex.c.obj
                0x200000c0                mutex_try_enter
 *fill*         0x20000106        0x2 
 .time_critical.mutex_enter_block_until
                0x20000108       0x8c CMakeFiles/EEPROM.dir/C_/VSARM/sdk/pico/pico-sdk/src/common/pico_sync/mutex.c.obj
                0x20000108                mutex_enter_block_until
 .time_critical.mutex_try_enter_block_until
                0x20000194       0x34 CMakeFiles/EEPROM.dir/C_/VSARM/sdk/pico/pico-sdk/src/common/pico_sync/mutex.c.obj
                0x20000194                mutex_try_enter_block_until
 .time_critical.mutex_enter_timeout_ms
                0x200001c8       0x1a CMakeFiles/EEPROM.dir/C_/VSARM/sdk/pico/pico-sdk/src/common/pico_sync/mutex.c.obj
                0x200001c8                mutex_enter_timeout_ms
 *fill*         0x200001e2        0x2 
 .time_critical.mutex_exit
                0x200001e4       0x4c CMakeFiles/EEPROM.dir/C_/VSARM/sdk/pico/pico-sdk/src/common/pico_sync/mutex.c.obj
                0x200001e4                mutex_exit
 .time_critical.flash_init_boot2_copyout
                0x20000230       0x30 CMakeFiles/EEPROM.dir/C_/VSARM/sdk/pico/pico-sdk/src/rp2_common/hardware_flash/flash.c.obj
 .time_critical.flash_enable_xip_via_boot2
                0x20000260        0xc CMakeFiles/EEPROM.dir/C_/VSARM/sdk/pico/pico-sdk/src/rp2_common/hardware_flash/flash.c.obj
 .time_critical.flash_cs_force
                0x2000026c       0x28 CMakeFiles/EEPROM.dir/C_/VSARM/sdk/pico/pico-sdk/src/rp2_common/hardware_flash/flash.c.obj
 .time_critical.flash_do_cmd
                0x20000294       0xd8 CMakeFiles/EEPROM.dir/C_/VSARM/sdk/pico/pico-sdk/src/rp2_common/hardware_flash/flash.c.obj
                0x20000294                flash_do_cmd
 .time_critical.reset_non_control_endpoints
                0x2000036c       0x40 CMakeFiles/EEPROM.dir/C_/VSARM/sdk/pico/pico-sdk/lib/tinyusb/src/portable/raspberrypi/rp2040/dcd_rp2040.c.obj
 .time_critical.hw_handle_buff_status
                0x200003ac       0xa4 CMakeFiles/EEPROM.dir/C_/VSARM/sdk/pico/pico-sdk/lib/tinyusb/src/portable/raspberrypi/rp2040/dcd_rp2040.c.obj
 .time_critical.dcd_rp2040_irq
                0x20000450      0x1b8 CMakeFiles/EEPROM.dir/C_/VSARM/sdk/pico/pico-sdk/lib/tinyusb/src/portable/raspberrypi/rp2040/dcd_rp2040.c.obj
 .time_critical.e15_is_bulkin_ep
                0x20000608       0x2c CMakeFiles/EEPROM.dir/C_/VSARM/sdk/pico/pico-sdk/lib/tinyusb/src/portable/raspberrypi/rp2040/rp2040_usb.c.obj
 .time_critical.e15_is_critical_frame_period
                0x20000634       0x30 CMakeFiles/EEPROM.dir/C_/VSARM/sdk/pico/pico-sdk/lib/tinyusb/src/portable/raspberrypi/rp2040/rp2040_usb.c.obj
 .time_critical.prepare_ep_buffer
                0x20000664       0x6c CMakeFiles/EEPROM.dir/C_/VSARM/sdk/pico/pico-sdk/lib/tinyusb/src/portable/raspberrypi/rp2040/rp2040_usb.c.obj
 .time_critical.sync_ep_buffer
                0x200006d0       0x7c CMakeFiles/EEPROM.dir/C_/VSARM/sdk/pico/pico-sdk/lib/tinyusb/src/portable/raspberrypi/rp2040/rp2040_usb.c.obj
 .time_critical._hw_endpoint_xfer_sync
                0x2000074c       0x28 CMakeFiles/EEPROM.dir/C_/VSARM/sdk/pico/pico-sdk/lib/tinyusb/src/portable/raspberrypi/rp2040/rp2040_usb.c.obj
 .time_critical.hw_endpoint_reset_transfer
                0x20000774        0xc CMakeFiles/EEPROM.dir/C_/VSARM/sdk/pico/pico-sdk/lib/tinyusb/src/portable/raspberrypi/rp2040/rp2040_usb.c.obj
                0x20000774                hw_endpoint_reset_transfer
 .time_critical._hw_endpoint_buffer_control_update32
                0x20000780       0x58 CMakeFiles/EEPROM.dir/C_/VSARM/sdk/pico/pico-sdk/lib/tinyusb/src/portable/raspberrypi/rp2040/rp2040_usb.c.obj
                0x20000780                _hw_endpoint_buffer_control_update32
 .time_critical.hw_endpoint_start_next_buffer
                0x200007d8       0x7c CMakeFiles/EEPROM.dir/C_/VSARM/sdk/pico/pico-sdk/lib/tinyusb/src/portable/raspberrypi/rp2040/rp2040_usb.c.obj
                0x200007d8                hw_endpoint_start_next_buffer
 .time_critical.hw_endpoint_xfer_continue
                0x20000854       0x50 CMakeFiles/EEPROM.dir/C_/VSARM/sdk/pico/pico-sdk/lib/tinyusb/src/portable/raspberrypi/rp2040/rp2040_usb.c.obj
                0x20000854                hw_endpoint_xfer_continue
 .time_critical.tinyusb
                0x200008a4      0x1ac CMakeFiles/EEPROM.dir/C_/VSARM/sdk/pico/pico-sdk/lib/tinyusb/src/device/usbd.c.obj
                0x200008a4                dcd_event_handler
 *(.text*)
 .text          0x20000a50        0x4 c:/vsarm/armcc/125863~1.3re/bin/../lib/gcc/arm-none-eabi/12.3.1/thumb/v6-m/nofp\libgcc.a(_dvmd_tls.o)
                0x20000a50                __aeabi_idiv0
                0x20000a50                __aeabi_ldiv0
 *fill*         0x20000a54        0x4 
 .text.__stub   0x20000a58       0xa0 linker stubs
                0x20000af8                        . = ALIGN (0x4)
 *(.rodata*)
                0x20000af8                        . = ALIGN (0x4)
 *(.data*)
 .data.striped_spin_lock_num
                0x20000af8        0x1 CMakeFiles/EEPROM.dir/C_/VSARM/sdk/pico/pico-sdk/src/rp2_common/hardware_sync/sync.c.obj
 *fill*         0x20000af9        0x3 
 .data          0x20000afc       0x48 CMakeFiles/EEPROM.dir/C_/VSARM/sdk/pico/pico-sdk/src/rp2_common/hardware_irq/irq_handler_chain.S.obj
                0x20000afc                irq_handler_chain_slots
                0x20000b2c                irq_handler_chain_first_slot
                0x20000b36                irq_handler_chain_remove_tail
 .data.default_alarm_pool
                0x20000b44       0x18 CMakeFiles/EEPROM.dir/C_/VSARM/sdk/pico/pico-sdk/src/common/pico_time/time.c.obj
 .data.default_alarm_pool_heap
                0x20000b5c       0x10 CMakeFiles/EEPROM.dir/C_/VSARM/sdk/pico/pico-sdk/src/common/pico_time/time.c.obj
 *fill*         0x20000b6c        0x4 
 .data.aeabi_bits_funcs
                0x20000b70       0x10 CMakeFiles/EEPROM.dir/C_/VSARM/sdk/pico/pico-sdk/src/rp2_common/pico_bit_ops/bit_ops_aeabi.S.obj
                0x20000b70                aeabi_bits_funcs
                0x20000b80                aeabi_bits_funcs_end
 .data.aeabi_mem_funcs
                0x20000b80       0x10 CMakeFiles/EEPROM.dir/C_/VSARM/sdk/pico/pico-sdk/src/rp2_common/pico_mem_ops/mem_ops_aeabi.S.obj
                0x20000b80                aeabi_mem_funcs
                0x20000b90                aeabi_mem_funcs_end
 .data.stdio_usb
                0x20000b90       0x18 CMakeFiles/EEPROM.dir/C_/VSARM/sdk/pico/pico-sdk/src/rp2_common/pico_stdio_usb/stdio_usb.c.obj
                0x20000b90                stdio_usb
 .data.ep_dir_string
                0x20000ba8        0x8 CMakeFiles/EEPROM.dir/C_/VSARM/sdk/pico/pico-sdk/lib/tinyusb/src/portable/raspberrypi/rp2040/rp2040_usb.c.obj
                0x20000ba8                ep_dir_string
 .data._usbd_qdef
                0x20000bb0       0x1c CMakeFiles/EEPROM.dir/C_/VSARM/sdk/pico/pico-sdk/lib/tinyusb/src/device/usbd.c.obj
                0x20000bb0                _usbd_qdef
 .data._usbd_rhport
                0x20000bcc        0x1 CMakeFiles/EEPROM.dir/C_/VSARM/sdk/pico/pico-sdk/lib/tinyusb/src/device/usbd.c.obj
                0x20000bd0                        . = ALIGN (0x4)
 *fill*         0x20000bcd        0x3 
 *(.after_data.*)
                0x20000bd0                        . = ALIGN (0x4)
                0x20000bd0                        PROVIDE (__mutex_array_start = .)
 *(SORT_BY_NAME(.mutex_array.*))
 *(.mutex_array)
 .mutex_array   0x20000bd0        0x8 CMakeFiles/EEPROM.dir/C_/VSARM/sdk/pico/pico-sdk/src/rp2_common/pico_stdio/stdio.c.obj
                0x20000bd8                        PROVIDE (__mutex_array_end = .)
                0x20000bd8                        . = ALIGN (0x4)
                0x20000bd8                        PROVIDE (__preinit_array_start = .)
 *(SORT_BY_NAME(.preinit_array.*))
 .preinit_array.00001
                0x20000bd8        0x4 CMakeFiles/EEPROM.dir/C_/VSARM/sdk/pico/pico-sdk/src/rp2_common/pico_mem_ops/mem_ops_aeabi.S.obj
 .preinit_array.00010
                0x20000bdc        0x4 CMakeFiles/EEPROM.dir/C_/VSARM/sdk/pico/pico-sdk/src/rp2_common/pico_bit_ops/bit_ops_aeabi.S.obj
 .preinit_array.00020
                0x20000be0        0x4 CMakeFiles/EEPROM.dir/C_/VSARM/sdk/pico/pico-sdk/src/rp2_common/pico_double/double_aeabi.S.obj
 .preinit_array.00020
                0x20000be4        0x4 CMakeFiles/EEPROM.dir/C_/VSARM/sdk/pico/pico-sdk/src/rp2_common/pico_float/float_aeabi.S.obj
 *(.preinit_array)
                0x20000be8                        PROVIDE (__preinit_array_end = .)
                0x20000be8                        . = ALIGN (0x4)
                0x20000be8                        PROVIDE (__init_array_start = .)
 *(SORT_BY_NAME(.init_array.*))
 *(.init_array)
 .init_array    0x20000be8        0x4 c:/vsarm/armcc/125863~1.3re/bin/../lib/gcc/arm-none-eabi/12.3.1/thumb/v6-m/nofp/crtbegin.o
 .init_array    0x20000bec        0x4 CMakeFiles/EEPROM.dir/C_/VSARM/sdk/pico/pico-sdk/src/rp2_common/pico_unique_id/unique_id.c.obj
                0x20000bf0                        PROVIDE (__init_array_end = .)
                0x20000bf0                        . = ALIGN (0x4)
                [!provide]                        PROVIDE (__fini_array_start = .)
 *(SORT_BY_NAME(.fini_array.*))
 *(.fini_array)
                [!provide]                        PROVIDE (__fini_array_end = .)
 *(.jcr)
                0x20000bf0                        . = ALIGN (0x4)
                0x20000bf0                        __data_end__ = .
                0x100082a0                        __etext = LOADADDR (.data)

.tm_clone_table
                0x20000bf0        0x0 load address 0x10008dd0
 .tm_clone_table
                0x20000bf0        0x0 c:/vsarm/armcc/125863~1.3re/bin/../lib/gcc/arm-none-eabi/12.3.1/thumb/v6-m/nofp/crtbegin.o
 .tm_clone_table
                0x20000bf0        0x0 c:/vsarm/armcc/125863~1.3re/bin/../lib/gcc/arm-none-eabi/12.3.1/thumb/v6-m/nofp/crtend.o

.igot.plt       0x20000bf0        0x0 load address 0x10008dd0
 .igot.plt      0x20000bf0        0x0 c:/vsarm/armcc/125863~1.3re/bin/../lib/gcc/arm-none-eabi/12.3.1/thumb/v6-m/nofp/crtbegin.o

.uninitialized_data
                0x20000bf0        0x0 load address 0x10008dd0
                0x20000bf0                        . = ALIGN (0x4)
 *(.uninitialized_data*)

.scratch_x      0x20040000        0x0 load address 0x10008dd0
                0x20040000                        __scratch_x_start__ = .
 *(.scratch_x.*)
                0x20040000                        . = ALIGN (0x4)
                0x20040000                        __scratch_x_end__ = .
                0x10008dd0                        __scratch_x_source__ = LOADADDR (.scratch_x)

.scratch_y      0x20041000        0x0 load address 0x10008dd0
                0x20041000                        __scratch_y_start__ = .