Archive member included to satisfy reference by file (symbol)

c:/vsarm/armcc/125863~1.3re/bin/../lib/gcc/arm-none-eabi/12.3.1/thumb/v6-m/nofp\libgcc.a(_dvmd_tls.o)
                              CMakeFiles/EEPROM.dir/C_/VSARM/sdk/pico/pico-sdk/src/rp2_common/pico_divider/divider.S.obj (__aeabi_idiv0)
c:/vsarm/armcc/125863~1.3re/bin/../lib/gcc/arm-none-eabi/12.3.1/thumb/v6-m/nofp\libg.a(libc_a-calloc.o)
                              CMakeFiles/EEPROM.dir/C_/VSARM/sdk/pico/pico-sdk/src/rp2_common/pico_malloc/pico_malloc.c.obj (calloc)
c:/vsarm/armcc/125863~1.3re/bin/../lib/gcc/arm-none-eabi/12.3.1/thumb/v6-m/nofp\libg.a(libc_a-callocr.o)
                              c:/vsarm/armcc/125863~1.3re/bin/../lib/gcc/arm-none-eabi/12.3.1/thumb/v6-m/nofp\libg.a(libc_a-calloc.o) (_calloc_r)
c:/vsarm/armcc/125863~1.3re/bin/../lib/gcc/arm-none-eabi/12.3.1/thumb/v6-m/nofp\libg.a(libc_a-malloc.o)
                              CMakeFiles/EEPROM.dir/C_/VSARM/sdk/pico/pico-sdk/src/rp2_common/pico_malloc/pico_malloc.c.obj (malloc)
c:/vsarm/armcc/125863~1.3re/bin/../lib/gcc/arm-none-eabi/12.3.1/thumb/v6-m/nofp\libg.a(libc_a-mallocr.o)
                              c:/vsarm/armcc/125863~1.3re/bin/../lib/gcc/arm-none-eabi/12.3.1/thumb/v6-m/nofp\libg.a(libc_a-callocr.o) (_malloc_r)
c:/vsarm/armcc/125863~1.3re/bin/../lib/gcc/arm-none-eabi/12.3.1/thumb/v6-m/nofp\libg.a(libc_a-mlock.o)
                              c:/vsarm/armcc/125863~1.3re/bin/../lib/gcc/arm-none-eabi/12.3.1/thumb/v6-m/nofp\libg.a(libc_a-mallocr.o) (__malloc_lock)
c:/vsarm/armcc/125863~1.3re/bin/../lib/gcc/arm-none-eabi/12.3.1/thumb/v6-m/nofp\libg.a(libc_a-realloc.o)
                              CMakeFiles/EEPROM.dir/C_/VSARM/sdk/pico/pico-sdk/src/rp2_common/pico_malloc/pico_malloc.c.obj (realloc)
c:/vsarm/armcc/125863~1.3re/bin/../lib/gcc/arm-none-eabi/12.3.1/thumb/v6-m/nofp\libg.a(libc_a-reallocr.o)
                              c:/vsarm/armcc/125863~1.3re/bin/../lib/gcc/arm-none-eabi/12.3.1/thumb/v6-m/nofp\libg.a(libc_a-realloc.o) (_realloc_r)
c:/vsarm/armcc/125863~1.3re/bin/../lib/gcc/arm-none-eabi/12.3.1/thumb/v6-m/nofp\libg.a(libc_a-memmove.o)
                              c:/vsarm/armcc/125863~1.3re/bin/../lib/gcc/arm-none-eabi/12.3.1/thumb/v6-m/nofp\libg.a(libc_a-reallocr.o) (memmove)
c:/vsarm/armcc/125863~1.3re/bin/../lib/gcc/arm-none-eabi/12.3.1/thumb/v6-m/nofp\libg.a(libc_a-impure.o)
                              c:/vsarm/armcc/125863~1.3re/bin/../lib/gcc/arm-none-eabi/12.3.1/thumb/v6-m/nofp\libg.a(libc_a-calloc.o) (_impure_ptr)
c:/vsarm/armcc/125863~1.3re/bin/../lib/gcc/arm-none-eabi/12.3.1/thumb/v6-m/nofp\libg.a(libc_a-sbrkr.o)
                              c:/vsarm/armcc/125863~1.3re/bin/../lib/gcc/arm-none-eabi/12.3.1/thumb/v6-m/nofp\libg.a(libc_a-mallocr.o) (_sbrk_r)
c:/vsarm/armcc/125863~1.3re/bin/../lib/gcc/arm-none-eabi/12.3.1/thumb/v6-m/nofp\libg.a(libc_a-errno.o)
                              c:/vsarm/armcc/125863~1.3re/bin/../lib/gcc/arm-none-eabi/12.3.1/thumb/v6-m/nofp\libg.a(libc_a-callocr.o) (__errno)
c:/vsarm/armcc/125863~1.3re/bin/../lib/gcc/arm-none-eabi/12.3.1/thumb/v6-m/nofp\libg.a(libc_a-init.o)
                              c:/vsarm/armcc/125863~1.3re/bin/../lib/gcc/arm-none-eabi/12.3.1/thumb/v6-m/nofp/crt0.o (__libc_init_array)
c:/vsarm/armcc/125863~1.3re/bin/../lib/gcc/arm-none-eabi/12.3.1/thumb/v6-m/nofp\libg.a(libc_a-lock.o)
                              c:/vsarm/armcc/125863~1.3re/bin/../lib/gcc/arm-none-eabi/12.3.1/thumb/v6-m/nofp\libg.a(libc_a-mlock.o) (__retarget_lock_acquire_recursive)
c:/vsarm/armcc/125863~1.3re/bin/../lib/gcc/arm-none-eabi/12.3.1/thumb/v6-m/nofp\libg.a(libc_a-sysconf.o)
                              c:/vsarm/armcc/125863~1.3re/bin/../lib/gcc/arm-none-eabi/12.3.1/thumb/v6-m/nofp\libg.a(libc_a-mallocr.o) (sysconf)
c:/vsarm/armcc/125863~1.3re/bin/../lib/gcc/arm-none-eabi/12.3.1/thumb/v6-m/nofp\libg.a(libc_a-strlen-stub.o)
                              CMakeFiles/EEPROM.dir/C_/VSARM/sdk/pico/pico-sdk/src/rp2_common/pico_stdio/stdio.c.obj (strlen)
c:/vsarm/armcc/125863~1.3re/bin/../lib/gcc/arm-none-eabi/12.3.1/thumb/v6-m/nofp\libg.a(libc_a-freer.o)
                              c:/vsarm/armcc/125863~1.3re/bin/../lib/gcc/arm-none-eabi/12.3.1/thumb/v6-m/nofp\libg.a(libc_a-malloc.o) (_free_r)
c:/vsarm/armcc/125863~1.3re/bin/../lib/gcc/arm-none-eabi/12.3.1/thumb/v6-m/nofp\libg.a(libc_a-findfp.o)
                              c:/vsarm/armcc/125863~1.3re/bin/../lib/gcc/arm-none-eabi/12.3.1/thumb/v6-m/nofp\libg.a(libc_a-impure.o) (__sf)
c:/vsarm/armcc/125863~1.3re/bin/../lib/gcc/arm-none-eabi/12.3.1/thumb/v6-m/nofp\libg.a(libc_a-fwalk.o)
                              c:/vsarm/armcc/125863~1.3re/bin/../lib/gcc/arm-none-eabi/12.3.1/thumb/v6-m/nofp\libg.a(libc_a-findfp.o) (_fwalk_sglue)
c:/vsarm/armcc/125863~1.3re/bin/../lib/gcc/arm-none-eabi/12.3.1/thumb/v6-m/nofp\libg.a(libc_a-stdio.o)
[...]
Memory Configuration

Name             Origin             Length             Attributes
FLASH            0x10000000         0x00200000         xr
RAM              0x20000000         0x00040000         xrw
SCRATCH_X        0x20040000         0x00001000         xrw
SCRATCH_Y        0x20041000         0x00001000         xrw
*default*        0x00000000         0xffffffff

Linker script and memory map

LOAD c:/vsarm/armcc/125863~1.3re/bin/../lib/gcc/arm-none-eabi/12.3.1/thumb/v6-m/nofp/crti.o
LOAD c:/vsarm/armcc/125863~1.3re/bin/../lib/gcc/arm-none-eabi/12.3.1/thumb/v6-m/nofp/crtbegin.o
LOAD c:/vsarm/armcc/125863~1.3re/bin/../lib/gcc/arm-none-eabi/12.3.1/thumb/v6-m/nofp/crt0.o

.flash_begin    0x10000000        0x0
                0x10000000                        __flash_binary_start = .

.boot2          0x10000000      0x100
                0x10000000                        __boot2_start__ = .
 *(.boot2)
 .boot2         0x10000000      0x100 C:\Users\phuon\AppData\Local\Temp\ccY7X4Js.o
                0x10000100                        __boot2_end__ = .
                0x00000001                        ASSERT (((__boot2_end__ - __boot2_start__) == 0x100), ERROR: Pico second stage bootloader must be 256 bytes in size)

.text           0x10000100     0x73b0
                0x10000100                        __logical_binary_start = .
 *(.vectors)
 .vectors       0x10000100       0xd4 CMakeFiles/EEPROM.dir/C_/VSARM/sdk/pico/pico-sdk/src/rp2_common/pico_standard_link/crt0.S.obj
                0x10000100                __VECTOR_TABLE
                0x10000100                __vectors
                0x100001c0                isr_invalid
                0x100001c0                __default_isrs_start
                0x100001c2                isr_nmi
                0x100001c4                isr_hardfault
                0x100001c6                isr_svcall
                0x100001c8                isr_pendsv
                0x100001ca                isr_systick
                0x100001cc                isr_irq23
                0x100001cc                isr_irq18
                0x100001cc                isr_irq11
                0x100001cc                isr_irq28
                0x100001cc                isr_irq19
                0x100001cc                isr_irq0
                0x100001cc                isr_irq6
                0x100001cc                isr_irq5
                0x100001cc                isr_irq12
                0x100001cc                isr_irq22
                0x100001cc                isr_irq31
                0x100001cc                isr_irq17
                0x100001cc                isr_irq27
                0x100001cc                isr_irq30
                0x100001cc                isr_irq2
                0x100001cc                isr_irq10
                0x100001cc                isr_irq8
                0x100001cc                isr_irq24
                0x100001cc                isr_irq1
                0x100001cc                isr_irq7
                0x100001cc                isr_irq21
                0x100001cc                isr_irq20
                0x100001cc                isr_irq15
                0x100001cc                isr_irq25
                0x100001cc                isr_irq13
                0x100001cc                __unhandled_user_irq
                0x100001cc                isr_irq4
                0x100001cc                isr_irq16
                0x100001cc                isr_irq29
                0x100001cc                isr_irq26
                0x100001cc                __default_isrs_end
                0x100001cc                isr_irq3
                0x100001cc                isr_irq14
                0x100001cc                isr_irq9
                0x100001d2                unhandled_user_irq_num_in_r0
 *(.binary_info_header)
 .binary_info_header
                0x100001d4       0x14 CMakeFiles/EEPROM.dir/C_/VSARM/sdk/pico/pico-sdk/src/rp2_common/pico_standard_link/crt0.S.obj
                0x100001e8                        __binary_info_header_end = .
 *(.reset)
 .reset         0x100001e8       0xa0 CMakeFiles/EEPROM.dir/C_/VSARM/sdk/pico/pico-sdk/src/rp2_common/pico_standard_link/crt0.S.obj
                0x100001e8                _entry_point
 .reset         0x10000288       0x30 CMakeFiles/EEPROM.dir/C_/VSARM/sdk/pico/pico-sdk/src/rp2_common/pico_standard_link/binary_info.c.obj
 *(.init)
 .init          0x100002b8        0x4 c:/vsarm/armcc/125863~1.3re/bin/../lib/gcc/arm-none-eabi/12.3.1/thumb/v6-m/nofp/crti.o
                0x100002b8                _init
 *(EXCLUDE_FILE(*libm.a: *libc.a:*lib_a-mem*.o *libgcc.a:) .text*)
 .text.register_tm_clones
                0x100002bc       0x28 c:/vsarm/armcc/125863~1.3re/bin/../lib/gcc/arm-none-eabi/12.3.1/thumb/v6-m/nofp/crtbegin.o
 .text.frame_dummy
                0x100002e4       0x24 c:/vsarm/armcc/125863~1.3re/bin/../lib/gcc/arm-none-eabi/12.3.1/thumb/v6-m/nofp/crtbegin.o
 .text.led_state_valid
                0x10000308       0x28 CMakeFiles/EEPROM.dir/main.c.obj
                0x10000308                led_state_valid
 .text.clock    0x10000330       0x14 CMakeFiles/EEPROM.dir/main.c.obj
                0x10000330                clock
 .text.main     0x10000344      0x328 CMakeFiles/EEPROM.dir/main.c.obj
                0x10000344                main
 .text.eeprom_init
                0x1000066c       0x38 CMakeFiles/EEPROM.dir/Eeprom/eeprom.c.obj
                0x1000066c                eeprom_init
 .text.eeprom_write
                0x100006a4       0x2c CMakeFiles/EEPROM.dir/Eeprom/eeprom.c.obj
                0x100006a4                eeprom_write
 .text.eeprom_read
                0x100006d0       0x40 CMakeFiles/EEPROM.dir/Eeprom/eeprom.c.obj
                0x100006d0                eeprom_read
 .text.init_button
                0x10000710       0x2e CMakeFiles/EEPROM.dir/BTN/BTN.c.obj
                0x10000710                init_button
 .text.is_button_clicked
                0x1000073e       0x3e CMakeFiles/EEPROM.dir/BTN/BTN.c.obj
                0x1000073e                is_button_clicked
 .text.init_led
                0x1000077c       0x20 CMakeFiles/EEPROM.dir/LED/LED.c.obj
                0x1000077c                init_led
 .text.check_led_state
                0x1000079c       0x16 CMakeFiles/EEPROM.dir/LED/LED.c.obj
                0x1000079c                check_led_state
 .text.blink_led
                0x100007b2       0x1a CMakeFiles/EEPROM.dir/LED/LED.c.obj
                0x100007b2                blink_led
 .text.set_led_state
                0x100007cc        0x8 CMakeFiles/EEPROM.dir/LED_STATE/LED_STATE.c.obj
                0x100007cc                set_led_state
 .text.gpio_set_function
                0x100007d4       0x30 CMakeFiles/EEPROM.dir/C_/VSARM/sdk/pico/pico-sdk/src/rp2_common/hardware_gpio/gpio.c.obj
                0x100007d4                gpio_set_function
 .text.gpio_set_pulls
                0x10000804       0x34 CMakeFiles/EEPROM.dir/C_/VSARM/sdk/pico/pico-sdk/src/rp2_common/hardware_gpio/gpio.c.obj
                0x10000804                gpio_set_pulls
 .text.gpio_init
                0x10000838       0x16 CMakeFiles/EEPROM.dir/C_/VSARM/sdk/pico/pico-sdk/src/rp2_common/hardware_gpio/gpio.c.obj
                0x10000838                gpio_init
 *fill*         0x1000084e        0x2 
 .text.running_on_fpga
                0x10000850       0x14 CMakeFiles/EEPROM.dir/C_/VSARM/sdk/pico/pico-sdk/src/rp2_common/pico_platform/platform.c.obj
                0x10000850                running_on_fpga
 .text.hw_claim_lock
                0x10000864       0x18 CMakeFiles/EEPROM.dir/C_/VSARM/sdk/pico/pico-sdk/src/rp2_common/hardware_claim/claim.c.obj
                0x10000864                hw_claim_lock
 .text.hw_claim_unlock
                0x1000087c       0x14 CMakeFiles/EEPROM.dir/C_/VSARM/sdk/pico/pico-sdk/src/rp2_common/hardware_claim/claim.c.obj
                0x1000087c                hw_claim_unlock
 .text.hw_claim_or_assert
                0x10000890       0x32 CMakeFiles/EEPROM.dir/C_/VSARM/sdk/pico/pico-sdk/src/rp2_common/hardware_claim/claim.c.obj
                0x10000890                hw_claim_or_assert
 .text.hw_claim_unused_from_range
                0x100008c2       0x50 CMakeFiles/EEPROM.dir/C_/VSARM/sdk/pico/pico-sdk/src/rp2_common/hardware_claim/claim.c.obj
                0x100008c2                hw_claim_unused_from_range
 *fill*         0x10000912        0x2 
 .text.spin_locks_reset
                0x10000914       0x20 CMakeFiles/EEPROM.dir/C_/VSARM/sdk/pico/pico-sdk/src/rp2_common/hardware_sync/sync.c.obj
                0x10000914                spin_locks_reset
 .text.next_striped_spin_lock_num
                0x10000934       0x1c CMakeFiles/EEPROM.dir/C_/VSARM/sdk/pico/pico-sdk/src/rp2_common/hardware_sync/sync.c.obj
                0x10000934                next_striped_spin_lock_num
 .text.spin_lock_claim_unused
                0x10000950       0x24 CMakeFiles/EEPROM.dir/C_/VSARM/sdk/pico/pico-sdk/src/rp2_common/hardware_sync/sync.c.obj
                0x10000950                spin_lock_claim_unused
 .text.set_raw_irq_handler_and_unlock
                0x10000974       0x28 CMakeFiles/EEPROM.dir/C_/VSARM/sdk/pico/pico-sdk/src/rp2_common/hardware_irq/irq.c.obj
 .text.resolve_branch
                0x1000099c       0x30 CMakeFiles/EEPROM.dir/C_/VSARM/sdk/pico/pico-sdk/src/rp2_common/hardware_irq/irq.c.obj
 .text.make_branch
                0x100009cc       0x48 CMakeFiles/EEPROM.dir/C_/VSARM/sdk/pico/pico-sdk/src/rp2_common/hardware_irq/irq.c.obj
 .text.insert_branch_and_link
                0x10000a14       0x40 CMakeFiles/EEPROM.dir/C_/VSARM/sdk/pico/pico-sdk/src/rp2_common/hardware_irq/irq.c.obj
 .text.irq_is_enabled
                0x10000a54       0x18 CMakeFiles/EEPROM.dir/C_/VSARM/sdk/pico/pico-sdk/src/rp2_common/hardware_irq/irq.c.obj
                0x10000a54                irq_is_enabled
 .text.irq_set_mask_enabled
                0x10000a6c       0x20 CMakeFiles/EEPROM.dir/C_/VSARM/sdk/pico/pico-sdk/src/rp2_common/hardware_irq/irq.c.obj
                0x10000a6c                irq_set_mask_enabled
 .text.irq_set_enabled
                0x10000a8c        0xe CMakeFiles/EEPROM.dir/C_/VSARM/sdk/pico/pico-sdk/src/rp2_common/hardware_irq/irq.c.obj
                0x10000a8c                irq_set_enabled
 *fill*         0x10000a9a        0x2 
 .text.irq_set_pending
                0x10000a9c       0x10 CMakeFiles/EEPROM.dir/C_/VSARM/sdk/pico/pico-sdk/src/rp2_common/hardware_irq/irq.c.obj
                0x10000a9c                irq_set_pending
 .text.irq_get_vtable_handler
                0x10000aac       0x10 CMakeFiles/EEPROM.dir/C_/VSARM/sdk/pico/pico-sdk/src/rp2_common/hardware_irq/irq.c.obj
                0x10000aac                irq_get_vtable_handler
 .text.irq_has_shared_handler
                0x10000abc       0x24 CMakeFiles/EEPROM.dir/C_/VSARM/sdk/pico/pico-sdk/src/rp2_common/hardware_irq/irq.c.obj
                0x10000abc                irq_has_shared_handler
 .text.irq_set_exclusive_handler
                0x10000ae0       0x54 CMakeFiles/EEPROM.dir/C_/VSARM/sdk/pico/pico-sdk/src/rp2_common/hardware_irq/irq.c.obj
                0x10000ae0                irq_set_exclusive_handler
 .text.irq_add_shared_handler
                0x10000b34      0x210 CMakeFiles/EEPROM.dir/C_/VSARM/sdk/pico/pico-sdk/src/rp2_common/hardware_irq/irq.c.obj
                0x10000b34                irq_add_shared_handler
 .text.irq_remove_handler
                0x10000d44      0x188 CMakeFiles/EEPROM.dir/C_/VSARM/sdk/pico/pico-sdk/src/rp2_common/hardware_irq/irq.c.obj
                0x10000d44                irq_remove_handler
 .text.irq_add_tail_to_free_list
                0x10000ecc       0xf0 CMakeFiles/EEPROM.dir/C_/VSARM/sdk/pico/pico-sdk/src/rp2_common/hardware_irq/irq.c.obj
                0x10000ecc                irq_add_tail_to_free_list
 .text.irq_init_priorities
                0x10000fbc       0x1c CMakeFiles/EEPROM.dir/C_/VSARM/sdk/pico/pico-sdk/src/rp2_common/hardware_irq/irq.c.obj
                0x10000fbc                irq_init_priorities
 .text.user_irq_claim_unused
                0x10000fd8       0x2c CMakeFiles/EEPROM.dir/C_/VSARM/sdk/pico/pico-sdk/src/rp2_common/hardware_irq/irq.c.obj
                0x10000fd8                user_irq_claim_unused
 .text.lock_init
                0x10001004       0x10 CMakeFiles/EEPROM.dir/C_/VSARM/sdk/pico/pico-sdk/src/common/pico_sync/lock_core.c.obj
                0x10001004                lock_init
 .text.update_us_since_boot
                0x10001014       0x24 CMakeFiles/EEPROM.dir/C_/VSARM/sdk/pico/pico-sdk/src/common/pico_sync/mutex.c.obj
 .text.delayed_by_ms
                0x10001038       0x44 CMakeFiles/EEPROM.dir/C_/VSARM/sdk/pico/pico-sdk/src/common/pico_sync/mutex.c.obj
 .text.get_absolute_time
                0x1000107c       0x22 CMakeFiles/EEPROM.dir/C_/VSARM/sdk/pico/pico-sdk/src/common/pico_sync/mutex.c.obj
 .text.make_timeout_time_ms
                0x1000109e       0x20 CMakeFiles/EEPROM.dir/C_/VSARM/sdk/pico/pico-sdk/src/common/pico_sync/mutex.c.obj
 .text.mutex_init
                0x100010be       0x1a CMakeFiles/EEPROM.dir/C_/VSARM/sdk/pico/pico-sdk/src/common/pico_sync/mutex.c.obj
                0x100010be                mutex_init
 .text.recursive_mutex_init
                0x100010d8       0x1e CMakeFiles/EEPROM.dir/C_/VSARM/sdk/pico/pico-sdk/src/common/pico_sync/mutex.c.obj
                0x100010d8                recursive_mutex_init
 *fill*         0x100010f6        0x2 
 .text.critical_section_init_with_lock_num
                0x100010f8       0x14 CMakeFiles/EEPROM.dir/C_/VSARM/sdk/pico/pico-sdk/src/common/pico_sync/critical_section.c.obj
                0x100010f8                critical_section_init_with_lock_num
 .text.critical_section_init
                0x1000110c       0x14 CMakeFiles/EEPROM.dir/C_/VSARM/sdk/pico/pico-sdk/src/common/pico_sync/critical_section.c.obj
                0x1000110c                critical_section_init
 .text.time_reached
                0x10001120       0x28 CMakeFiles/EEPROM.dir/C_/VSARM/sdk/pico/pico-sdk/src/common/pico_time/time.c.obj
 .text.get_entry
                0x10001148       0x38 CMakeFiles/EEPROM.dir/C_/VSARM/sdk/pico/pico-sdk/src/common/pico_time/time.c.obj
 .text.timer_pool_entry_comparator
                0x10001180       0x2e CMakeFiles/EEPROM.dir/C_/VSARM/sdk/pico/pico-sdk/src/common/pico_time/time.c.obj
                0x10001180                timer_pool_entry_comparator
 *fill*         0x100011ae        0x2 
 .text.update_us_since_boot
                0x100011b0       0x24 CMakeFiles/EEPROM.dir/C_/VSARM/sdk/pico/pico-sdk/src/common/pico_time/time.c.obj
 .text.delayed_by_us
                0x100011d4       0x34 CMakeFiles/EEPROM.dir/C_/VSARM/sdk/pico/pico-sdk/src/common/pico_time/time.c.obj
 .text.ph_get_node
                0x10001208       0x30 CMakeFiles/EEPROM.dir/C_/VSARM/sdk/pico/pico-sdk/src/common/pico_time/time.c.obj
 .text.ph_contains_node
                0x10001238       0x1e CMakeFiles/EEPROM.dir/C_/VSARM/sdk/pico/pico-sdk/src/common/pico_time/time.c.obj
 .text.ph_new_node
                0x10001256       0x28 CMakeFiles/EEPROM.dir/C_/VSARM/sdk/pico/pico-sdk/src/common/pico_time/time.c.obj
 *fill*         0x1000127e        0x2 
 .text.ph_add_child_node
                0x10001280       0x6c CMakeFiles/EEPROM.dir/C_/VSARM/sdk/pico/pico-sdk/src/common/pico_time/time.c.obj
 .text.ph_merge_nodes
                0x100012ec       0x3e CMakeFiles/EEPROM.dir/C_/VSARM/sdk/pico/pico-sdk/src/common/pico_time/time.c.obj
 *fill*         0x1000132a        0x2 
 .text.ph_insert_node
                0x1000132c       0x3c CMakeFiles/EEPROM.dir/C_/VSARM/sdk/pico/pico-sdk/src/common/pico_time/time.c.obj
 .text.ph_free_node
                0x10001368       0x5c CMakeFiles/EEPROM.dir/C_/VSARM/sdk/pico/pico-sdk/src/common/pico_time/time.c.obj
 .text.get_entry_id_high
                0x100013c4       0x30 CMakeFiles/EEPROM.dir/C_/VSARM/sdk/pico/pico-sdk/src/common/pico_time/time.c.obj
 .text.alarm_pool_post_alloc_init
                0x100013f4       0x40 CMakeFiles/EEPROM.dir/C_/VSARM/sdk/pico/pico-sdk/src/common/pico_time/time.c.obj
 .text.sleep_until_callback
                0x10001434       0x30 CMakeFiles/EEPROM.dir/C_/VSARM/sdk/pico/pico-sdk/src/common/pico_time/time.c.obj
 .text.get_absolute_time
                0x10001464       0x22 CMakeFiles/EEPROM.dir/C_/VSARM/sdk/pico/pico-sdk/src/common/pico_time/time.c.obj
 .text.make_timeout_time_us
                0x10001486       0x24 CMakeFiles/EEPROM.dir/C_/VSARM/sdk/pico/pico-sdk/src/common/pico_time/time.c.obj
 *fill*         0x100014aa        0x2 
 .text.add_alarm_under_lock
                0x100014ac       0x94 CMakeFiles/EEPROM.dir/C_/VSARM/sdk/pico/pico-sdk/src/common/pico_time/time.c.obj
 .text.alarm_pool_alarm_callback
                0x10001540      0x210 CMakeFiles/EEPROM.dir/C_/VSARM/sdk/pico/pico-sdk/src/common/pico_time/time.c.obj
 .text.alarm_pool_init_default
                0x10001750       0x40 CMakeFiles/EEPROM.dir/C_/VSARM/sdk/pico/pico-sdk/src/common/pico_time/time.c.obj
                0x10001750                alarm_pool_init_default
 .text.alarm_pool_get_default
                0x10001790       0x2c CMakeFiles/EEPROM.dir/C_/VSARM/sdk/pico/pico-sdk/src/common/pico_time/time.c.obj
                0x10001790                alarm_pool_get_default
 .text.alarm_pool_add_alarm_at
                0x100017bc      0x10e CMakeFiles/EEPROM.dir/C_/VSARM/sdk/pico/pico-sdk/src/common/pico_time/time.c.obj
                0x100017bc                alarm_pool_add_alarm_at
 .text.add_alarm_at
                0x100018ca       0x2e CMakeFiles/EEPROM.dir/C_/VSARM/sdk/pico/pico-sdk/src/common/pico_time/time.c.obj
 .text.alarm_pool_cancel_alarm
                0x100018f8       0xa8 CMakeFiles/EEPROM.dir/C_/VSARM/sdk/pico/pico-sdk/src/common/pico_time/time.c.obj
                0x100018f8                alarm_pool_cancel_alarm
 .text.cancel_alarm
                0x100019a0       0x10 CMakeFiles/EEPROM.dir/C_/VSARM/sdk/pico/pico-sdk/src/common/pico_time/time.c.obj
 .text.alarm_pool_core_num
                0x100019b0        0x4 CMakeFiles/EEPROM.dir/C_/VSARM/sdk/pico/pico-sdk/src/common/pico_time/time.c.obj
                0x100019b0                alarm_pool_core_num
 .text.sleep_until
                0x100019b4       0xb0 CMakeFiles/EEPROM.dir/C_/VSARM/sdk/pico/pico-sdk/src/common/pico_time/time.c.obj
                0x100019b4                sleep_until
 .text.sleep_us
                0x10001a64       0x1a CMakeFiles/EEPROM.dir/C_/VSARM/sdk/pico/pico-sdk/src/common/pico_time/time.c.obj
                0x10001a64                sleep_us
 .text.sleep_ms
                0x10001a7e       0x14 CMakeFiles/EEPROM.dir/C_/VSARM/sdk/pico/pico-sdk/src/common/pico_time/time.c.obj
                0x10001a7e                sleep_ms
 *fill*         0x10001a92        0x2 
 .text.best_effort_wfe_or_timeout
                0x10001a94       0x44 CMakeFiles/EEPROM.dir/C_/VSARM/sdk/pico/pico-sdk/src/common/pico_time/time.c.obj
                0x10001a94                best_effort_wfe_or_timeout
 .text.hardware_alarm_irq_handler
                0x10001ad8       0x8c CMakeFiles/EEPROM.dir/C_/VSARM/sdk/pico/pico-sdk/src/rp2_common/hardware_timer/timer.c.obj
 .text.hardware_alarm_claim
                0x10001b64       0x18 CMakeFiles/EEPROM.dir/C_/VSARM/sdk/pico/pico-sdk/src/rp2_common/hardware_timer/timer.c.obj
                0x10001b64                hardware_alarm_claim
 .text.time_us_64
                0x10001b7c       0x18 CMakeFiles/EEPROM.dir/C_/VSARM/sdk/pico/pico-sdk/src/rp2_common/hardware_timer/timer.c.obj
                0x10001b7c                time_us_64
 .text.busy_wait_until
                0x10001b94       0x28 CMakeFiles/EEPROM.dir/C_/VSARM/sdk/pico/pico-sdk/src/rp2_common/hardware_timer/timer.c.obj
                0x10001b94                busy_wait_until
 .text.hardware_alarm_set_callback
                0x10001bbc       0x90 CMakeFiles/EEPROM.dir/C_/VSARM/sdk/pico/pico-sdk/src/rp2_common/hardware_timer/timer.c.obj
                0x10001bbc                hardware_alarm_set_callback
 .text.hardware_alarm_set_target
                0x10001c4c       0xe8 CMakeFiles/EEPROM.dir/C_/VSARM/sdk/pico/pico-sdk/src/rp2_common/hardware_timer/timer.c.obj
                0x10001c4c                hardware_alarm_set_target
 .text.hardware_alarm_cancel
                0x10001d34       0x40 CMakeFiles/EEPROM.dir/C_/VSARM/sdk/pico/pico-sdk/src/rp2_common/hardware_timer/timer.c.obj
                0x10001d34                hardware_alarm_cancel
 .text.ph_get_node
                0x10001d74       0x30 CMakeFiles/EEPROM.dir/C_/VSARM/sdk/pico/pico-sdk/src/common/pico_util/pheap.c.obj
 .text.ph_add_child_node
                0x10001da4       0x6c CMakeFiles/EEPROM.dir/C_/VSARM/sdk/pico/pico-sdk/src/common/pico_util/pheap.c.obj
 .text.ph_merge_nodes
                0x10001e10       0x3e CMakeFiles/EEPROM.dir/C_/VSARM/sdk/pico/pico-sdk/src/common/pico_util/pheap.c.obj
 .text.ph_clear
                0x10001e4e       0x34 CMakeFiles/EEPROM.dir/C_/VSARM/sdk/pico/pico-sdk/src/common/pico_util/pheap.c.obj
                0x10001e4e                ph_clear
 .text.ph_post_alloc_init
                0x10001e82        0xe CMakeFiles/EEPROM.dir/C_/VSARM/sdk/pico/pico-sdk/src/common/pico_util/pheap.c.obj
                0x10001e82                ph_post_alloc_init
 .text.ph_merge_two_pass
                0x10001e90       0x5c CMakeFiles/EEPROM.dir/C_/VSARM/sdk/pico/pico-sdk/src/common/pico_util/pheap.c.obj
                0x10001e90                ph_merge_two_pass
 .text.ph_remove_any_head
                0x10001eec       0xc0 CMakeFiles/EEPROM.dir/C_/VSARM/sdk/pico/pico-sdk/src/common/pico_util/pheap.c.obj
 .text.ph_remove_head
                0x10001fac       0x14 CMakeFiles/EEPROM.dir/C_/VSARM/sdk/pico/pico-sdk/src/common/pico_util/pheap.c.obj
                0x10001fac                ph_remove_head
 .text.ph_remove_and_free_node
                0x10001fc0       0xa0 CMakeFiles/EEPROM.dir/C_/VSARM/sdk/pico/pico-sdk/src/common/pico_util/pheap.c.obj
                0x10001fc0                ph_remove_and_free_node
 .text.clock_configure
                0x10002060      0x108 CMakeFiles/EEPROM.dir/C_/VSARM/sdk/pico/pico-sdk/src/rp2_common/hardware_clocks/clocks.c.obj
                0x10002060                clock_configure
 .text.clocks_init
                0x10002168      0x100 CMakeFiles/EEPROM.dir/C_/VSARM/sdk/pico/pico-sdk/src/rp2_common/hardware_clocks/clocks.c.obj
                0x10002168                clocks_init
 .text.clock_get_hz
                0x10002268        0xc CMakeFiles/EEPROM.dir/C_/VSARM/sdk/pico/pico-sdk/src/rp2_common/hardware_clocks/clocks.c.obj
                0x10002268                clock_get_hz
 .text.pll_init
                0x10002274      0x120 CMakeFiles/EEPROM.dir/C_/VSARM/sdk/pico/pico-sdk/src/rp2_common/hardware_pll/pll.c.obj
                0x10002274                pll_init
 .text.watchdog_start_tick
                0x10002394       0x10 CMakeFiles/EEPROM.dir/C_/VSARM/sdk/pico/pico-sdk/src/rp2_common/hardware_watchdog/watchdog.c.obj
                0x10002394                watchdog_start_tick
 .text.watchdog_update
                0x100023a4       0x14 CMakeFiles/EEPROM.dir/C_/VSARM/sdk/pico/pico-sdk/src/rp2_common/hardware_watchdog/watchdog.c.obj
                0x100023a4                watchdog_update
 .text._watchdog_enable
                0x100023b8       0x78 CMakeFiles/EEPROM.dir/C_/VSARM/sdk/pico/pico-sdk/src/rp2_common/hardware_watchdog/watchdog.c.obj
                0x100023b8                _watchdog_enable
 .text.watchdog_reboot
                0x10002430       0x48 CMakeFiles/EEPROM.dir/C_/VSARM/sdk/pico/pico-sdk/src/rp2_common/hardware_watchdog/watchdog.c.obj
                0x10002430                watchdog_reboot
 .text.xosc_init
                0x10002478       0x28 CMakeFiles/EEPROM.dir/C_/VSARM/sdk/pico/pico-sdk/src/rp2_common/hardware_xosc/xosc.c.obj
                0x10002478                xosc_init
 .text._exit    0x100024a0        0x4 CMakeFiles/EEPROM.dir/C_/VSARM/sdk/pico/pico-sdk/src/rp2_common/pico_runtime/runtime.c.obj
                0x100024a0                _exit
 .text.exit     0x100024a4        0x6 CMakeFiles/EEPROM.dir/C_/VSARM/sdk/pico/pico-sdk/src/rp2_common/pico_runtime/runtime.c.obj
                0x100024a4                exit
 *fill*         0x100024aa        0x2 
 .text.__assert_func
                0x100024ac       0x38 CMakeFiles/EEPROM.dir/C_/VSARM/sdk/pico/pico-sdk/src/rp2_common/pico_runtime/runtime.c.obj
                0x100024ac                __assert_func
 .text.runtime_init
                0x100024e4       0xf8 CMakeFiles/EEPROM.dir/C_/VSARM/sdk/pico/pico-sdk/src/rp2_common/pico_runtime/runtime.c.obj
                0x100024e4                runtime_init
 .text.panic    0x100025dc       0x30 CMakeFiles/EEPROM.dir/C_/VSARM/sdk/pico/pico-sdk/src/rp2_common/pico_runtime/runtime.c.obj
                0x100025dc                panic
 .text._out_null
                0x1000260c        0x2 CMakeFiles/EEPROM.dir/C_/VSARM/sdk/pico/pico-sdk/src/rp2_common/pico_printf/printf.c.obj
 .text._out_fct
                0x1000260e        0xe CMakeFiles/EEPROM.dir/C_/VSARM/sdk/pico/pico-sdk/src/rp2_common/pico_printf/printf.c.obj
 .text._atoi    0x1000261c       0x24 CMakeFiles/EEPROM.dir/C_/VSARM/sdk/pico/pico-sdk/src/rp2_common/pico_printf/printf.c.obj
 .text._out_rev
                0x10002640       0xae CMakeFiles/EEPROM.dir/C_/VSARM/sdk/pico/pico-sdk/src/rp2_common/pico_printf/printf.c.obj
 .text._ntoa_format
                0x100026ee      0x110 CMakeFiles/EEPROM.dir/C_/VSARM/sdk/pico/pico-sdk/src/rp2_common/pico_printf/printf.c.obj
 .text._ntoa_long
                0x100027fe       0xbc CMakeFiles/EEPROM.dir/C_/VSARM/sdk/pico/pico-sdk/src/rp2_common/pico_printf/printf.c.obj
 .text._ntoa_long_long
                0x100028ba      0x10e CMakeFiles/EEPROM.dir/C_/VSARM/sdk/pico/pico-sdk/src/rp2_common/pico_printf/printf.c.obj
 .text._etoa    0x100029c8      0x420 CMakeFiles/EEPROM.dir/C_/VSARM/sdk/pico/pico-sdk/src/rp2_common/pico_printf/printf.c.obj
 .text._ftoa    0x10002de8      0x354 CMakeFiles/EEPROM.dir/C_/VSARM/sdk/pico/pico-sdk/src/rp2_common/pico_printf/printf.c.obj
 .text._vsnprintf
                0x1000313c      0x65c CMakeFiles/EEPROM.dir/C_/VSARM/sdk/pico/pico-sdk/src/rp2_common/pico_printf/printf.c.obj
 .text.vfctprintf
                0x10003798       0x20 CMakeFiles/EEPROM.dir/C_/VSARM/sdk/pico/pico-sdk/src/rp2_common/pico_printf/printf.c.obj
                0x10003798                vfctprintf
 .text          0x100037b8       0x10 CMakeFiles/EEPROM.dir/C_/VSARM/sdk/pico/pico-sdk/src/rp2_common/pico_bit_ops/bit_ops_aeabi.S.obj
 .text.rom_func_lookup
                0x100037c8       0x10 CMakeFiles/EEPROM.dir/C_/VSARM/sdk/pico/pico-sdk/src/rp2_common/pico_bootrom/bootrom.c.obj
                0x100037c8                rom_func_lookup
 .text.rom_data_lookup
                0x100037d8       0x10 CMakeFiles/EEPROM.dir/C_/VSARM/sdk/pico/pico-sdk/src/rp2_common/pico_bootrom/bootrom.c.obj
                0x100037d8                rom_data_lookup
 .text.rom_funcs_lookup
                0x100037e8       0x36 CMakeFiles/EEPROM.dir/C_/VSARM/sdk/pico/pico-sdk/src/rp2_common/pico_bootrom/bootrom.c.obj
                0x100037e8                rom_funcs_lookup
 *fill*         0x1000381e        0x2 
 .text.__wrap___aeabi_idiv
                0x10003820       0x50 CMakeFiles/EEPROM.dir/C_/VSARM/sdk/pico/pico-sdk/src/rp2_common/pico_divider/divider.S.obj
                0x10003820                __wrap___aeabi_idivmod
                0x10003820                divmod_s32s32
                0x10003820                div_s32s32
                0x10003820                __wrap___aeabi_idiv
                0x10003828                divmod_s32s32_unsafe
                0x10003854                divmod_s32s32_savestate
 .text.__wrap___aeabi_uidiv
                0x10003870       0x4c CMakeFiles/EEPROM.dir/C_/VSARM/sdk/pico/pico-sdk/src/rp2_common/pico_divider/divider.S.obj
                0x10003870                __wrap___aeabi_uidiv
                0x10003870                __wrap___aeabi_uidivmod
                0x10003870                div_u32u32
                0x10003870                divmod_u32u32
                0x10003878                divmod_u32u32_unsafe
                0x100038a0                divmod_u32u32_savestate
 .text.__wrap___aeabi_ldiv
                0x100038bc      0x424 CMakeFiles/EEPROM.dir/C_/VSARM/sdk/pico/pico-sdk/src/rp2_common/pico_divider/divider.S.obj
                0x100038bc                div_s64s64
                0x100038bc                divmod_s64s64
                0x100038bc                __wrap___aeabi_ldivmod
                0x100038ec                divmod_u64u64
                0x100038ec                div_u64u64
                0x100038ec                __wrap___aeabi_uldivmod
                0x100038fc                divmod_u64u64_savestate
                0x1000391c                divmod_s64s64_unsafe
                0x100039a4                divmod_u64u64_unsafe
 .text.__wrap___aeabi_darithmetic
                0x10003ce0       0x80 CMakeFiles/EEPROM.dir/C_/VSARM/sdk/pico/pico-sdk/src/rp2_common/pico_double/double_aeabi.S.obj
                0x10003ce0                __wrap___aeabi_drsub
                0x10003ce6                __wrap___aeabi_dsub
                0x10003cf8                __wrap___aeabi_dadd
                0x10003d0a                __wrap___aeabi_ddiv
                0x10003d46                __wrap___aeabi_dmul
 .text.__wrap___aeabi_cdcmple
                0x10003d60       0x6c CMakeFiles/EEPROM.dir/C_/VSARM/sdk/pico/pico-sdk/src/rp2_common/pico_double/double_aeabi.S.obj
                0x10003d60                __wrap___aeabi_cdrcmple
                0x10003d70                __wrap___aeabi_cdcmpeq
                0x10003d70                __wrap___aeabi_cdcmple
 .text.__wrap___aeabi_dcmplt
                0x10003dcc        0xc CMakeFiles/EEPROM.dir/C_/VSARM/sdk/pico/pico-sdk/src/rp2_common/pico_double/double_aeabi.S.obj
                0x10003dcc                __wrap___aeabi_dcmplt
 .text.__wrap___aeabi_dcmple
                0x10003dd8       0x10 CMakeFiles/EEPROM.dir/C_/VSARM/sdk/pico/pico-sdk/src/rp2_common/pico_double/double_aeabi.S.obj
                0x10003dd8                __wrap___aeabi_dcmple
 .text.__wrap___aeabi_dcmpge
                0x10003de8       0x10 CMakeFiles/EEPROM.dir/C_/VSARM/sdk/pico/pico-sdk/src/rp2_common/pico_double/double_aeabi.S.obj
                0x10003de8                __wrap___aeabi_dcmpge
 .text.__wrap___aeabi_dcmpgt
                0x10003df8        0xa CMakeFiles/EEPROM.dir/C_/VSARM/sdk/pico/pico-sdk/src/rp2_common/pico_double/double_aeabi.S.obj
                0x10003df8                __wrap___aeabi_dcmpgt
 .text.__wrap___aeabi_dcmpun
                0x10003e02       0x1c CMakeFiles/EEPROM.dir/C_/VSARM/sdk/pico/pico-sdk/src/rp2_common/pico_double/double_aeabi.S.obj
                0x10003e02                __wrap___aeabi_dcmpun
 *fill*         0x10003e1e        0x2 
 .text.__wrap___aeabi_i2d
                0x10003e20       0x38 CMakeFiles/EEPROM.dir/C_/VSARM/sdk/pico/pico-sdk/src/rp2_common/pico_double/double_aeabi.S.obj
                0x10003e20                __wrap___aeabi_ui2d
                0x10003e28                __wrap___aeabi_i2d
 .text.__wrap___aeabi_d2iz
                0x10003e58       0x48 CMakeFiles/EEPROM.dir/C_/VSARM/sdk/pico/pico-sdk/src/rp2_common/pico_double/double_aeabi.S.obj
                0x10003e58                double2int_z
                0x10003e58                __wrap___aeabi_d2iz
 .text.__wrap___aeabi_d2uiz
                0x10003ea0       0x18 CMakeFiles/EEPROM.dir/C_/VSARM/sdk/pico/pico-sdk/src/rp2_common/pico_double/double_aeabi.S.obj
                0x10003ea0                __wrap___aeabi_d2uiz
                0x10003ea0                double2uint
 .text.__aeabi_double_init
                0x10003eb8       0xcc CMakeFiles/EEPROM.dir/C_/VSARM/sdk/pico/pico-sdk/src/rp2_common/pico_double/double_init_rom.c.obj
                0x10003eb8                __aeabi_double_init
 .text.double_table_shim_on_use_helper
                0x10003f84       0x34 CMakeFiles/EEPROM.dir/C_/VSARM/sdk/pico/pico-sdk/src/rp2_common/pico_double/double_v1_rom_shim.S.obj
                0x10003f84                double_table_shim_on_use_helper
 .text.__wrap___aeabi_dsub
                0x10003fb8       0x10 CMakeFiles/EEPROM.dir/C_/VSARM/sdk/pico/pico-sdk/src/rp2_common/pico_double/double_v1_rom_shim.S.obj
                0x10003fb8                drsub_shim
                0x10003fbe                dsub_shim
 .text.dadd_shim
                0x10003fc8      0x15c CMakeFiles/EEPROM.dir/C_/VSARM/sdk/pico/pico-sdk/src/rp2_common/pico_double/double_v1_rom_shim.S.obj
                0x10003fc8                dadd_shim
 .text.dmul_shim
                0x10004124      0x15c CMakeFiles/EEPROM.dir/C_/VSARM/sdk/pico/pico-sdk/src/rp2_common/pico_double/double_v1_rom_shim.S.obj
                0x10004124                dmul_shim
 .text.ddiv_shim
                0x10004280      0x1b0 CMakeFiles/EEPROM.dir/C_/VSARM/sdk/pico/pico-sdk/src/rp2_common/pico_double/double_v1_rom_shim.S.obj
                0x10004280                ddiv_shim
 .text.double2uint_shim
                0x10004430        0xe CMakeFiles/EEPROM.dir/C_/VSARM/sdk/pico/pico-sdk/src/rp2_common/pico_double/double_v1_rom_shim.S.obj
                0x10004430                double2uint_shim
                0x10004432                double2ufix_shim
 *fill*         0x1000443e        0x2 
 .text.double2uint64_shim
                0x10004440       0x70 CMakeFiles/EEPROM.dir/C_/VSARM/sdk/pico/pico-sdk/src/rp2_common/pico_double/double_v1_rom_shim.S.obj
                0x10004440                double2uint64_shim
                0x10004442                double2ufix64_shim
                0x10004462                d2fix_a
 .text.dunpacks
                0x100044b0       0x3c CMakeFiles/EEPROM.dir/C_/VSARM/sdk/pico/pico-sdk/src/rp2_common/pico_double/double_v1_rom_shim.S.obj
                0x100044b0                dunpacks
 .text.__aeabi_lmul
                0x100044ec       0x32 CMakeFiles/EEPROM.dir/C_/VSARM/sdk/pico/pico-sdk/src/rp2_common/pico_int64_ops/pico_int64_ops_aeabi.S.obj
                0x100044ec                __wrap___aeabi_lmul
 *fill*         0x1000451e        0x2 
 .text.__aeabi_float_init
                0x10004520       0xfc CMakeFiles/EEPROM.dir/C_/VSARM/sdk/pico/pico-sdk/src/rp2_common/pico_float/float_init_rom.c.obj
                0x10004520                __aeabi_float_init
 .text.float_table_shim_on_use_helper
                0x1000461c       0x34 CMakeFiles/EEPROM.dir/C_/VSARM/sdk/pico/pico-sdk/src/rp2_common/pico_float/float_v1_rom_shim.S.obj
                0x1000461c                float_table_shim_on_use_helper
 .text          0x10004650       0x10 CMakeFiles/EEPROM.dir/C_/VSARM/sdk/pico/pico-sdk/src/rp2_common/pico_mem_ops/mem_ops_aeabi.S.obj
                0x10004650                __aeabi_mem_init
 .text.memset   0x10004660        0xc CMakeFiles/EEPROM.dir/C_/VSARM/sdk/pico/pico-sdk/src/rp2_common/pico_mem_ops/mem_ops_aeabi.S.obj
                0x10004660                __wrap_memset
 .text.memcpy   0x1000466c        0xc CMakeFiles/EEPROM.dir/C_/VSARM/sdk/pico/pico-sdk/src/rp2_common/pico_mem_ops/mem_ops_aeabi.S.obj
                0x1000466c                __wrap_memcpy
                0x1000466c                __wrap___aeabi_memcpy
 .text.stdio_out_chars_no_crlf
                0x10004678        0xe CMakeFiles/EEPROM.dir/C_/VSARM/sdk/pico/pico-sdk/src/rp2_common/pico_stdio/stdio.c.obj
 *fill*         0x10004686        0x2 
 .text.stdio_out_chars_crlf
                0x10004688       0x80 CMakeFiles/EEPROM.dir/C_/VSARM/sdk/pico/pico-sdk/src/rp2_common/pico_stdio/stdio.c.obj
 .text.stdio_stack_buffer_flush
                0x10004708       0x44 CMakeFiles/EEPROM.dir/C_/VSARM/sdk/pico/pico-sdk/src/rp2_common/pico_stdio/stdio.c.obj
 .text.stdio_buffered_printer
                0x1000474c       0x20 CMakeFiles/EEPROM.dir/C_/VSARM/sdk/pico/pico-sdk/src/rp2_common/pico_stdio/stdio.c.obj
 .text.update_us_since_boot
                0x1000476c       0x24 CMakeFiles/EEPROM.dir/C_/VSARM/sdk/pico/pico-sdk/src/rp2_common/pico_stdio/stdio.c.obj
 .text.get_absolute_time
                0x10004790       0x22 CMakeFiles/EEPROM.dir/C_/VSARM/sdk/pico/pico-sdk/src/rp2_common/pico_stdio/stdio.c.obj
 *fill*         0x100047b2        0x2 
 .text.delayed_by_ms
                0x100047b4       0x44 CMakeFiles/EEPROM.dir/C_/VSARM/sdk/pico/pico-sdk/src/rp2_common/pico_stdio/stdio.c.obj
 .text.make_timeout_time_ms
                0x100047f8       0x20 CMakeFiles/EEPROM.dir/C_/VSARM/sdk/pico/pico-sdk/src/rp2_common/pico_stdio/stdio.c.obj
 .text.stdout_serialize_begin
                0x10004818       0x20 CMakeFiles/EEPROM.dir/C_/VSARM/sdk/pico/pico-sdk/src/rp2_common/pico_stdio/stdio.c.obj
                0x10004818                stdout_serialize_begin
 .text.stdout_serialize_end
                0x10004838       0x10 CMakeFiles/EEPROM.dir/C_/VSARM/sdk/pico/pico-sdk/src/rp2_common/pico_stdio/stdio.c.obj
                0x10004838                stdout_serialize_end
 .text.stdio_put_string
                0x10004848       0x98 CMakeFiles/EEPROM.dir/C_/VSARM/sdk/pico/pico-sdk/src/rp2_common/pico_stdio/stdio.c.obj
 .text.stdio_set_driver_enabled
                0x100048e0       0x2c CMakeFiles/EEPROM.dir/C_/VSARM/sdk/pico/pico-sdk/src/rp2_common/pico_stdio/stdio.c.obj
                0x100048e0                stdio_set_driver_enabled
 .text.stdio_flush
                0x1000490c       0x20 CMakeFiles/EEPROM.dir/C_/VSARM/sdk/pico/pico-sdk/src/rp2_common/pico_stdio/stdio.c.obj
                0x1000490c                stdio_flush
 .text.__wrap_puts
                0x1000492c       0x1e CMakeFiles/EEPROM.dir/C_/VSARM/sdk/pico/pico-sdk/src/rp2_common/pico_stdio/stdio.c.obj
                0x1000492c                __wrap_puts
 *fill*         0x1000494a        0x2 
 .text.__wrap_vprintf
                0x1000494c       0x40 CMakeFiles/EEPROM.dir/C_/VSARM/sdk/pico/pico-sdk/src/rp2_common/pico_stdio/stdio.c.obj
                0x1000494c                __wrap_vprintf
 .text.__wrap_printf
                0x1000498c       0x18 CMakeFiles/EEPROM.dir/C_/VSARM/sdk/pico/pico-sdk/src/rp2_common/pico_stdio/stdio.c.obj
                0x1000498c                __wrap_printf
 .text.stdio_init_all
                0x100049a4        0x8 CMakeFiles/EEPROM.dir/C_/VSARM/sdk/pico/pico-sdk/src/rp2_common/pico_stdio/stdio.c.obj
                0x100049a4                stdio_init_all
 .text.resetd_init
                0x100049ac        0x2 CMakeFiles/EEPROM.dir/C_/VSARM/sdk/pico/pico-sdk/src/rp2_common/pico_stdio_usb/reset_interface.c.obj
 *fill*         0x100049ae        0x2 
 .text.resetd_reset
                0x100049b0        0xc CMakeFiles/EEPROM.dir/C_/VSARM/sdk/pico/pico-sdk/src/rp2_common/pico_stdio_usb/reset_interface.c.obj
 .text.resetd_open
                0x100049bc       0x34 CMakeFiles/EEPROM.dir/C_/VSARM/sdk/pico/pico-sdk/src/rp2_common/pico_stdio_usb/reset_interface.c.obj
 .text.resetd_xfer_cb
                0x100049f0        0x4 CMakeFiles/EEPROM.dir/C_/VSARM/sdk/pico/pico-sdk/src/rp2_common/pico_stdio_usb/reset_interface.c.obj
 .text.reset_usb_boot
                0x100049f4       0x18 CMakeFiles/EEPROM.dir/C_/VSARM/sdk/pico/pico-sdk/src/rp2_common/pico_stdio_usb/reset_interface.c.obj
 .text.resetd_control_xfer_cb
                0x10004a0c       0x5c CMakeFiles/EEPROM.dir/C_/VSARM/sdk/pico/pico-sdk/src/rp2_common/pico_stdio_usb/reset_interface.c.obj
 .text.usbd_app_driver_get_cb
                0x10004a68        0xc CMakeFiles/EEPROM.dir/C_/VSARM/sdk/pico/pico-sdk/src/rp2_common/pico_stdio_usb/reset_interface.c.obj
                0x10004a68                usbd_app_driver_get_cb
 .text.tud_cdc_line_coding_cb
                0x10004a74       0x28 CMakeFiles/EEPROM.dir/C_/VSARM/sdk/pico/pico-sdk/src/rp2_common/pico_stdio_usb/reset_interface.c.obj
                0x10004a74                tud_cdc_line_coding_cb
 .text.stdio_usb_set_chars_available_callback
                0x10004a9c       0x14 CMakeFiles/EEPROM.dir/C_/VSARM/sdk/pico/pico-sdk/src/rp2_common/pico_stdio_usb/stdio_usb.c.obj
                0x10004a9c                stdio_usb_set_chars_available_callback
 .text.update_us_since_boot
                0x10004ab0       0x24 CMakeFiles/EEPROM.dir/C_/VSARM/sdk/pico/pico-sdk/src/rp2_common/pico_stdio_usb/stdio_usb.c.obj
 .text.get_absolute_time
                0x10004ad4       0x22 CMakeFiles/EEPROM.dir/C_/VSARM/sdk/pico/pico-sdk/src/rp2_common/pico_stdio_usb/stdio_usb.c.obj
 *fill*         0x10004af6        0x2 
 .text.delayed_by_ms
                0x10004af8       0x44 CMakeFiles/EEPROM.dir/C_/VSARM/sdk/pico/pico-sdk/src/rp2_common/pico_stdio_usb/stdio_usb.c.obj
 .text.make_timeout_time_ms
                0x10004b3c       0x20 CMakeFiles/EEPROM.dir/C_/VSARM/sdk/pico/pico-sdk/src/rp2_common/pico_stdio_usb/stdio_usb.c.obj
 .text.delayed_by_us
                0x10004b5c       0x34 CMakeFiles/EEPROM.dir/C_/VSARM/sdk/pico/pico-sdk/src/rp2_common/pico_stdio_usb/stdio_usb.c.obj
 .text.usb_irq  0x10004b90       0x10 CMakeFiles/EEPROM.dir/C_/VSARM/sdk/pico/pico-sdk/src/rp2_common/pico_stdio_usb/stdio_usb.c.obj
 .text.critical_section_enter_blocking
                0x10004ba0       0x16 CMakeFiles/EEPROM.dir/C_/VSARM/sdk/pico/pico-sdk/src/rp2_common/pico_stdio_usb/stdio_usb.c.obj
 *fill*         0x10004bb6        0x2 
 .text.timer_task
                0x10004bb8       0x4c CMakeFiles/EEPROM.dir/C_/VSARM/sdk/pico/pico-sdk/src/rp2_common/pico_stdio_usb/stdio_usb.c.obj
 .text.alarm_pool_add_alarm_in_us
                0x10004c04       0x3a CMakeFiles/EEPROM.dir/C_/VSARM/sdk/pico/pico-sdk/src/rp2_common/pico_stdio_usb/stdio_usb.c.obj
 .text.add_alarm_in_us
                0x10004c3e       0x2e CMakeFiles/EEPROM.dir/C_/VSARM/sdk/pico/pico-sdk/src/rp2_common/pico_stdio_usb/stdio_usb.c.obj
 .text.low_priority_worker_irq
                0x10004c6c       0x7c CMakeFiles/EEPROM.dir/C_/VSARM/sdk/pico/pico-sdk/src/rp2_common/pico_stdio_usb/stdio_usb.c.obj
 .text.tud_cdc_rx_cb
                0x10004ce8       0x20 CMakeFiles/EEPROM.dir/C_/VSARM/sdk/pico/pico-sdk/src/rp2_common/pico_stdio_usb/stdio_usb.c.obj
                0x10004ce8                tud_cdc_rx_cb
 .text.stdio_usb_init
                0x10004d08       0xd0 CMakeFiles/EEPROM.dir/C_/VSARM/sdk/pico/pico-sdk/src/rp2_common/pico_stdio_usb/stdio_usb.c.obj
                0x10004d08                stdio_usb_init
 .text.stdio_usb_connected
                0x10004dd8        0xa CMakeFiles/EEPROM.dir/C_/VSARM/sdk/pico/pico-sdk/src/rp2_common/pico_stdio_usb/stdio_usb.c.obj
                0x10004dd8                stdio_usb_connected
 *fill*         0x10004de2        0x2 
 .text.stdio_usb_in_chars
                0x10004de4       0x88 CMakeFiles/EEPROM.dir/C_/VSARM/sdk/pico/pico-sdk/src/rp2_common/pico_stdio_usb/stdio_usb.c.obj
                0x10004de4                stdio_usb_in_chars
 .text.stdio_usb_out_chars
                0x10004e6c       0xd8 CMakeFiles/EEPROM.dir/C_/VSARM/sdk/pico/pico-sdk/src/rp2_common/pico_stdio_usb/stdio_usb.c.obj
 .text.tud_descriptor_device_cb
                0x10004f44        0x8 CMakeFiles/EEPROM.dir/C_/VSARM/sdk/pico/pico-sdk/src/rp2_common/pico_stdio_usb/stdio_usb_descriptors.c.obj
                0x10004f44                tud_descriptor_device_cb
 .text.tud_descriptor_configuration_cb
                0x10004f4c        0x8 CMakeFiles/EEPROM.dir/C_/VSARM/sdk/pico/pico-sdk/src/rp2_common/pico_stdio_usb/stdio_usb_descriptors.c.obj
                0x10004f4c                tud_descriptor_configuration_cb
 .text.tud_descriptor_string_cb
                0x10004f54       0x6c CMakeFiles/EEPROM.dir/C_/VSARM/sdk/pico/pico-sdk/src/rp2_common/pico_stdio_usb/stdio_usb_descriptors.c.obj
                0x10004f54                tud_descriptor_string_cb
 .text._retrieve_unique_id_on_boot
                0x10004fc0       0x10 CMakeFiles/EEPROM.dir/C_/VSARM/sdk/pico/pico-sdk/src/rp2_common/pico_unique_id/unique_id.c.obj
 .text.pico_get_unique_board_id_string
                0x10004fd0       0x5c CMakeFiles/EEPROM.dir/C_/VSARM/sdk/pico/pico-sdk/src/rp2_common/pico_unique_id/unique_id.c.obj
                0x10004fd0                pico_get_unique_board_id_string
 .text.flash_get_unique_id
                0x1000502c       0x46 CMakeFiles/EEPROM.dir/C_/VSARM/sdk/pico/pico-sdk/src/rp2_common/hardware_flash/flash.c.obj
                0x1000502c                flash_get_unique_id
 *fill*         0x10005072        0x2 
 .text.hw_endpoint_get_by_addr
                0x10005074       0x18 CMakeFiles/EEPROM.dir/C_/VSARM/sdk/pico/pico-sdk/lib/tinyusb/src/portable/raspberrypi/rp2040/dcd_rp2040.c.obj
 .text._hw_endpoint_alloc
                0x1000508c       0x70 CMakeFiles/EEPROM.dir/C_/VSARM/sdk/pico/pico-sdk/lib/tinyusb/src/portable/raspberrypi/rp2040/dcd_rp2040.c.obj
 .text.hw_endpoint_init
                0x100050fc       0x88 CMakeFiles/EEPROM.dir/C_/VSARM/sdk/pico/pico-sdk/lib/tinyusb/src/portable/raspberrypi/rp2040/dcd_rp2040.c.obj
 .text.dcd_event_sof
                0x10005184       0x2c CMakeFiles/EEPROM.dir/C_/VSARM/sdk/pico/pico-sdk/lib/tinyusb/src/portable/raspberrypi/rp2040/dcd_rp2040.c.obj
 .text.hw_endpoint_xfer
                0x100051b0       0x14 CMakeFiles/EEPROM.dir/C_/VSARM/sdk/pico/pico-sdk/lib/tinyusb/src/portable/raspberrypi/rp2040/dcd_rp2040.c.obj
 .text.dcd_int_enable
                0x100051c4       0x2c CMakeFiles/EEPROM.dir/C_/VSARM/sdk/pico/pico-sdk/lib/tinyusb/src/portable/raspberrypi/rp2040/dcd_rp2040.c.obj
                0x100051c4                dcd_int_enable
 .text.dcd_set_address
                0x100051f0       0x2c CMakeFiles/EEPROM.dir/C_/VSARM/sdk/pico/pico-sdk/lib/tinyusb/src/portable/raspberrypi/rp2040/dcd_rp2040.c.obj
                0x100051f0                dcd_set_address
 .text.dcd_connect
                0x1000521c       0x10 CMakeFiles/EEPROM.dir/C_/VSARM/sdk/pico/pico-sdk/lib/tinyusb/src/portable/raspberrypi/rp2040/dcd_rp2040.c.obj
                0x1000521c                dcd_connect
 .text.dcd_init
                0x1000522c       0x80 CMakeFiles/EEPROM.dir/C_/VSARM/sdk/pico/pico-sdk/lib/tinyusb/src/portable/raspberrypi/rp2040/dcd_rp2040.c.obj
                0x1000522c                dcd_init
 .text.dcd_edpt0_status_complete
                0x100052ac       0x1c CMakeFiles/EEPROM.dir/C_/VSARM/sdk/pico/pico-sdk/lib/tinyusb/src/portable/raspberrypi/rp2040/dcd_rp2040.c.obj
                0x100052ac                dcd_edpt0_status_complete
 .text.dcd_edpt_open
                0x100052c8       0x40 CMakeFiles/EEPROM.dir/C_/VSARM/sdk/pico/pico-sdk/lib/tinyusb/src/portable/raspberrypi/rp2040/dcd_rp2040.c.obj
                0x100052c8                dcd_edpt_open
 .text.dcd_edpt_close_all
                0x10005308        0x8 CMakeFiles/EEPROM.dir/C_/VSARM/sdk/pico/pico-sdk/lib/tinyusb/src/portable/raspberrypi/rp2040/dcd_rp2040.c.obj
                0x10005308                dcd_edpt_close_all
 .text.dcd_edpt_xfer
                0x10005310       0x34 CMakeFiles/EEPROM.dir/C_/VSARM/sdk/pico/pico-sdk/lib/tinyusb/src/portable/raspberrypi/rp2040/dcd_rp2040.c.obj
                0x10005310                dcd_edpt_xfer
 .text.dcd_edpt_stall
                0x10005344       0x2c CMakeFiles/EEPROM.dir/C_/VSARM/sdk/pico/pico-sdk/lib/tinyusb/src/portable/raspberrypi/rp2040/dcd_rp2040.c.obj
                0x10005344                dcd_edpt_stall
 .text.dcd_edpt_clear_stall
                0x10005370       0x20 CMakeFiles/EEPROM.dir/C_/VSARM/sdk/pico/pico-sdk/lib/tinyusb/src/portable/raspberrypi/rp2040/dcd_rp2040.c.obj
                0x10005370                dcd_edpt_clear_stall
 .text.rp2040_usb_init
                0x10005390       0x4c CMakeFiles/EEPROM.dir/C_/VSARM/sdk/pico/pico-sdk/lib/tinyusb/src/portable/raspberrypi/rp2040/rp2040_usb.c.obj
                0x10005390                rp2040_usb_init
 .text.hw_endpoint_xfer_start
                0x100053dc       0x50 CMakeFiles/EEPROM.dir/C_/VSARM/sdk/pico/pico-sdk/lib/tinyusb/src/portable/raspberrypi/rp2040/rp2040_usb.c.obj
                0x100053dc                hw_endpoint_xfer_start
 .text.configuration_reset
                0x1000542c       0x84 CMakeFiles/EEPROM.dir/C_/VSARM/sdk/pico/pico-sdk/lib/tinyusb/src/device/usbd.c.obj
 .text.critical_section_enter_blocking
                0x100054b0       0x16 CMakeFiles/EEPROM.dir/C_/VSARM/sdk/pico/pico-sdk/lib/tinyusb/src/device/usbd.c.obj
 .text.usbd_reset
                0x100054c6        0xc CMakeFiles/EEPROM.dir/C_/VSARM/sdk/pico/pico-sdk/lib/tinyusb/src/device/usbd.c.obj
 .text.invoke_class_control
                0x100054d2       0x1a CMakeFiles/EEPROM.dir/C_/VSARM/sdk/pico/pico-sdk/lib/tinyusb/src/device/usbd.c.obj
 .text.process_set_config
                0x100054ec      0x178 CMakeFiles/EEPROM.dir/C_/VSARM/sdk/pico/pico-sdk/lib/tinyusb/src/device/usbd.c.obj
 .text.process_get_descriptor
                0x10005664       0xdc CMakeFiles/EEPROM.dir/C_/VSARM/sdk/pico/pico-sdk/lib/tinyusb/src/device/usbd.c.obj
 .text.tud_mounted
                0x10005740       0x10 CMakeFiles/EEPROM.dir/C_/VSARM/sdk/pico/pico-sdk/lib/tinyusb/src/device/usbd.c.obj
                0x10005740                tud_mounted
 .text.tud_suspended
                0x10005750       0x10 CMakeFiles/EEPROM.dir/C_/VSARM/sdk/pico/pico-sdk/lib/tinyusb/src/device/usbd.c.obj
                0x10005750                tud_suspended
 .text.tud_inited
                0x10005760       0x14 CMakeFiles/EEPROM.dir/C_/VSARM/sdk/pico/pico-sdk/lib/tinyusb/src/device/usbd.c.obj
                0x10005760                tud_inited
 .text.tud_init
                0x10005774       0xcc CMakeFiles/EEPROM.dir/C_/VSARM/sdk/pico/pico-sdk/lib/tinyusb/src/device/usbd.c.obj
                0x10005774                tud_init
 .text.usbd_defer_func
                0x10005840       0x2a CMakeFiles/EEPROM.dir/C_/VSARM/sdk/pico/pico-sdk/lib/tinyusb/src/device/usbd.c.obj
                0x10005840                usbd_defer_func
 *fill*         0x1000586a        0x2 
 .text.usbd_edpt_open
                0x1000586c       0x34 CMakeFiles/EEPROM.dir/C_/VSARM/sdk/pico/pico-sdk/lib/tinyusb/src/device/usbd.c.obj
                0x1000586c                usbd_edpt_open
 .text.usbd_open_edpt_pair
                0x100058a0       0x62 CMakeFiles/EEPROM.dir/C_/VSARM/sdk/pico/pico-sdk/lib/tinyusb/src/device/usbd.c.obj
                0x100058a0                usbd_open_edpt_pair
 *fill*         0x10005902        0x2 
 .text.usbd_edpt_claim
                0x10005904       0x28 CMakeFiles/EEPROM.dir/C_/VSARM/sdk/pico/pico-sdk/lib/tinyusb/src/device/usbd.c.obj
                0x10005904                usbd_edpt_claim
 .text.usbd_edpt_release
                0x1000592c       0x28 CMakeFiles/EEPROM.dir/C_/VSARM/sdk/pico/pico-sdk/lib/tinyusb/src/device/usbd.c.obj
                0x1000592c                usbd_edpt_release
 .text.usbd_edpt_xfer
                0x10005954       0x78 CMakeFiles/EEPROM.dir/C_/VSARM/sdk/pico/pico-sdk/lib/tinyusb/src/device/usbd.c.obj
                0x10005954                usbd_edpt_xfer
 .text.usbd_edpt_stall
                0x100059cc       0x48 CMakeFiles/EEPROM.dir/C_/VSARM/sdk/pico/pico-sdk/lib/tinyusb/src/device/usbd.c.obj
                0x100059cc                usbd_edpt_stall
 .text.usbd_edpt_clear_stall
                0x10005a14       0x48 CMakeFiles/EEPROM.dir/C_/VSARM/sdk/pico/pico-sdk/lib/tinyusb/src/device/usbd.c.obj
                0x10005a14                usbd_edpt_clear_stall
 .text.usbd_edpt_stalled
                0x10005a5c       0x1c CMakeFiles/EEPROM.dir/C_/VSARM/sdk/pico/pico-sdk/lib/tinyusb/src/device/usbd.c.obj
                0x10005a5c                usbd_edpt_stalled
 .text.process_control_request
                0x10005a78      0x374 CMakeFiles/EEPROM.dir/C_/VSARM/sdk/pico/pico-sdk/lib/tinyusb/src/device/usbd.c.obj
 .text.tud_task_ext
                0x10005dec      0x1a8 CMakeFiles/EEPROM.dir/C_/VSARM/sdk/pico/pico-sdk/lib/tinyusb/src/device/usbd.c.obj
                0x10005dec                tud_task_ext
 .text._status_stage_xact
                0x10005f94       0x1a CMakeFiles/EEPROM.dir/C_/VSARM/sdk/pico/pico-sdk/lib/tinyusb/src/device/usbd_control.c.obj
 *fill*         0x10005fae        0x2 
 .text._data_stage_xact
                0x10005fb0       0x58 CMakeFiles/EEPROM.dir/C_/VSARM/sdk/pico/pico-sdk/lib/tinyusb/src/device/usbd_control.c.obj
 .text.tud_control_status
                0x10006008       0x28 CMakeFiles/EEPROM.dir/C_/VSARM/sdk/pico/pico-sdk/lib/tinyusb/src/device/usbd_control.c.obj
                0x10006008                tud_control_status
 .text.tud_control_xfer
                0x10006030       0x68 CMakeFiles/EEPROM.dir/C_/VSARM/sdk/pico/pico-sdk/lib/tinyusb/src/device/usbd_control.c.obj
                0x10006030                tud_control_xfer
 .text.usbd_control_reset
                0x10006098       0x14 CMakeFiles/EEPROM.dir/C_/VSARM/sdk/pico/pico-sdk/lib/tinyusb/src/device/usbd_control.c.obj
                0x10006098                usbd_control_reset
 .text.usbd_control_set_complete_callback
                0x100060ac        0xc CMakeFiles/EEPROM.dir/C_/VSARM/sdk/pico/pico-sdk/lib/tinyusb/src/device/usbd_control.c.obj
                0x100060ac                usbd_control_set_complete_callback
 .text.usbd_control_set_request
                0x100060b8       0x1c CMakeFiles/EEPROM.dir/C_/VSARM/sdk/pico/pico-sdk/lib/tinyusb/src/device/usbd_control.c.obj
                0x100060b8                usbd_control_set_request
 .text.usbd_control_xfer_cb
                0x100060d4       0xbc CMakeFiles/EEPROM.dir/C_/VSARM/sdk/pico/pico-sdk/lib/tinyusb/src/device/usbd_control.c.obj
                0x100060d4                usbd_control_xfer_cb
 .text._prep_out_transaction
                0x10006190       0x4a CMakeFiles/EEPROM.dir/C_/VSARM/sdk/pico/pico-sdk/lib/tinyusb/src/class/cdc/cdc_device.c.obj
 *fill*         0x100061da        0x2 
 .text.tud_cdc_n_connected
                0x100061dc       0x38 CMakeFiles/EEPROM.dir/C_/VSARM/sdk/pico/pico-sdk/lib/tinyusb/src/class/cdc/cdc_device.c.obj
                0x100061dc                tud_cdc_n_connected
 .text.tud_cdc_n_available
                0x10006214       0x18 CMakeFiles/EEPROM.dir/C_/VSARM/sdk/pico/pico-sdk/lib/tinyusb/src/class/cdc/cdc_device.c.obj
                0x10006214                tud_cdc_n_available
 .text.tud_cdc_n_read
                0x1000622c       0x28 CMakeFiles/EEPROM.dir/C_/VSARM/sdk/pico/pico-sdk/lib/tinyusb/src/class/cdc/cdc_device.c.obj
                0x1000622c                tud_cdc_n_read
 .text.tud_cdc_n_write_flush
                0x10006254       0xb8 CMakeFiles/EEPROM.dir/C_/VSARM/sdk/pico/pico-sdk/lib/tinyusb/src/class/cdc/cdc_device.c.obj
                0x10006254                tud_cdc_n_write_flush
 .text.tud_cdc_n_write
                0x1000630c       0x38 CMakeFiles/EEPROM.dir/C_/VSARM/sdk/pico/pico-sdk/lib/tinyusb/src/class/cdc/cdc_device.c.obj
                0x1000630c                tud_cdc_n_write
 .text.tud_cdc_n_write_available
                0x10006344       0x1c CMakeFiles/EEPROM.dir/C_/VSARM/sdk/pico/pico-sdk/lib/tinyusb/src/class/cdc/cdc_device.c.obj
                0x10006344                tud_cdc_n_write_available
 .text.cdcd_init
                0x10006360       0xbc CMakeFiles/EEPROM.dir/C_/VSARM/sdk/pico/pico-sdk/lib/tinyusb/src/class/cdc/cdc_device.c.obj
                0x10006360                cdcd_init
 .text.cdcd_reset
                0x1000641c       0x44 CMakeFiles/EEPROM.dir/C_/VSARM/sdk/pico/pico-sdk/lib/tinyusb/src/class/cdc/cdc_device.c.obj
                0x1000641c                cdcd_reset
 .text.cdcd_open
                0x10006460       0xc4 CMakeFiles/EEPROM.dir/C_/VSARM/sdk/pico/pico-sdk/lib/tinyusb/src/class/cdc/cdc_device.c.obj
                0x10006460                cdcd_open
 .text.cdcd_control_xfer_cb
                0x10006524      0x134 CMakeFiles/EEPROM.dir/C_/VSARM/sdk/pico/pico-sdk/lib/tinyusb/src/class/cdc/cdc_device.c.obj
                0x10006524                cdcd_control_xfer_cb
 .text.cdcd_xfer_cb
                0x10006658      0x130 CMakeFiles/EEPROM.dir/C_/VSARM/sdk/pico/pico-sdk/lib/tinyusb/src/class/cdc/cdc_device.c.obj
                0x10006658                cdcd_xfer_cb
 .text.tusb_init
                0x10006788        0xa CMakeFiles/EEPROM.dir/C_/VSARM/sdk/pico/pico-sdk/lib/tinyusb/src/tusb.c.obj
                0x10006788                tusb_init
 .text.tusb_inited
                0x10006792        0xe CMakeFiles/EEPROM.dir/C_/VSARM/sdk/pico/pico-sdk/lib/tinyusb/src/tusb.c.obj
                0x10006792                tusb_inited
 .text.tu_edpt_claim
                0x100067a0       0x50 CMakeFiles/EEPROM.dir/C_/VSARM/sdk/pico/pico-sdk/lib/tinyusb/src/tusb.c.obj
                0x100067a0                tu_edpt_claim
 .text.tu_edpt_release
                0x100067f0       0x38 CMakeFiles/EEPROM.dir/C_/VSARM/sdk/pico/pico-sdk/lib/tinyusb/src/tusb.c.obj
                0x100067f0                tu_edpt_release
 .text.tu_edpt_validate
                0x10006828       0x78 CMakeFiles/EEPROM.dir/C_/VSARM/sdk/pico/pico-sdk/lib/tinyusb/src/tusb.c.obj
                0x10006828                tu_edpt_validate
 .text.tu_edpt_bind_driver
                0x100068a0       0x26 CMakeFiles/EEPROM.dir/C_/VSARM/sdk/pico/pico-sdk/lib/tinyusb/src/tusb.c.obj
                0x100068a0                tu_edpt_bind_driver
 .text.advance_index
                0x100068c6       0x1a CMakeFiles/EEPROM.dir/C_/VSARM/sdk/pico/pico-sdk/lib/tinyusb/src/common/tusb_fifo.c.obj
 .text._tu_fifo_peek
                0x100068e0       0x56 CMakeFiles/EEPROM.dir/C_/VSARM/sdk/pico/pico-sdk/lib/tinyusb/src/common/tusb_fifo.c.obj
 .text._ff_pull_const_addr
                0x10006936       0x4c CMakeFiles/EEPROM.dir/C_/VSARM/sdk/pico/pico-sdk/lib/tinyusb/src/common/tusb_fifo.c.obj
 .text._ff_pull_n
                0x10006982      0x110 CMakeFiles/EEPROM.dir/C_/VSARM/sdk/pico/pico-sdk/lib/tinyusb/src/common/tusb_fifo.c.obj
 .text._tu_fifo_peek_n
                0x10006a92       0x6a CMakeFiles/EEPROM.dir/C_/VSARM/sdk/pico/pico-sdk/lib/tinyusb/src/common/tusb_fifo.c.obj
 .text._tu_fifo_read_n
                0x10006afc       0x4e CMakeFiles/EEPROM.dir/C_/VSARM/sdk/pico/pico-sdk/lib/tinyusb/src/common/tusb_fifo.c.obj
 .text._ff_push_const_addr
                0x10006b4a       0x40 CMakeFiles/EEPROM.dir/C_/VSARM/sdk/pico/pico-sdk/lib/tinyusb/src/common/tusb_fifo.c.obj
 .text._ff_push_n
                0x10006b8a      0x10c CMakeFiles/EEPROM.dir/C_/VSARM/sdk/pico/pico-sdk/lib/tinyusb/src/common/tusb_fifo.c.obj
 .text._tu_fifo_write_n
                0x10006c96       0xf0 CMakeFiles/EEPROM.dir/C_/VSARM/sdk/pico/pico-sdk/lib/tinyusb/src/common/tusb_fifo.c.obj
 .text.tu_fifo_config
                0x10006d86       0x7c CMakeFiles/EEPROM.dir/C_/VSARM/sdk/pico/pico-sdk/lib/tinyusb/src/common/tusb_fifo.c.obj
                0x10006d86                tu_fifo_config
 .text.tu_fifo_count
                0x10006e02       0x2a CMakeFiles/EEPROM.dir/C_/VSARM/sdk/pico/pico-sdk/lib/tinyusb/src/common/tusb_fifo.c.obj
                0x10006e02                tu_fifo_count
 .text.tu_fifo_empty
                0x10006e2c        0xe CMakeFiles/EEPROM.dir/C_/VSARM/sdk/pico/pico-sdk/lib/tinyusb/src/common/tusb_fifo.c.obj
                0x10006e2c                tu_fifo_empty
 .text.tu_fifo_full
                0x10006e3a       0x28 CMakeFiles/EEPROM.dir/C_/VSARM/sdk/pico/pico-sdk/lib/tinyusb/src/common/tusb_fifo.c.obj
                0x10006e3a                tu_fifo_full
 .text.tu_fifo_remaining
                0x10006e62       0x2c CMakeFiles/EEPROM.dir/C_/VSARM/sdk/pico/pico-sdk/lib/tinyusb/src/common/tusb_fifo.c.obj
                0x10006e62                tu_fifo_remaining
 .text.tu_fifo_read
                0x10006e8e       0x42 CMakeFiles/EEPROM.dir/C_/VSARM/sdk/pico/pico-sdk/lib/tinyusb/src/common/tusb_fifo.c.obj
                0x10006e8e                tu_fifo_read
 .text.tu_fifo_read_n
                0x10006ed0        0xa CMakeFiles/EEPROM.dir/C_/VSARM/sdk/pico/pico-sdk/lib/tinyusb/src/common/tusb_fifo.c.obj
                0x10006ed0                tu_fifo_read_n
 .text.tu_fifo_write
                0x10006eda       0x64 CMakeFiles/EEPROM.dir/C_/VSARM/sdk/pico/pico-sdk/lib/tinyusb/src/common/tusb_fifo.c.obj
                0x10006eda                tu_fifo_write
 .text.tu_fifo_write_n
                0x10006f3e        0xa CMakeFiles/EEPROM.dir/C_/VSARM/sdk/pico/pico-sdk/lib/tinyusb/src/common/tusb_fifo.c.obj
                0x10006f3e                tu_fifo_write_n
 .text.tu_fifo_clear
                0x10006f48       0x3e CMakeFiles/EEPROM.dir/C_/VSARM/sdk/pico/pico-sdk/lib/tinyusb/src/common/tusb_fifo.c.obj
                0x10006f48                tu_fifo_clear
 .text.tu_fifo_set_overwritable
                0x10006f86       0x46 CMakeFiles/EEPROM.dir/C_/VSARM/sdk/pico/pico-sdk/lib/tinyusb/src/common/tusb_fifo.c.obj
                0x10006f86                tu_fifo_set_overwritable
 .text.i2c_write_blocking_internal
                0x10006fcc      0x146 CMakeFiles/EEPROM.dir/C_/VSARM/sdk/pico/pico-sdk/src/rp2_common/hardware_i2c/i2c.c.obj
 .text.i2c_read_blocking_internal
                0x10007112       0xe6 CMakeFiles/EEPROM.dir/C_/VSARM/sdk/pico/pico-sdk/src/rp2_common/hardware_i2c/i2c.c.obj
 .text.i2c_set_baudrate
                0x100071f8       0xf0 CMakeFiles/EEPROM.dir/C_/VSARM/sdk/pico/pico-sdk/src/rp2_common/hardware_i2c/i2c.c.obj
                0x100071f8                i2c_set_baudrate
 .text.i2c_init
                0x100072e8       0x58 CMakeFiles/EEPROM.dir/C_/VSARM/sdk/pico/pico-sdk/src/rp2_common/hardware_i2c/i2c.c.obj
                0x100072e8                i2c_init
 .text.i2c_write_blocking
                0x10007340       0x18 CMakeFiles/EEPROM.dir/C_/VSARM/sdk/pico/pico-sdk/src/rp2_common/hardware_i2c/i2c.c.obj
                0x10007340                i2c_write_blocking
 .text.i2c_read_blocking
                0x10007358       0x18 CMakeFiles/EEPROM.dir/C_/VSARM/sdk/pico/pico-sdk/src/rp2_common/hardware_i2c/i2c.c.obj
                0x10007358                i2c_read_blocking
 .text.strlen   0x10007370       0x5c c:/vsarm/armcc/125863~1.3re/bin/../lib/gcc/arm-none-eabi/12.3.1/thumb/v6-m/nofp\libg.a(libc_a-strlen-stub.o)
                0x10007370                strlen
 *(.fini)
 .fini          0x100073cc        0x4 c:/vsarm/armcc/125863~1.3re/bin/../lib/gcc/arm-none-eabi/12.3.1/thumb/v6-m/nofp/crti.o
                0x100073cc                _fini
 .fini.__stub   0x100073d0       0xe0 linker stubs
 *crtbegin.o(.ctors)
 *crtbegin?.o(.ctors)
 *(EXCLUDE_FILE(*crtend.o *crtend?.o) .ctors)
 *(SORT_BY_NAME(.ctors.*))
 *(.ctors)
 *crtbegin.o(.dtors)
 *crtbegin?.o(.dtors)
 *(EXCLUDE_FILE(*crtend.o *crtend?.o) .dtors)
 *(SORT_BY_NAME(.dtors.*))
 *(.dtors)
 *(.eh_frame*)
 .eh_frame      0x100074b0        0x0 c:/vsarm/armcc/125863~1.3re/bin/../lib/gcc/arm-none-eabi/12.3.1/thumb/v6-m/nofp/crtbegin.o
                0x100074b0                        . = ALIGN (0x4)

.glue_7         0x100074b0        0x0
 .glue_7        0x100074b0        0x0 linker stubs

.glue_7t        0x100074b0        0x0
 .glue_7t       0x100074b0        0x0 linker stubs

.vfp11_veneer   0x100074b0        0x0
 .vfp11_veneer  0x100074b0        0x0 linker stubs

.v4_bx          0x100074b0        0x0
 .v4_bx         0x100074b0        0x0 linker stubs

.iplt           0x100074b0        0x0
 .iplt          0x100074b0        0x0 c:/vsarm/armcc/125863~1.3re/bin/../lib/gcc/arm-none-eabi/12.3.1/thumb/v6-m/nofp/crtbegin.o

.rodata         0x100074b0     0x15cc
 *(EXCLUDE_FILE(*libm.a: *libc.a:*lib_a-mem*.o *libgcc.a:) .rodata*)
 .rodata.main.str1.4
                0x100074b0       0x5b CMakeFiles/EEPROM.dir/main.c.obj
 *fill*         0x1000750b        0x1 
 .rodata.spin_lock_claim_unused.str1.4
                0x1000750c       0x1b CMakeFiles/EEPROM.dir/C_/VSARM/sdk/pico/pico-sdk/src/rp2_common/hardware_sync/sync.c.obj
 *fill*         0x10007527        0x1 
 .rodata.resolve_branch.str1.4
                0x10007528       0x55 CMakeFiles/EEPROM.dir/C_/VSARM/sdk/pico/pico-sdk/src/rp2_common/hardware_irq/irq.c.obj
 *fill*         0x1000757d        0x3 
 .rodata.make_branch.str1.4
                0x10007580       0x30 CMakeFiles/EEPROM.dir/C_/VSARM/sdk/pico/pico-sdk/src/rp2_common/hardware_irq/irq.c.obj
 .rodata.insert_branch_and_link.str1.4
                0x100075b0       0x10 CMakeFiles/EEPROM.dir/C_/VSARM/sdk/pico/pico-sdk/src/rp2_common/hardware_irq/irq.c.obj
 .rodata.irq_set_exclusive_handler.str1.4
                0x100075c0       0x36 CMakeFiles/EEPROM.dir/C_/VSARM/sdk/pico/pico-sdk/src/rp2_common/hardware_irq/irq.c.obj
 *fill*         0x100075f6        0x2 
 .rodata.irq_add_shared_handler.str1.4
                0x100075f8       0xc2 CMakeFiles/EEPROM.dir/C_/VSARM/sdk/pico/pico-sdk/src/rp2_common/hardware_irq/irq.c.obj
 *fill*         0x100076ba        0x2 
 .rodata.irq_remove_handler.str1.4
                0x100076bc       0x3a CMakeFiles/EEPROM.dir/C_/VSARM/sdk/pico/pico-sdk/src/rp2_common/hardware_irq/irq.c.obj
 *fill*         0x100076f6        0x2 
 .rodata.irq_add_tail_to_free_list.str1.4
                0x100076f8       0x3a CMakeFiles/EEPROM.dir/C_/VSARM/sdk/pico/pico-sdk/src/rp2_common/hardware_irq/irq.c.obj
 *fill*         0x10007732        0x2 
 .rodata.user_irq_claim_unused.str1.4
                0x10007734       0x1b CMakeFiles/EEPROM.dir/C_/VSARM/sdk/pico/pico-sdk/src/rp2_common/hardware_irq/irq.c.obj
 *fill*         0x1000774f        0x1 
 .rodata.__func__.0
                0x10007750       0x1a CMakeFiles/EEPROM.dir/C_/VSARM/sdk/pico/pico-sdk/src/rp2_common/hardware_irq/irq.c.obj
 *fill*         0x1000776a        0x2 
 .rodata.__func__.1
                0x1000776c       0x17 CMakeFiles/EEPROM.dir/C_/VSARM/sdk/pico/pico-sdk/src/rp2_common/hardware_irq/irq.c.obj
 *fill*         0x10007783        0x1 
 .rodata.__func__.2
                0x10007784       0x13 CMakeFiles/EEPROM.dir/C_/VSARM/sdk/pico/pico-sdk/src/rp2_common/hardware_irq/irq.c.obj
 *fill*         0x10007797        0x1 
 .rodata.__func__.3
                0x10007798        0xc CMakeFiles/EEPROM.dir/C_/VSARM/sdk/pico/pico-sdk/src/rp2_common/hardware_irq/irq.c.obj
 .rodata.__func__.4
                0x100077a4        0xf CMakeFiles/EEPROM.dir/C_/VSARM/sdk/pico/pico-sdk/src/rp2_common/hardware_irq/irq.c.obj
 *fill*         0x100077b3        0x1 
 .rodata.__func__.5
                0x100077b4       0x17 CMakeFiles/EEPROM.dir/C_/VSARM/sdk/pico/pico-sdk/src/rp2_common/hardware_irq/irq.c.obj
 *fill*         0x100077cb        0x1 
 .rodata.__func__.6
                0x100077cc       0x1a CMakeFiles/EEPROM.dir/C_/VSARM/sdk/pico/pico-sdk/src/rp2_common/hardware_irq/irq.c.obj
 *fill*         0x100077e6        0x2 
 .rodata.update_us_since_boot.str1.4
                0x100077e8       0x61 CMakeFiles/EEPROM.dir/C_/VSARM/sdk/pico/pico-sdk/src/common/pico_sync/mutex.c.obj
 *fill*         0x10007849        0x3 
 .rodata.str1.4
                0x1000784c       0x89 CMakeFiles/EEPROM.dir/C_/VSARM/sdk/pico/pico-sdk/src/common/pico_sync/mutex.c.obj
 *fill*         0x100078d5        0x3 
 .rodata.__func__.1
                0x100078d8        0xb CMakeFiles/EEPROM.dir/C_/VSARM/sdk/pico/pico-sdk/src/common/pico_sync/mutex.c.obj
 *fill*         0x100078e3        0x1 
 .rodata.__func__.3
                0x100078e4       0x18 CMakeFiles/EEPROM.dir/C_/VSARM/sdk/pico/pico-sdk/src/common/pico_sync/mutex.c.obj
 .rodata.__func__.4
                0x100078fc       0x15 CMakeFiles/EEPROM.dir/C_/VSARM/sdk/pico/pico-sdk/src/common/pico_sync/mutex.c.obj
 *fill*         0x10007911        0x3 
 .rodata.get_entry.str1.4
                0x10007914       0x5b CMakeFiles/EEPROM.dir/C_/VSARM/sdk/pico/pico-sdk/src/common/pico_time/time.c.obj
 .rodata.update_us_since_boot.str1.4
                0x1000796f       0x61 CMakeFiles/EEPROM.dir/C_/VSARM/sdk/pico/pico-sdk/src/common/pico_time/time.c.obj
 *fill*         0x1000796f        0x1 
 .rodata.ph_get_node.str1.4
                0x10007970       0x66 CMakeFiles/EEPROM.dir/C_/VSARM/sdk/pico/pico-sdk/src/common/pico_time/time.c.obj
 *fill*         0x100079d6        0x2 
 .rodata.ph_add_child_node.str1.4
                0x100079d8       0x2e CMakeFiles/EEPROM.dir/C_/VSARM/sdk/pico/pico-sdk/src/common/pico_time/time.c.obj
 *fill*         0x10007a06        0x2 
 .rodata.ph_insert_node.str1.4
                0x10007a08        0x3 CMakeFiles/EEPROM.dir/C_/VSARM/sdk/pico/pico-sdk/src/common/pico_time/time.c.obj
 *fill*         0x10007a0b        0x1 
 .rodata.ph_free_node.str1.4
                0x10007a0c       0x38 CMakeFiles/EEPROM.dir/C_/VSARM/sdk/pico/pico-sdk/src/common/pico_time/time.c.obj
 .rodata.add_alarm_under_lock.str1.4
                0x10007a44       0x28 CMakeFiles/EEPROM.dir/C_/VSARM/sdk/pico/pico-sdk/src/common/pico_time/time.c.obj
 .rodata.alarm_pool_alarm_callback.str1.4
                0x10007a6c       0x60 CMakeFiles/EEPROM.dir/C_/VSARM/sdk/pico/pico-sdk/src/common/pico_time/time.c.obj
 .rodata.alarm_pool_get_default.str1.4
                0x10007acc       0x21 CMakeFiles/EEPROM.dir/C_/VSARM/sdk/pico/pico-sdk/src/common/pico_time/time.c.obj
 *fill*         0x10007aed        0x3 
 .rodata.alarm_pool_cancel_alarm.str1.4
                0x10007af0       0x27 CMakeFiles/EEPROM.dir/C_/VSARM/sdk/pico/pico-sdk/src/common/pico_time/time.c.obj
 *fill*         0x10007b17        0x1 
 .rodata.sleep_until.str1.4
                0x10007b18       0x4d CMakeFiles/EEPROM.dir/C_/VSARM/sdk/pico/pico-sdk/src/common/pico_time/time.c.obj
 *fill*         0x10007b65        0x3 
 .rodata.__func__.1
                0x10007b68       0x18 CMakeFiles/EEPROM.dir/C_/VSARM/sdk/pico/pico-sdk/src/common/pico_time/time.c.obj
 .rodata.__func__.3
                0x10007b80       0x17 CMakeFiles/EEPROM.dir/C_/VSARM/sdk/pico/pico-sdk/src/common/pico_time/time.c.obj
 *fill*         0x10007b97        0x1 
 .rodata.__func__.4
                0x10007b98       0x12 CMakeFiles/EEPROM.dir/C_/VSARM/sdk/pico/pico-sdk/src/common/pico_time/time.c.obj
 *fill*         0x10007baa        0x2 
 .rodata.__func__.5
                0x10007bac        0xd CMakeFiles/EEPROM.dir/C_/VSARM/sdk/pico/pico-sdk/src/common/pico_time/time.c.obj
 *fill*         0x10007bb9        0x3 
 .rodata.__func__.6
                0x10007bbc       0x12 CMakeFiles/EEPROM.dir/C_/VSARM/sdk/pico/pico-sdk/src/common/pico_time/time.c.obj
 *fill*         0x10007bce        0x2 
 .rodata.__func__.7
                0x10007bd0        0xf CMakeFiles/EEPROM.dir/C_/VSARM/sdk/pico/pico-sdk/src/common/pico_time/time.c.obj
 *fill*         0x10007bdf        0x1 
 .rodata.__func__.8
                0x10007be0        0xc CMakeFiles/EEPROM.dir/C_/VSARM/sdk/pico/pico-sdk/src/common/pico_time/time.c.obj
 .rodata.__func__.9
                0x10007bec       0x15 CMakeFiles/EEPROM.dir/C_/VSARM/sdk/pico/pico-sdk/src/common/pico_time/time.c.obj
 *fill*         0x10007c01        0x3 
 .rodata.__func__.10
                0x10007c04       0x15 CMakeFiles/EEPROM.dir/C_/VSARM/sdk/pico/pico-sdk/src/common/pico_time/time.c.obj
 *fill*         0x10007c19        0x3 
 .rodata.__func__.11
                0x10007c1c       0x1a CMakeFiles/EEPROM.dir/C_/VSARM/sdk/pico/pico-sdk/src/common/pico_time/time.c.obj
 *fill*         0x10007c36        0x2 
 .rodata.__func__.12
                0x10007c38        0xa CMakeFiles/EEPROM.dir/C_/VSARM/sdk/pico/pico-sdk/src/common/pico_time/time.c.obj
 *fill*         0x10007c42        0x2 
 .rodata.hardware_alarm_claim.str1.4
                0x10007c44       0x22 CMakeFiles/EEPROM.dir/C_/VSARM/sdk/pico/pico-sdk/src/rp2_common/hardware_timer/timer.c.obj
 *fill*         0x10007c66        0x2 
 .rodata.hardware_alarm_set_target.str1.4
                0x10007c68       0x65 CMakeFiles/EEPROM.dir/C_/VSARM/sdk/pico/pico-sdk/src/rp2_common/hardware_timer/timer.c.obj
 *fill*         0x10007ccd        0x3 
 .rodata.__func__.0
                0x10007cd0       0x1a CMakeFiles/EEPROM.dir/C_/VSARM/sdk/pico/pico-sdk/src/rp2_common/hardware_timer/timer.c.obj
 .rodata.ph_get_node.str1.4
                0x10007cea       0x66 CMakeFiles/EEPROM.dir/C_/VSARM/sdk/pico/pico-sdk/src/common/pico_util/pheap.c.obj
 .rodata.ph_add_child_node.str1.4
                0x10007cea       0x2e CMakeFiles/EEPROM.dir/C_/VSARM/sdk/pico/pico-sdk/src/common/pico_util/pheap.c.obj
 *fill*         0x10007cea        0x2 
 .rodata.ph_remove_any_head.str1.4
                0x10007cec       0x8c CMakeFiles/EEPROM.dir/C_/VSARM/sdk/pico/pico-sdk/src/common/pico_util/pheap.c.obj
                                 0xa0 (size before relaxing)
 .rodata.ph_remove_and_free_node.str1.4
                0x10007d78       0x1e CMakeFiles/EEPROM.dir/C_/VSARM/sdk/pico/pico-sdk/src/common/pico_util/pheap.c.obj
                                 0x26 (size before relaxing)
 *fill*         0x10007d96        0x2 
 .rodata.__func__.0
                0x10007d98       0x18 CMakeFiles/EEPROM.dir/C_/VSARM/sdk/pico/pico-sdk/src/common/pico_util/pheap.c.obj
 .rodata.__func__.1
                0x10007db0       0x13 CMakeFiles/EEPROM.dir/C_/VSARM/sdk/pico/pico-sdk/src/common/pico_util/pheap.c.obj
 *fill*         0x10007dc3        0x1 
 .rodata.__func__.2
                0x10007dc4       0x12 CMakeFiles/EEPROM.dir/C_/VSARM/sdk/pico/pico-sdk/src/common/pico_util/pheap.c.obj
 *fill*         0x10007dd6        0x2 
 .rodata.__func__.3
                0x10007dd8        0xc CMakeFiles/EEPROM.dir/C_/VSARM/sdk/pico/pico-sdk/src/common/pico_util/pheap.c.obj
 .rodata.clock_configure.str1.4
                0x10007de4       0x57 CMakeFiles/EEPROM.dir/C_/VSARM/sdk/pico/pico-sdk/src/rp2_common/hardware_clocks/clocks.c.obj
 *fill*         0x10007e3b        0x1 
 .rodata.__func__.1
                0x10007e3c       0x10 CMakeFiles/EEPROM.dir/C_/VSARM/sdk/pico/pico-sdk/src/rp2_common/hardware_clocks/clocks.c.obj
 .rodata.pll_init.str1.4
                0x10007e4c      0x124 CMakeFiles/EEPROM.dir/C_/VSARM/sdk/pico/pico-sdk/src/rp2_common/hardware_pll/pll.c.obj
 .rodata.__func__.0
                0x10007f70        0x9 CMakeFiles/EEPROM.dir/C_/VSARM/sdk/pico/pico-sdk/src/rp2_common/hardware_pll/pll.c.obj
 *fill*         0x10007f79        0x3 
 .rodata.__assert_func.str1.4
                0x10007f7c       0x3f CMakeFiles/EEPROM.dir/C_/VSARM/sdk/pico/pico-sdk/src/rp2_common/pico_runtime/runtime.c.obj
                                 0x43 (size before relaxing)
 *fill*         0x10007fbb        0x1 
 .rodata.runtime_init.str1.4
                0x10007fbc       0x61 CMakeFiles/EEPROM.dir/C_/VSARM/sdk/pico/pico-sdk/src/rp2_common/pico_runtime/runtime.c.obj
 *fill*         0x1000801d        0x3 
 .rodata.panic.str1.4
                0x10008020       0x10 CMakeFiles/EEPROM.dir/C_/VSARM/sdk/pico/pico-sdk/src/rp2_common/pico_runtime/runtime.c.obj
                                 0x12 (size before relaxing)
 .rodata.__func__.2
                0x10008030        0xd CMakeFiles/EEPROM.dir/C_/VSARM/sdk/pico/pico-sdk/src/rp2_common/pico_runtime/runtime.c.obj
 *fill*         0x1000803d        0x3 
 .rodata._ftoa.str1.4
                0x10008040       0x15 CMakeFiles/EEPROM.dir/C_/VSARM/sdk/pico/pico-sdk/src/rp2_common/pico_printf/printf.c.obj
 *fill*         0x10008055        0x3 
 .rodata._vsnprintf
                0x10008058      0x19c CMakeFiles/EEPROM.dir/C_/VSARM/sdk/pico/pico-sdk/src/rp2_common/pico_printf/printf.c.obj
 *fill*         0x100081f4        0x4 
 .rodata.pow10.0
                0x100081f8       0x50 CMakeFiles/EEPROM.dir/C_/VSARM/sdk/pico/pico-sdk/src/rp2_common/pico_printf/printf.c.obj
 .rodata.__aeabi_double_init.str1.4
                0x10008248       0x9c CMakeFiles/EEPROM.dir/C_/VSARM/sdk/pico/pico-sdk/src/rp2_common/pico_double/double_init_rom.c.obj
 .rodata.__func__.0
                0x100082e4       0x14 CMakeFiles/EEPROM.dir/C_/VSARM/sdk/pico/pico-sdk/src/rp2_common/pico_double/double_init_rom.c.obj
 .rodata.__aeabi_float_init.str1.4
                0x100082f8       0x7a CMakeFiles/EEPROM.dir/C_/VSARM/sdk/pico/pico-sdk/src/rp2_common/pico_float/float_init_rom.c.obj
                                 0x7e (size before relaxing)
 *fill*         0x10008372        0x2 
 .rodata.__func__.0
                0x10008374       0x13 CMakeFiles/EEPROM.dir/C_/VSARM/sdk/pico/pico-sdk/src/rp2_common/pico_float/float_init_rom.c.obj
 *fill*         0x10008387        0x1 
 .rodata.str1.4
                0x10008388       0x3c CMakeFiles/EEPROM.dir/C_/VSARM/sdk/pico/pico-sdk/src/rp2_common/pico_standard_link/binary_info.c.obj
 .rodata.__bi_81
                0x100083c4        0xc CMakeFiles/EEPROM.dir/C_/VSARM/sdk/pico/pico-sdk/src/rp2_common/pico_standard_link/binary_info.c.obj
 .rodata.__bi_75
                0x100083d0        0xc CMakeFiles/EEPROM.dir/C_/VSARM/sdk/pico/pico-sdk/src/rp2_common/pico_standard_link/binary_info.c.obj
 .rodata.__bi_44
                0x100083dc        0xc CMakeFiles/EEPROM.dir/C_/VSARM/sdk/pico/pico-sdk/src/rp2_common/pico_standard_link/binary_info.c.obj
 .rodata.update_us_since_boot.str1.4
                0x100083e8       0x61 CMakeFiles/EEPROM.dir/C_/VSARM/sdk/pico/pico-sdk/src/rp2_common/pico_stdio/stdio.c.obj
 .rodata.crlf_str.2
                0x100083e8        0x2 CMakeFiles/EEPROM.dir/C_/VSARM/sdk/pico/pico-sdk/src/rp2_common/pico_stdio/stdio.c.obj
 *fill*         0x100083ea        0x2 
 .rodata.__func__.3
                0x100083ec       0x15 CMakeFiles/EEPROM.dir/C_/VSARM/sdk/pico/pico-sdk/src/rp2_common/pico_stdio/stdio.c.obj
 *fill*         0x10008401        0x3 
 .rodata._resetd_driver
                0x10008404       0x18 CMakeFiles/EEPROM.dir/C_/VSARM/sdk/pico/pico-sdk/src/rp2_common/pico_stdio_usb/reset_interface.c.obj
 .rodata.update_us_since_boot.str1.4
                0x1000841c       0x61 CMakeFiles/EEPROM.dir/C_/VSARM/sdk/pico/pico-sdk/src/rp2_common/pico_stdio_usb/stdio_usb.c.obj
 .rodata.stdio_usb_init.str1.4
                0x1000841c       0x45 CMakeFiles/EEPROM.dir/C_/VSARM/sdk/pico/pico-sdk/src/rp2_common/pico_stdio_usb/stdio_usb.c.obj
                                 0x4d (size before relaxing)
 *fill*         0x10008461        0x3 
 .rodata.str1.4
                0x10008464       0x13 CMakeFiles/EEPROM.dir/C_/VSARM/sdk/pico/pico-sdk/src/rp2_common/pico_stdio_usb/stdio_usb.c.obj
 *fill*         0x10008477        0x1 
 .rodata.__bi_182.0
                0x10008478        0xc CMakeFiles/EEPROM.dir/C_/VSARM/sdk/pico/pico-sdk/src/rp2_common/pico_stdio_usb/stdio_usb.c.obj
 .rodata.__func__.1
                0x10008484        0xf CMakeFiles/EEPROM.dir/C_/VSARM/sdk/pico/pico-sdk/src/rp2_common/pico_stdio_usb/stdio_usb.c.obj
 *fill*         0x10008493        0x1 
 .rodata.__func__.3
                0x10008494       0x15 CMakeFiles/EEPROM.dir/C_/VSARM/sdk/pico/pico-sdk/src/rp2_common/pico_stdio_usb/stdio_usb.c.obj
 *fill*         0x100084a9        0x3 
 .rodata.str1.4
                0x100084ac       0x2a CMakeFiles/EEPROM.dir/C_/VSARM/sdk/pico/pico-sdk/src/rp2_common/pico_stdio_usb/stdio_usb_descriptors.c.obj
 *fill*         0x100084d6        0x2 
 .rodata.usbd_desc_str
                0x100084d8       0x18 CMakeFiles/EEPROM.dir/C_/VSARM/sdk/pico/pico-sdk/src/rp2_common/pico_stdio_usb/stdio_usb_descriptors.c.obj
 .rodata.usbd_desc_cfg
                0x100084f0       0x54 CMakeFiles/EEPROM.dir/C_/VSARM/sdk/pico/pico-sdk/src/rp2_common/pico_stdio_usb/stdio_usb_descriptors.c.obj
 .rodata.usbd_desc_device
                0x10008544       0x12 CMakeFiles/EEPROM.dir/C_/VSARM/sdk/pico/pico-sdk/src/rp2_common/pico_stdio_usb/stdio_usb_descriptors.c.obj
 *fill*         0x10008556        0x2 
 .rodata.pico_get_unique_board_id_string.str1.4
                0x10008558       0x4d CMakeFiles/EEPROM.dir/C_/VSARM/sdk/pico/pico-sdk/src/rp2_common/pico_unique_id/unique_id.c.obj
 *fill*         0x100085a5        0x3 
 .rodata.__func__.0
                0x100085a8       0x20 CMakeFiles/EEPROM.dir/C_/VSARM/sdk/pico/pico-sdk/src/rp2_common/pico_unique_id/unique_id.c.obj
 .rodata.str1.4
                0x100085c8      0x15a CMakeFiles/EEPROM.dir/C_/VSARM/sdk/pico/pico-sdk/src/rp2_common/hardware_flash/flash.c.obj
 *fill*         0x10008722        0x2 
 .rodata.__func__.0
                0x10008724        0xd CMakeFiles/EEPROM.dir/C_/VSARM/sdk/pico/pico-sdk/src/rp2_common/hardware_flash/flash.c.obj
 *fill*         0x10008731        0x3 
 .rodata._hw_endpoint_alloc.str1.4
                0x10008734       0xb5 CMakeFiles/EEPROM.dir/C_/VSARM/sdk/pico/pico-sdk/lib/tinyusb/src/portable/raspberrypi/rp2040/dcd_rp2040.c.obj
 *fill*         0x100087e9        0x3 
 .rodata.str1.4
                0x100087ec       0x14 CMakeFiles/EEPROM.dir/C_/VSARM/sdk/pico/pico-sdk/lib/tinyusb/src/portable/raspberrypi/rp2040/dcd_rp2040.c.obj
 .rodata.dcd_int_enable.str1.4
                0x10008800        0xc CMakeFiles/EEPROM.dir/C_/VSARM/sdk/pico/pico-sdk/lib/tinyusb/src/portable/raspberrypi/rp2040/dcd_rp2040.c.obj
 .rodata.__func__.0
                0x1000880c        0xe CMakeFiles/EEPROM.dir/C_/VSARM/sdk/pico/pico-sdk/lib/tinyusb/src/portable/raspberrypi/rp2040/dcd_rp2040.c.obj
 *fill*         0x1000881a        0x2 
 .rodata.__func__.1
                0x1000881c        0xe CMakeFiles/EEPROM.dir/C_/VSARM/sdk/pico/pico-sdk/lib/tinyusb/src/portable/raspberrypi/rp2040/dcd_rp2040.c.obj
 *fill*         0x1000882a        0x2 
 .rodata.__func__.3
                0x1000882c       0x10 CMakeFiles/EEPROM.dir/C_/VSARM/sdk/pico/pico-sdk/lib/tinyusb/src/portable/raspberrypi/rp2040/dcd_rp2040.c.obj
 .rodata.__func__.5
                0x1000883c        0xf CMakeFiles/EEPROM.dir/C_/VSARM/sdk/pico/pico-sdk/lib/tinyusb/src/portable/raspberrypi/rp2040/dcd_rp2040.c.obj
 *fill*         0x1000884b        0x1 
 .rodata.__func__.6
                0x1000884c       0x13 CMakeFiles/EEPROM.dir/C_/VSARM/sdk/pico/pico-sdk/lib/tinyusb/src/portable/raspberrypi/rp2040/dcd_rp2040.c.obj
 *fill*         0x1000885f        0x1 
 .rodata.__func__.7
                0x10008860        0x9 CMakeFiles/EEPROM.dir/C_/VSARM/sdk/pico/pico-sdk/lib/tinyusb/src/portable/raspberrypi/rp2040/dcd_rp2040.c.obj
 *fill*         0x10008869        0x3 
 .rodata.str1.4
                0x1000886c       0xe7 CMakeFiles/EEPROM.dir/C_/VSARM/sdk/pico/pico-sdk/lib/tinyusb/src/portable/raspberrypi/rp2040/rp2040_usb.c.obj
 *fill*         0x10008953        0x1 
 .rodata.__func__.0
                0x10008954        0xf CMakeFiles/EEPROM.dir/C_/VSARM/sdk/pico/pico-sdk/lib/tinyusb/src/portable/raspberrypi/rp2040/rp2040_usb.c.obj
 *fill*         0x10008963        0x1 
 .rodata.process_get_descriptor
                0x10008964       0x40 CMakeFiles/EEPROM.dir/C_/VSARM/sdk/pico/pico-sdk/lib/tinyusb/src/device/usbd.c.obj
 .rodata.process_control_request
                0x100089a4       0x28 CMakeFiles/EEPROM.dir/C_/VSARM/sdk/pico/pico-sdk/lib/tinyusb/src/device/usbd.c.obj
 .rodata.tud_task_ext
                0x100089cc       0x24 CMakeFiles/EEPROM.dir/C_/VSARM/sdk/pico/pico-sdk/lib/tinyusb/src/device/usbd.c.obj
 .rodata._usbd_driver
                0x100089f0       0x18 CMakeFiles/EEPROM.dir/C_/VSARM/sdk/pico/pico-sdk/lib/tinyusb/src/device/usbd.c.obj
 .rodata.i2c_set_baudrate.str1.4
                0x10008a08       0x5d CMakeFiles/EEPROM.dir/C_/VSARM/sdk/pico/pico-sdk/src/rp2_common/hardware_i2c/i2c.c.obj
 *fill*         0x10008a65        0x3 
 .rodata.__func__.0
                0x10008a68       0x11 CMakeFiles/EEPROM.dir/C_/VSARM/sdk/pico/pico-sdk/src/rp2_common/hardware_i2c/i2c.c.obj
                0x10008a7c                        . = ALIGN (0x4)
 *fill*         0x10008a79        0x3 
 *(SORT_BY_ALIGNMENT(SORT_BY_NAME(.flashdata*)))
                0x10008a7c                        . = ALIGN (0x4)

.ARM.extab
 *(.ARM.extab* .gnu.linkonce.armextab.*)
                0x10008a7c                        __exidx_start = .

.ARM.exidx
 *(.ARM.exidx* .gnu.linkonce.armexidx.*)
                0x10008a7c                        __exidx_end = .
                0x10008a7c                        . = ALIGN (0x4)
                0x10008a7c                        __binary_info_start = .

.binary_info    0x10008a7c       0x20
 *(.binary_info.keep.*)
 .binary_info.keep.__bi_ptr81
                0x10008a7c        0x4 CMakeFiles/EEPROM.dir/C_/VSARM/sdk/pico/pico-sdk/src/rp2_common/pico_standard_link/binary_info.c.obj
 .binary_info.keep.__bi_ptr75
                0x10008a80        0x4 CMakeFiles/EEPROM.dir/C_/VSARM/sdk/pico/pico-sdk/src/rp2_common/pico_standard_link/binary_info.c.obj
 .binary_info.keep.__bi_ptr50
                0x10008a84        0x4 CMakeFiles/EEPROM.dir/C_/VSARM/sdk/pico/pico-sdk/src/rp2_common/pico_standard_link/binary_info.c.obj
 .binary_info.keep.__bi_ptr44
                0x10008a88        0x4 CMakeFiles/EEPROM.dir/C_/VSARM/sdk/pico/pico-sdk/src/rp2_common/pico_standard_link/binary_info.c.obj
 .binary_info.keep.__bi_ptr38
                0x10008a8c        0x4 CMakeFiles/EEPROM.dir/C_/VSARM/sdk/pico/pico-sdk/src/rp2_common/pico_standard_link/binary_info.c.obj
 .binary_info.keep.__bi_ptr30
                0x10008a90        0x4 CMakeFiles/EEPROM.dir/C_/VSARM/sdk/pico/pico-sdk/src/rp2_common/pico_standard_link/binary_info.c.obj
 .binary_info.keep.__bi_ptr22
                0x10008a94        0x4 CMakeFiles/EEPROM.dir/C_/VSARM/sdk/pico/pico-sdk/src/rp2_common/pico_standard_link/binary_info.c.obj
 *(.binary_info.*)
 .binary_info.__bi_ptr182
                0x10008a98        0x4 CMakeFiles/EEPROM.dir/C_/VSARM/sdk/pico/pico-sdk/src/rp2_common/pico_stdio_usb/stdio_usb.c.obj
                0x10008a9c                        __binary_info_end = .

.rel.dyn        0x10008a9c        0x0
 .rel.iplt      0x10008a9c        0x0 c:/vsarm/armcc/125863~1.3re/bin/../lib/gcc/arm-none-eabi/12.3.1/thumb/v6-m/nofp/crtbegin.o
                0x10008a9c                        . = ALIGN (0x4)

.ram_vector_table
                0x20000000       0xc0
 *(.ram_vector_table)
 .ram_vector_table
                0x20000000       0xc0 CMakeFiles/EEPROM.dir/C_/VSARM/sdk/pico/pico-sdk/src/rp2_common/pico_runtime/runtime.c.obj
                0x20000000                ram_vector_table

.data           0x200000c0      0xb38 load address 0x10008a9c
                0x200000c0                        __data_start__ = .
 *(vtable)
 *(.time_critical*)
 .time_critical.mutex_try_enter
                0x200000c0       0x46 CMakeFiles/EEPROM.dir/C_/VSARM/sdk/pico/pico-sdk/src/common/pico_sync/mutex.c.obj
                0x200000c0                mutex_try_enter
 *fill*         0x20000106        0x2 
 .time_critical.mutex_enter_block_until
                0x20000108       0x8c CMakeFiles/EEPROM.dir/C_/VSARM/sdk/pico/pico-sdk/src/common/pico_sync/mutex.c.obj
                0x20000108                mutex_enter_block_until
 .time_critical.mutex_try_enter_block_until
                0x20000194       0x34 CMakeFiles/EEPROM.dir/C_/VSARM/sdk/pico/pico-sdk/src/common/pico_sync/mutex.c.obj
                0x20000194                mutex_try_enter_block_until
 .time_critical.mutex_enter_timeout_ms
                0x200001c8       0x1a CMakeFiles/EEPROM.dir/C_/VSARM/sdk/pico/pico-sdk/src/common/pico_sync/mutex.c.obj
                0x200001c8                mutex_enter_timeout_ms
 *fill*         0x200001e2        0x2 
 .time_critical.mutex_exit
                0x200001e4       0x4c CMakeFiles/EEPROM.dir/C_/VSARM/sdk/pico/pico-sdk/src/common/pico_sync/mutex.c.obj
                0x200001e4                mutex_exit
 .time_critical.flash_init_boot2_copyout
                0x20000230       0x30 CMakeFiles/EEPROM.dir/C_/VSARM/sdk/pico/pico-sdk/src/rp2_common/hardware_flash/flash.c.obj
 .time_critical.flash_enable_xip_via_boot2
                0x20000260        0xc CMakeFiles/EEPROM.dir/C_/VSARM/sdk/pico/pico-sdk/src/rp2_common/hardware_flash/flash.c.obj
 .time_critical.flash_cs_force
                0x2000026c       0x28 CMakeFiles/EEPROM.dir/C_/VSARM/sdk/pico/pico-sdk/src/rp2_common/hardware_flash/flash.c.obj
 .time_critical.flash_do_cmd
                0x20000294       0xd8 CMakeFiles/EEPROM.dir/C_/VSARM/sdk/pico/pico-sdk/src/rp2_common/hardware_flash/flash.c.obj
                0x20000294                flash_do_cmd
 .time_critical.reset_non_control_endpoints
                0x2000036c       0x40 CMakeFiles/EEPROM.dir/C_/VSARM/sdk/pico/pico-sdk/lib/tinyusb/src/portable/raspberrypi/rp2040/dcd_rp2040.c.obj
 .time_critical.hw_handle_buff_status
                0x200003ac       0xa4 CMakeFiles/EEPROM.dir/C_/VSARM/sdk/pico/pico-sdk/lib/tinyusb/src/portable/raspberrypi/rp2040/dcd_rp2040.c.obj
 .time_critical.dcd_rp2040_irq
                0x20000450      0x1b8 CMakeFiles/EEPROM.dir/C_/VSARM/sdk/pico/pico-sdk/lib/tinyusb/src/portable/raspberrypi/rp2040/dcd_rp2040.c.obj
 .time_critical.e15_is_bulkin_ep
                0x20000608       0x2c CMakeFiles/EEPROM.dir/C_/VSARM/sdk/pico/pico-sdk/lib/tinyusb/src/portable/raspberrypi/rp2040/rp2040_usb.c.obj
 .time_critical.e15_is_critical_frame_period
                0x20000634       0x30 CMakeFiles/EEPROM.dir/C_/VSARM/sdk/pico/pico-sdk/lib/tinyusb/src/portable/raspberrypi/rp2040/rp2040_usb.c.obj
 .time_critical.prepare_ep_buffer
                0x20000664       0x6c CMakeFiles/EEPROM.dir/C_/VSARM/sdk/pico/pico-sdk/lib/tinyusb/src/portable/raspberrypi/rp2040/rp2040_usb.c.obj
 .time_critical.sync_ep_buffer
                0x200006d0       0x7c CMakeFiles/EEPROM.dir/C_/VSARM/sdk/pico/pico-sdk/lib/tinyusb/src/portable/raspberrypi/rp2040/rp2040_usb.c.obj
 .time_critical._hw_endpoint_xfer_sync
                0x2000074c       0x28 CMakeFiles/EEPROM.dir/C_/VSARM/sdk/pico/pico-sdk/lib/tinyusb/src/portable/raspberrypi/rp2040/rp2040_usb.c.obj
 .time_critical.hw_endpoint_reset_transfer
                0x20000774        0xc CMakeFiles/EEPROM.dir/C_/VSARM/sdk/pico/pico-sdk/lib/tinyusb/src/portable/raspberrypi/rp2040/rp2040_usb.c.obj
                0x20000774                hw_endpoint_reset_transfer
 .time_critical._hw_endpoint_buffer_control_update32
                0x20000780       0x58 CMakeFiles/EEPROM.dir/C_/VSARM/sdk/pico/pico-sdk/lib/tinyusb/src/portable/raspberrypi/rp2040/rp2040_usb.c.obj
                0x20000780                _hw_endpoint_buffer_control_update32
 .time_critical.hw_endpoint_start_next_buffer
                0x200007d8       0x7c CMakeFiles/EEPROM.dir/C_/VSARM/sdk/pico/pico-sdk/lib/tinyusb/src/portable/raspberrypi/rp2040/rp2040_usb.c.obj
                0x200007d8                hw_endpoint_start_next_buffer
 .time_critical.hw_endpoint_xfer_continue
                0x20000854       0x50 CMakeFiles/EEPROM.dir/C_/VSARM/sdk/pico/pico-sdk/lib/tinyusb/src/portable/raspberrypi/rp2040/rp2040_usb.c.obj
                0x20000854                hw_endpoint_xfer_continue
 .time_critical.tinyusb
                0x200008a4      0x1ac CMakeFiles/EEPROM.dir/C_/VSARM/sdk/pico/pico-sdk/lib/tinyusb/src/device/usbd.c.obj
                0x200008a4                dcd_event_handler
 *(.text*)
 .text          0x20000a50        0x4 c:/vsarm/armcc/125863~1.3re/bin/../lib/gcc/arm-none-eabi/12.3.1/thumb/v6-m/nofp\libgcc.a(_dvmd_tls.o)
                0x20000a50                __aeabi_idiv0
                0x20000a50                __aeabi_ldiv0
 *fill*         0x20000a54        0x4 
 .text.__stub   0x20000a58       0xa0 linker stubs
                0x20000af8                        . = ALIGN (0x4)
 *(.rodata*)
                0x20000af8                        . = ALIGN (0x4)
 *(.data*)
 .data.striped_spin_lock_num
                0x20000af8        0x1 CMakeFiles/EEPROM.dir/C_/VSARM/sdk/pico/pico-sdk/src/rp2_common/hardware_sync/sync.c.obj
 *fill*         0x20000af9        0x3 
 .data          0x20000afc       0x48 CMakeFiles/EEPROM.dir/C_/VSARM/sdk/pico/pico-sdk/src/rp2_common/hardware_irq/irq_handler_chain.S.obj
                0x20000afc                irq_handler_chain_slots
                0x20000b2c                irq_handler_chain_first_slot
                0x20000b36                irq_handler_chain_remove_tail
 .data.default_alarm_pool
                0x20000b44       0x18 CMakeFiles/EEPROM.dir/C_/VSARM/sdk/pico/pico-sdk/src/common/pico_time/time.c.obj
 .data.default_alarm_pool_heap
                0x20000b5c       0x10 CMakeFiles/EEPROM.dir/C_/VSARM/sdk/pico/pico-sdk/src/common/pico_time/time.c.obj
 *fill*         0x20000b6c        0x4 
 .data.aeabi_bits_funcs
                0x20000b70       0x10 CMakeFiles/EEPROM.dir/C_/VSARM/sdk/pico/pico-sdk/src/rp2_common/pico_bit_ops/bit_ops_aeabi.S.obj
                0x20000b70                aeabi_bits_funcs
                0x20000b80                aeabi_bits_funcs_end
 .data.aeabi_mem_funcs
                0x20000b80       0x10 CMakeFiles/EEPROM.dir/C_/VSARM/sdk/pico/pico-sdk/src/rp2_common/pico_mem_ops/mem_ops_aeabi.S.obj
                0x20000b80                aeabi_mem_funcs
                0x20000b90                aeabi_mem_funcs_end
 .data.stdio_usb
                0x20000b90       0x18 CMakeFiles/EEPROM.dir/C_/VSARM/sdk/pico/pico-sdk/src/rp2_common/pico_stdio_usb/stdio_usb.c.obj
                0x20000b90                stdio_usb
 .data.ep_dir_string
                0x20000ba8        0x8 CMakeFiles/EEPROM.dir/C_/VSARM/sdk/pico/pico-sdk/lib/tinyusb/src/portable/raspberrypi/rp2040/rp2040_usb.c.obj
                0x20000ba8                ep_dir_string
 .data._usbd_qdef
                0x20000bb0       0x1c CMakeFiles/EEPROM.dir/C_/VSARM/sdk/pico/pico-sdk/lib/tinyusb/src/device/usbd.c.obj
                0x20000bb0                _usbd_qdef
 .data._usbd_rhport
                0x20000bcc        0x1 CMakeFiles/EEPROM.dir/C_/VSARM/sdk/pico/pico-sdk/lib/tinyusb/src/device/usbd.c.obj
 *fill*         0x20000bcd        0x3 
 .data.i2c0_inst
                0x20000bd0        0x8 CMakeFiles/EEPROM.dir/C_/VSARM/sdk/pico/pico-sdk/src/rp2_common/hardware_i2c/i2c.c.obj
                0x20000bd0                i2c0_inst
                0x20000bd8                        . = ALIGN (0x4)
 *(.after_data.*)
                0x20000bd8                        . = ALIGN (0x4)
                0x20000bd8                        PROVIDE (__mutex_array_start = .)
 *(SORT_BY_NAME(.mutex_array.*))
 *(.mutex_array)
 .mutex_array   0x20000bd8        0x8 CMakeFiles/EEPROM.dir/C_/VSARM/sdk/pico/pico-sdk/src/rp2_common/pico_stdio/stdio.c.obj
                0x20000be0                        PROVIDE (__mutex_array_end = .)
                0x20000be0                        . = ALIGN (0x4)
                0x20000be0                        PROVIDE (__preinit_array_start = .)
 *(SORT_BY_NAME(.preinit_array.*))
 .preinit_array.00001